<html>
<body>
<pre>
<h1>µVision Build Log</h1>
<h2>Tool Versions:</h2>
IDE-Version: ¦ÌVision V5.14.0.0
Copyright (C) 2015 ARM Ltd and ARM Germany GmbH. All rights reserved.
License Information: C C, BUPT, LIC=50D74-FUPBA-QIX5M-XU47Q-A7NGY-R5RVS
 
Tool Versions:
Toolchain:       MDK-ARM Professional  Version: 5.14.0.0
Toolchain Path:  F:\keil\ARM\ARMCC\Bin
C Compiler:      Armcc.exe V5.05 update 1 (build 106)
Assembler:       Armasm.exe V5.05 update 1 (build 106)
Linker/Locator:  ArmLink.exe V5.05 update 1 (build 106)
Library Manager: ArmAr.exe V5.05 update 1 (build 106)
Hex Converter:   FromElf.exe V5.05 update 1 (build 106)
CPU DLL:         SARMCM3.DLL V5.14.0.0
Dialog DLL:      DCM.DLL V1.13.1.0
Target DLL:      Segger\JL2CM3.dll V2.99.13.0
Dialog DLL:      TCM.DLL V1.14.4.0
 
<h2>Project:</h2>
E:\robocon\2016\Control\git\robo_a\USER\robo_a.uvprojx
Project File Date:  05/01/2016

<h2>Output:</h2>
Build target 'robo_a'
compiling automove.c...
compiling auto_control.c...
compiling main.c...
main.c(54): warning:  #111-D: statement is unreachable
        return 0;
main.c: 1 warning, 0 errors
compiling stm32f4xx_it.c...
compiling interpreter.c...
compiling movement.c...
compiling three_wheel.c...
compiling encoder.c...
compiling switch.c...
compiling fan.c...
compiling brake.c...
compiling four_wheel.c...
compiling suart.c...
compiling database.c...
compiling dma.c...
compiling mti.c...
compiling mpu6050.c...
compiling pid.c...
compiling us100.c...
linking...
Program Size: Code=45576 RO-data=1520 RW-data=696 ZI-data=98864  
FromELF: creating hex file...
"..\OBJ\robo_a.axf" - 0 Error(s), 1 Warning(s).

<h2>Collection of Component include folders:</h2>
  E:\robocon\2016\Control\git\robo_a\USER\RTE
  F:\keil\ARM\PACK\Keil\STM32F4xx_DFP\1.0.8\Device\Include

<h2>Collection of Component Files used:</h2>
</pre>
</body>
</html>
