Component: ARM Compiler 5.05 update 1 (build 106) Tool: armlink [4d0efa]

==============================================================================

Section Cross References

    automove.o(.text) refers to _printf_percent.o(.ARM.Collect$$_printf_percent$$00000000) for _printf_percent
    automove.o(.text) refers to _printf_f.o(.ARM.Collect$$_printf_percent$$00000003) for _printf_f
    automove.o(.text) refers to printf1.o(x$fpl$printf1) for _printf_fp_dec
    automove.o(.text) refers to _printf_d.o(.ARM.Collect$$_printf_percent$$00000009) for _printf_d
    automove.o(.text) refers to _printf_dec.o(.text) for _printf_int_dec
    automove.o(.text) refers to pid.o(.text) for pid_realize
    automove.o(.text) refers to f2d.o(x$fpl$f2d) for __aeabi_f2d
    automove.o(.text) refers to __2printf.o(.text) for __2printf
    automove.o(.text) refers to powf.o(i.__hardfp_powf) for __hardfp_powf
    automove.o(.text) refers to sqrtf.o(i.__hardfp_sqrtf) for __hardfp_sqrtf
    automove.o(.text) refers to cosf.o(i.__hardfp_cosf) for __hardfp_cosf
    automove.o(.text) refers to sinf.o(i.__hardfp_sinf) for __hardfp_sinf
    automove.o(.text) refers to usart.o(.text) for uprintf
    automove.o(.text) refers to four_wheel.o(.data) for arg_speeds
    automove.o(.text) refers to automove.o(.bss) for pr
    automove.o(.text) refers to mti.o(.text) for get_mti_value
    automove.o(.text) refers to encoder.o(.text) for get_pos_x
    automove.o(.text) refers to stm32f4xx_rcc.o(.text) for RCC_APB2PeriphClockCmd
    automove.o(.text) refers to stm32f4xx_tim.o(.text) for TIM_TimeBaseInit
    automove.o(.text) refers to misc.o(.text) for NVIC_Init
    automove.o(.text) refers to automove.o(.data) for gps_dest_x
    auto_control.o(.text) refers to fan.o(.text) for start_fan
    auto_control.o(.text) refers to clock.o(i.delay_ms) for delay_ms
    auto_control.o(.text) refers to whiteline.o(.text) for wl_run
    auto_control.o(.text) refers to automove.o(.text) for get_gps_rad
    auto_control.o(.text) refers to fan.o(i.stop_fan) for stop_fan
    auto_control.o(.text) refers to pwm.o(.text) for set_duty
    auto_control.o(.text) refers to __2printf.o(.text) for __2printf
    auto_control.o(.text) refers to movement.o(.text) for stop_all
    auto_control.o(.text) refers to interpreter.o(.text) for check_cmd
    auto_control.o(.text) refers to stm32f4xx_rcc.o(.text) for RCC_APB1PeriphClockCmd
    auto_control.o(.text) refers to stm32f4xx_tim.o(.text) for TIM_TimeBaseInit
    auto_control.o(.text) refers to misc.o(.text) for NVIC_Init
    auto_control.o(.text) refers to automove.o(.data) for automove_flag
    auto_control.o(.text) refers to auto_control.o(.data) for auto_flag
    auto_control.o(.data) refers to auto_control.o(.text) for start_fan_1
    main.o(.text) refers to clock.o(.text) for system_clk_set
    main.o(.text) refers to misc.o(.text) for NVIC_PriorityGroupConfig
    main.o(.text) refers to interpreter.o(.text) for interpreter_config
    main.o(.text) refers to usart.o(.text) for uart_config
    main.o(.text) refers to spi.o(.text) for spi_config
    main.o(.text) refers to suart.o(.text) for suart_config
    main.o(.text) refers to brake.o(.text) for brake_config
    main.o(.text) refers to encoder.o(.text) for encoder_config
    main.o(.text) refers to switch.o(.text) for switch_config
    main.o(.text) refers to push_rod.o(.text) for push_rod_config
    main.o(.text) refers to pwm.o(.text) for pwm_config
    main.o(.text) refers to automove.o(.text) for automove_config
    main.o(.text) refers to auto_control.o(.text) for auto_control
    main.o(.text) refers to __2printf.o(.text) for __2printf
    stm32f4xx_it.o(.text) refers to stm32f4xx_spi.o(.text) for SPI_I2S_ClearITPendingBit
    stm32f4xx_it.o(.text) refers to stm32f4xx_usart.o(.text) for USART_GetITStatus
    stm32f4xx_it.o(.text) refers to utils.o(.text) for in_char_queue
    stm32f4xx_it.o(.text) refers to mti.o(.text) for mti
    stm32f4xx_it.o(.text) refers to database.o(.text) for db_queue_exec
    stm32f4xx_it.o(.text) refers to stm32f4xx_tim.o(.text) for TIM_GetITStatus
    stm32f4xx_it.o(.text) refers to automove.o(.text) for automove_daemon
    stm32f4xx_it.o(.text) refers to interpreter.o(.text) for check_cmd
    stm32f4xx_it.o(.text) refers to encoder.o(.text) for get_pos_fan
    stm32f4xx_it.o(.text) refers to fan.o(.text) for fan_up
    stm32f4xx_it.o(.text) refers to stm32f4xx_gpio.o(.text) for GPIO_WriteBit
    stm32f4xx_it.o(.text) refers to suart.o(.text) for suart_check
    stm32f4xx_it.o(.text) refers to stm32f4xx_dma.o(.text) for DMA_GetITStatus
    stm32f4xx_it.o(.text) refers to interpreter.o(.bss) for cmd_queue
    stm32f4xx_it.o(.text) refers to stm32f4xx_it.o(.data) for mti_count
    stm32f4xx_it.o(.text) refers to mti.o(.data) for mti_angle_new
    stm32f4xx_it.o(.text) refers to mti.o(.constdata) for mti_flag
    stm32f4xx_it.o(.text) refers to database.o(.bss) for db_cmd_queue
[...]
    SDIO_IRQHandler                          0x08005023   Thumb Code     0  startup_stm32f40_41xxx.o(.text)
    SPI1_IRQHandler                          0x08005023   Thumb Code     0  startup_stm32f40_41xxx.o(.text)
    SPI3_IRQHandler                          0x08005023   Thumb Code     0  startup_stm32f40_41xxx.o(.text)
    TAMP_STAMP_IRQHandler                    0x08005023   Thumb Code     0  startup_stm32f40_41xxx.o(.text)
    TIM1_BRK_TIM9_IRQHandler                 0x08005023   Thumb Code     0  startup_stm32f40_41xxx.o(.text)
    TIM1_CC_IRQHandler                       0x08005023   Thumb Code     0  startup_stm32f40_41xxx.o(.text)
    TIM2_IRQHandler                          0x08005023   Thumb Code     0  startup_stm32f40_41xxx.o(.text)
    TIM3_IRQHandler                          0x08005023   Thumb Code     0  startup_stm32f40_41xxx.o(.text)
    TIM4_IRQHandler                          0x08005023   Thumb Code     0  startup_stm32f40_41xxx.o(.text)
    TIM5_IRQHandler                          0x08005023   Thumb Code     0  startup_stm32f40_41xxx.o(.text)
    TIM8_BRK_TIM12_IRQHandler                0x08005023   Thumb Code     0  startup_stm32f40_41xxx.o(.text)
    TIM8_CC_IRQHandler                       0x08005023   Thumb Code     0  startup_stm32f40_41xxx.o(.text)
    USART6_IRQHandler                        0x08005023   Thumb Code     0  startup_stm32f40_41xxx.o(.text)
    WWDG_IRQHandler                          0x08005023   Thumb Code     0  startup_stm32f40_41xxx.o(.text)
    __user_initial_stackheap                 0x08005025   Thumb Code     0  startup_stm32f40_41xxx.o(.text)
    spi_wr                                   0x08005049   Thumb Code    70  spi.o(.text)
    spi_config                               0x0800508f   Thumb Code   284  spi.o(.text)
    flread                                   0x080051b9   Thumb Code     6  flash.o(.text)
    flash_get_sector                         0x080051bf   Thumb Code   116  flash.o(.text)
    flerase                                  0x08005233   Thumb Code    62  flash.o(.text)
    flwriten                                 0x08005271   Thumb Code    86  flash.o(.text)
    flreadn                                  0x080052c7   Thumb Code    32  flash.o(.text)
    NVIC_PriorityGroupConfig                 0x08005319   Thumb Code    10  misc.o(.text)
    NVIC_Init                                0x08005323   Thumb Code   106  misc.o(.text)
    NVIC_SetVectorTable                      0x0800538d   Thumb Code    14  misc.o(.text)
    NVIC_SystemLPConfig                      0x0800539b   Thumb Code    34  misc.o(.text)
    SysTick_CLKSourceConfig                  0x080053bd   Thumb Code    40  misc.o(.text)
    DMA_DeInit                               0x080053f9   Thumb Code   324  stm32f4xx_dma.o(.text)
    DMA_Init                                 0x0800553d   Thumb Code    82  stm32f4xx_dma.o(.text)
    DMA_StructInit                           0x0800558f   Thumb Code    34  stm32f4xx_dma.o(.text)
    DMA_Cmd                                  0x080055b1   Thumb Code    22  stm32f4xx_dma.o(.text)
    DMA_PeriphIncOffsetSizeConfig            0x080055c7   Thumb Code    22  stm32f4xx_dma.o(.text)
    DMA_FlowControllerConfig                 0x080055dd   Thumb Code    22  stm32f4xx_dma.o(.text)
    DMA_SetCurrDataCounter                   0x080055f3   Thumb Code     4  stm32f4xx_dma.o(.text)
    DMA_GetCurrDataCounter                   0x080055f7   Thumb Code     8  stm32f4xx_dma.o(.text)
    DMA_DoubleBufferModeConfig               0x080055ff   Thumb Code    24  stm32f4xx_dma.o(.text)
    DMA_DoubleBufferModeCmd                  0x08005617   Thumb Code    22  stm32f4xx_dma.o(.text)
    DMA_MemoryTargetConfig                   0x0800562d   Thumb Code    10  stm32f4xx_dma.o(.text)
    DMA_GetCurrentMemoryTarget               0x08005637   Thumb Code    20  stm32f4xx_dma.o(.text)
    DMA_GetCmdStatus                         0x0800564b   Thumb Code    20  stm32f4xx_dma.o(.text)
    DMA_GetFIFOStatus                        0x0800565f   Thumb Code    12  stm32f4xx_dma.o(.text)
    DMA_GetFlagStatus                        0x0800566b   Thumb Code    56  stm32f4xx_dma.o(.text)
    DMA_ClearFlag                            0x080056a3   Thumb Code    40  stm32f4xx_dma.o(.text)
    DMA_ITConfig                             0x080056cb   Thumb Code    58  stm32f4xx_dma.o(.text)
    DMA_GetITStatus                          0x08005705   Thumb Code    84  stm32f4xx_dma.o(.text)
    DMA_ClearITPendingBit                    0x08005759   Thumb Code    40  stm32f4xx_dma.o(.text)
    EXTI_DeInit                              0x080057a1   Thumb Code    28  stm32f4xx_exti.o(.text)
    EXTI_Init                                0x080057bd   Thumb Code   142  stm32f4xx_exti.o(.text)
    EXTI_StructInit                          0x0800584b   Thumb Code    16  stm32f4xx_exti.o(.text)
    EXTI_GenerateSWInterrupt                 0x0800585b   Thumb Code    16  stm32f4xx_exti.o(.text)
    EXTI_GetFlagStatus                       0x0800586b   Thumb Code    22  stm32f4xx_exti.o(.text)
    EXTI_ClearFlag                           0x08005881   Thumb Code     8  stm32f4xx_exti.o(.text)
    EXTI_GetITStatus                         0x08005889   Thumb Code    22  stm32f4xx_exti.o(.text)
    EXTI_ClearITPendingBit                   0x0800589f   Thumb Code     8  stm32f4xx_exti.o(.text)
    FLASH_SetLatency                         0x080058b1   Thumb Code     6  stm32f4xx_flash.o(.text)
    FLASH_PrefetchBufferCmd                  0x080058b7   Thumb Code    30  stm32f4xx_flash.o(.text)
    FLASH_InstructionCacheCmd                0x080058d5   Thumb Code    30  stm32f4xx_flash.o(.text)
    FLASH_DataCacheCmd                       0x080058f3   Thumb Code    30  stm32f4xx_flash.o(.text)
    FLASH_InstructionCacheReset              0x08005911   Thumb Code    14  stm32f4xx_flash.o(.text)
    FLASH_DataCacheReset                     0x0800591f   Thumb Code    14  stm32f4xx_flash.o(.text)
    FLASH_Unlock                             0x0800592d   Thumb Code    26  stm32f4xx_flash.o(.text)
    FLASH_Lock                               0x08005947   Thumb Code    18  stm32f4xx_flash.o(.text)
    FLASH_GetStatus                          0x08005959   Thumb Code    90  stm32f4xx_flash.o(.text)
    FLASH_WaitForLastOperation               0x080059b3   Thumb Code    34  stm32f4xx_flash.o(.text)
    FLASH_EraseSector                        0x080059d5   Thumb Code   140  stm32f4xx_flash.o(.text)
    FLASH_EraseAllSectors                    0x08005a61   Thumb Code   112  stm32f4xx_flash.o(.text)
    FLASH_EraseAllBank1Sectors               0x08005ad1   Thumb Code   112  stm32f4xx_flash.o(.text)
    FLASH_EraseAllBank2Sectors               0x08005b41   Thumb Code   112  stm32f4xx_flash.o(.text)
    FLASH_ProgramDoubleWord                  0x08005bb1   Thumb Code    86  stm32f4xx_flash.o(.text)
    FLASH_ProgramWord                        0x08005c07   Thumb Code    82  stm32f4xx_flash.o(.text)
    FLASH_ProgramHalfWord                    0x08005c59   Thumb Code    96  stm32f4xx_flash.o(.text)
    FLASH_ProgramByte                        0x08005cb9   Thumb Code    70  stm32f4xx_flash.o(.text)
    FLASH_OB_Unlock                          0x08005cff   Thumb Code    26  stm32f4xx_flash.o(.text)
    FLASH_OB_Lock                            0x08005d19   Thumb Code    18  stm32f4xx_flash.o(.text)
    FLASH_OB_WRPConfig                       0x08005d2b   Thumb Code    54  stm32f4xx_flash.o(.text)
    FLASH_OB_WRP1Config                      0x08005d61   Thumb Code    54  stm32f4xx_flash.o(.text)
    FLASH_OB_PCROPSelectionConfig            0x08005d97   Thumb Code    24  stm32f4xx_flash.o(.text)
    FLASH_OB_PCROPConfig                     0x08005daf   Thumb Code    54  stm32f4xx_flash.o(.text)
    FLASH_OB_PCROP1Config                    0x08005de5   Thumb Code    54  stm32f4xx_flash.o(.text)
    FLASH_OB_RDPConfig                       0x08005e1b   Thumb Code    24  stm32f4xx_flash.o(.text)
    FLASH_OB_UserConfig                      0x08005e33   Thumb Code    46  stm32f4xx_flash.o(.text)
    FLASH_OB_BootConfig                      0x08005e61   Thumb Code    26  stm32f4xx_flash.o(.text)
    FLASH_OB_BORConfig                       0x08005e7b   Thumb Code    26  stm32f4xx_flash.o(.text)
    FLASH_OB_Launch                          0x08005e95   Thumb Code    30  stm32f4xx_flash.o(.text)
    FLASH_OB_GetUser                         0x08005eb3   Thumb Code    12  stm32f4xx_flash.o(.text)
    FLASH_OB_GetWRP                          0x08005ebf   Thumb Code     8  stm32f4xx_flash.o(.text)
    FLASH_OB_GetWRP1                         0x08005ec7   Thumb Code     8  stm32f4xx_flash.o(.text)
    FLASH_OB_GetPCROP                        0x08005ecf   Thumb Code     8  stm32f4xx_flash.o(.text)
    FLASH_OB_GetPCROP1                       0x08005ed7   Thumb Code     8  stm32f4xx_flash.o(.text)
    FLASH_OB_GetRDP                          0x08005edf   Thumb Code    20  stm32f4xx_flash.o(.text)
    FLASH_OB_GetBOR                          0x08005ef3   Thumb Code    12  stm32f4xx_flash.o(.text)
    FLASH_ITConfig                           0x08005eff   Thumb Code    26  stm32f4xx_flash.o(.text)
    FLASH_GetFlagStatus                      0x08005f19   Thumb Code    22  stm32f4xx_flash.o(.text)
    FLASH_ClearFlag                          0x08005f2f   Thumb Code     8  stm32f4xx_flash.o(.text)
    GPIO_DeInit                              0x08005f45   Thumb Code   268  stm32f4xx_gpio.o(.text)
    GPIO_Init                                0x08006051   Thumb Code   144  stm32f4xx_gpio.o(.text)
    GPIO_StructInit                          0x080060e1   Thumb Code    18  stm32f4xx_gpio.o(.text)
    GPIO_PinLockConfig                       0x080060f3   Thumb Code    34  stm32f4xx_gpio.o(.text)
    GPIO_ReadInputDataBit                    0x08006115   Thumb Code    18  stm32f4xx_gpio.o(.text)
    GPIO_ReadInputData                       0x08006127   Thumb Code     8  stm32f4xx_gpio.o(.text)
    GPIO_ReadOutputDataBit                   0x0800612f   Thumb Code    18  stm32f4xx_gpio.o(.text)
    GPIO_ReadOutputData                      0x08006141   Thumb Code     8  stm32f4xx_gpio.o(.text)
    GPIO_SetBits                             0x08006149   Thumb Code     4  stm32f4xx_gpio.o(.text)
    GPIO_ResetBits                           0x0800614d   Thumb Code     4  stm32f4xx_gpio.o(.text)
    GPIO_WriteBit                            0x08006151   Thumb Code    10  stm32f4xx_gpio.o(.text)
    GPIO_Write                               0x0800615b   Thumb Code     4  stm32f4xx_gpio.o(.text)
    GPIO_ToggleBits                          0x0800615f   Thumb Code     8  stm32f4xx_gpio.o(.text)
    GPIO_PinAFConfig                         0x08006167   Thumb Code    70  stm32f4xx_gpio.o(.text)
    I2C_DeInit                               0x080061d9   Thumb Code    82  stm32f4xx_i2c.o(.text)
    I2C_Init                                 0x0800622b   Thumb Code   218  stm32f4xx_i2c.o(.text)
    I2C_StructInit                           0x08006305   Thumb Code    30  stm32f4xx_i2c.o(.text)
    I2C_Cmd                                  0x08006323   Thumb Code    24  stm32f4xx_i2c.o(.text)
    I2C_AnalogFilterCmd                      0x0800633b   Thumb Code    24  stm32f4xx_i2c.o(.text)
    I2C_DigitalFilterConfig                  0x08006353   Thumb Code    22  stm32f4xx_i2c.o(.text)
    I2C_GenerateSTART                        0x08006369   Thumb Code    24  stm32f4xx_i2c.o(.text)
    I2C_GenerateSTOP                         0x08006381   Thumb Code    24  stm32f4xx_i2c.o(.text)
    I2C_Send7bitAddress                      0x08006399   Thumb Code    16  stm32f4xx_i2c.o(.text)
    I2C_AcknowledgeConfig                    0x080063a9   Thumb Code    24  stm32f4xx_i2c.o(.text)
    I2C_OwnAddress2Config                    0x080063c1   Thumb Code    22  stm32f4xx_i2c.o(.text)
    I2C_DualAddressCmd                       0x080063d7   Thumb Code    24  stm32f4xx_i2c.o(.text)
    I2C_GeneralCallCmd                       0x080063ef   Thumb Code    24  stm32f4xx_i2c.o(.text)
    I2C_SoftwareResetCmd                     0x08006407   Thumb Code    22  stm32f4xx_i2c.o(.text)
    I2C_StretchClockCmd                      0x0800641d   Thumb Code    24  stm32f4xx_i2c.o(.text)
    I2C_FastModeDutyCycleConfig              0x08006435   Thumb Code    28  stm32f4xx_i2c.o(.text)
    I2C_NACKPositionConfig                   0x08006451   Thumb Code    28  stm32f4xx_i2c.o(.text)
    I2C_SMBusAlertConfig                     0x0800646d   Thumb Code    28  stm32f4xx_i2c.o(.text)
    I2C_ARPCmd                               0x08006489   Thumb Code    24  stm32f4xx_i2c.o(.text)
    I2C_SendData                             0x080064a1   Thumb Code     4  stm32f4xx_i2c.o(.text)
    I2C_ReceiveData                          0x080064a5   Thumb Code     8  stm32f4xx_i2c.o(.text)
    I2C_TransmitPEC                          0x080064ad   Thumb Code    24  stm32f4xx_i2c.o(.text)
    I2C_PECPositionConfig                    0x080064c5   Thumb Code    28  stm32f4xx_i2c.o(.text)
    I2C_CalculatePEC                         0x080064e1   Thumb Code    24  stm32f4xx_i2c.o(.text)
    I2C_GetPEC                               0x080064f9   Thumb Code     8  stm32f4xx_i2c.o(.text)
    I2C_DMACmd                               0x08006501   Thumb Code    24  stm32f4xx_i2c.o(.text)
    I2C_DMALastTransferCmd                   0x08006519   Thumb Code    24  stm32f4xx_i2c.o(.text)
    I2C_ReadRegister                         0x08006531   Thumb Code    22  stm32f4xx_i2c.o(.text)
    I2C_ITConfig                             0x08006547   Thumb Code    18  stm32f4xx_i2c.o(.text)
    I2C_CheckEvent                           0x08006559   Thumb Code    42  stm32f4xx_i2c.o(.text)
    I2C_GetLastEvent                         0x08006583   Thumb Code    26  stm32f4xx_i2c.o(.text)
    I2C_GetFlagStatus                        0x0800659d   Thumb Code    84  stm32f4xx_i2c.o(.text)
    I2C_ClearFlag                            0x080065f1   Thumb Code    12  stm32f4xx_i2c.o(.text)
    I2C_GetITStatus                          0x080065fd   Thumb Code    38  stm32f4xx_i2c.o(.text)
    I2C_ClearITPendingBit                    0x08006623   Thumb Code    12  stm32f4xx_i2c.o(.text)
    IWDG_WriteAccessCmd                      0x08006631   Thumb Code     6  stm32f4xx_iwdg.o(.text)
    IWDG_SetPrescaler                        0x08006637   Thumb Code     6  stm32f4xx_iwdg.o(.text)
    IWDG_SetReload                           0x0800663d   Thumb Code     6  stm32f4xx_iwdg.o(.text)
    IWDG_ReloadCounter                       0x08006643   Thumb Code    10  stm32f4xx_iwdg.o(.text)
    IWDG_Enable                              0x0800664d   Thumb Code    10  stm32f4xx_iwdg.o(.text)
    IWDG_GetFlagStatus                       0x08006657   Thumb Code    20  stm32f4xx_iwdg.o(.text)
    RCC_DeInit                               0x08006671   Thumb Code    82  stm32f4xx_rcc.o(.text)
    RCC_HSEConfig                            0x080066c3   Thumb Code    14  stm32f4xx_rcc.o(.text)
    RCC_GetFlagStatus                        0x080066d1   Thumb Code    60  stm32f4xx_rcc.o(.text)
    RCC_WaitForHSEStartUp                    0x0800670d   Thumb Code    56  stm32f4xx_rcc.o(.text)
    RCC_AdjustHSICalibrationValue            0x08006745   Thumb Code    20  stm32f4xx_rcc.o(.text)
    RCC_HSICmd                               0x08006759   Thumb Code     6  stm32f4xx_rcc.o(.text)
    RCC_LSEConfig                            0x0800675f   Thumb Code    46  stm32f4xx_rcc.o(.text)
    RCC_LSICmd                               0x0800678d   Thumb Code     6  stm32f4xx_rcc.o(.text)
    RCC_PLLConfig                            0x08006793   Thumb Code    32  stm32f4xx_rcc.o(.text)
    RCC_PLLCmd                               0x080067b3   Thumb Code     6  stm32f4xx_rcc.o(.text)
    RCC_PLLI2SConfig                         0x080067b9   Thumb Code    14  stm32f4xx_rcc.o(.text)
    RCC_PLLI2SCmd                            0x080067c7   Thumb Code     6  stm32f4xx_rcc.o(.text)
    RCC_PLLSAIConfig                         0x080067cd   Thumb Code    20  stm32f4xx_rcc.o(.text)
    RCC_PLLSAICmd                            0x080067e1   Thumb Code     6  stm32f4xx_rcc.o(.text)
    RCC_ClockSecuritySystemCmd               0x080067e7   Thumb Code     6  stm32f4xx_rcc.o(.text)
    RCC_MCO1Config                           0x080067ed   Thumb Code    28  stm32f4xx_rcc.o(.text)
    RCC_MCO2Config                           0x08006809   Thumb Code    28  stm32f4xx_rcc.o(.text)
    RCC_SYSCLKConfig                         0x08006825   Thumb Code    20  stm32f4xx_rcc.o(.text)
    RCC_GetSYSCLKSource                      0x08006839   Thumb Code    12  stm32f4xx_rcc.o(.text)
    RCC_HCLKConfig                           0x08006845   Thumb Code    20  stm32f4xx_rcc.o(.text)
    RCC_PCLK1Config                          0x08006859   Thumb Code    20  stm32f4xx_rcc.o(.text)
    RCC_PCLK2Config                          0x0800686d   Thumb Code    22  stm32f4xx_rcc.o(.text)
    RCC_GetClocksFreq                        0x08006883   Thumb Code   222  stm32f4xx_rcc.o(.text)
    RCC_RTCCLKConfig                         0x08006961   Thumb Code    54  stm32f4xx_rcc.o(.text)
    RCC_RTCCLKCmd                            0x08006997   Thumb Code     8  stm32f4xx_rcc.o(.text)
    RCC_BackupResetCmd                       0x0800699f   Thumb Code     8  stm32f4xx_rcc.o(.text)
    RCC_I2SCLKConfig                         0x080069a7   Thumb Code     6  stm32f4xx_rcc.o(.text)
    RCC_SAIPLLI2SClkDivConfig                0x080069ad   Thumb Code    26  stm32f4xx_rcc.o(.text)
    RCC_SAIPLLSAIClkDivConfig                0x080069c7   Thumb Code    28  stm32f4xx_rcc.o(.text)
    RCC_SAIBlockACLKConfig                   0x080069e3   Thumb Code    20  stm32f4xx_rcc.o(.text)
    RCC_SAIBlockBCLKConfig                   0x080069f7   Thumb Code    20  stm32f4xx_rcc.o(.text)
    RCC_LTDCCLKDivConfig                     0x08006a0b   Thumb Code    20  stm32f4xx_rcc.o(.text)
    RCC_TIMCLKPresConfig                     0x08006a1f   Thumb Code     6  stm32f4xx_rcc.o(.text)
    RCC_AHB1PeriphClockCmd                   0x08006a25   Thumb Code    34  stm32f4xx_rcc.o(.text)
    RCC_AHB2PeriphClockCmd                   0x08006a47   Thumb Code    78  stm32f4xx_rcc.o(.text)
    RCC_AHB3PeriphClockCmd                   0x08006a95   Thumb Code    34  stm32f4xx_rcc.o(.text)
    RCC_APB1PeriphClockCmd                   0x08006ab7   Thumb Code    34  stm32f4xx_rcc.o(.text)
    RCC_APB2PeriphClockCmd                   0x08006ad9   Thumb Code    34  stm32f4xx_rcc.o(.text)
    RCC_AHB1PeriphResetCmd                   0x08006afb   Thumb Code    34  stm32f4xx_rcc.o(.text)
    RCC_AHB2PeriphResetCmd                   0x08006b1d   Thumb Code    34  stm32f4xx_rcc.o(.text)
    RCC_AHB3PeriphResetCmd                   0x08006b3f   Thumb Code    34  stm32f4xx_rcc.o(.text)
    RCC_APB1PeriphResetCmd                   0x08006b61   Thumb Code    34  stm32f4xx_rcc.o(.text)
    RCC_APB2PeriphResetCmd                   0x08006b83   Thumb Code    34  stm32f4xx_rcc.o(.text)
    RCC_AHB1PeriphClockLPModeCmd             0x08006ba5   Thumb Code    34  stm32f4xx_rcc.o(.text)
    RCC_AHB2PeriphClockLPModeCmd             0x08006bc7   Thumb Code    34  stm32f4xx_rcc.o(.text)
    RCC_AHB3PeriphClockLPModeCmd             0x08006be9   Thumb Code    34  stm32f4xx_rcc.o(.text)
    RCC_APB1PeriphClockLPModeCmd             0x08006c0b   Thumb Code    34  stm32f4xx_rcc.o(.text)
    RCC_APB2PeriphClockLPModeCmd             0x08006c2d   Thumb Code    34  stm32f4xx_rcc.o(.text)
    RCC_LSEModeConfig                        0x08006c4f   Thumb Code    40  stm32f4xx_rcc.o(.text)
    RCC_ITConfig                             0x08006c77   Thumb Code    34  stm32f4xx_rcc.o(.text)
    RCC_ClearFlag                            0x08006c99   Thumb Code    18  stm32f4xx_rcc.o(.text)
    RCC_GetITStatus                          0x08006cab   Thumb Code    22  stm32f4xx_rcc.o(.text)
    RCC_ClearITPendingBit                    0x08006cc1   Thumb Code     8  stm32f4xx_rcc.o(.text)
    SPI_I2S_DeInit                           0x08006ccd   Thumb Code   152  stm32f4xx_spi.o(.text)
    SPI_Init                                 0x08006d65   Thumb Code    60  stm32f4xx_spi.o(.text)
    I2S_Init                                 0x08006da1   Thumb Code   396  stm32f4xx_spi.o(.text)
    SPI_StructInit                           0x08006f2d   Thumb Code    24  stm32f4xx_spi.o(.text)
    I2S_StructInit                           0x08006f45   Thumb Code    20  stm32f4xx_spi.o(.text)
    SPI_Cmd                                  0x08006f59   Thumb Code    24  stm32f4xx_spi.o(.text)
    I2S_Cmd                                  0x08006f71   Thumb Code    24  stm32f4xx_spi.o(.text)
    SPI_DataSizeConfig                       0x08006f89   Thumb Code    18  stm32f4xx_spi.o(.text)
    SPI_BiDirectionalLineConfig              0x08006f9b   Thumb Code    28  stm32f4xx_spi.o(.text)
    SPI_NSSInternalSoftwareConfig            0x08006fb7   Thumb Code    30  stm32f4xx_spi.o(.text)
    SPI_SSOutputCmd                          0x08006fd5   Thumb Code    24  stm32f4xx_spi.o(.text)
    SPI_TIModeCmd                            0x08006fed   Thumb Code    24  stm32f4xx_spi.o(.text)
    I2S_FullDuplexConfig                     0x08007005   Thumb Code    80  stm32f4xx_spi.o(.text)
    SPI_I2S_ReceiveData                      0x08007055   Thumb Code     6  stm32f4xx_spi.o(.text)
    SPI_I2S_SendData                         0x0800705b   Thumb Code     4  stm32f4xx_spi.o(.text)
    SPI_CalculateCRC                         0x0800705f   Thumb Code    24  stm32f4xx_spi.o(.text)
    SPI_TransmitCRC                          0x08007077   Thumb Code    10  stm32f4xx_spi.o(.text)
    SPI_GetCRC                               0x08007081   Thumb Code    16  stm32f4xx_spi.o(.text)
    SPI_GetCRCPolynomial                     0x08007091   Thumb Code     6  stm32f4xx_spi.o(.text)
    SPI_I2S_DMACmd                           0x08007097   Thumb Code    18  stm32f4xx_spi.o(.text)
    SPI_I2S_ITConfig                         0x080070a9   Thumb Code    68  stm32f4xx_spi.o(.text)
    SPI_I2S_GetFlagStatus                    0x080070ed   Thumb Code    18  stm32f4xx_spi.o(.text)
    SPI_I2S_ClearFlag                        0x080070ff   Thumb Code     6  stm32f4xx_spi.o(.text)
    SPI_I2S_GetITStatus                      0x08007105   Thumb Code    52  stm32f4xx_spi.o(.text)
    SPI_I2S_ClearITPendingBit                0x08007139   Thumb Code    20  stm32f4xx_spi.o(.text)
    SYSCFG_DeInit                            0x0800714d   Thumb Code    22  stm32f4xx_syscfg.o(.text)
    SYSCFG_MemoryRemapConfig                 0x08007163   Thumb Code     6  stm32f4xx_syscfg.o(.text)
    SYSCFG_MemorySwappingBank                0x08007169   Thumb Code     6  stm32f4xx_syscfg.o(.text)
    SYSCFG_EXTILineConfig                    0x0800716f   Thumb Code    66  stm32f4xx_syscfg.o(.text)
    SYSCFG_ETH_MediaInterfaceConfig          0x080071b1   Thumb Code     8  stm32f4xx_syscfg.o(.text)
    SYSCFG_CompensationCellCmd               0x080071b9   Thumb Code     6  stm32f4xx_syscfg.o(.text)
    SYSCFG_GetCompensationCellStatus         0x080071bf   Thumb Code    22  stm32f4xx_syscfg.o(.text)
    TIM_DeInit                               0x080071e1   Thumb Code   346  stm32f4xx_tim.o(.text)
    TIM_TimeBaseInit                         0x0800733b   Thumb Code   104  stm32f4xx_tim.o(.text)
    TIM_TimeBaseStructInit                   0x080073a3   Thumb Code    18  stm32f4xx_tim.o(.text)
    TIM_PrescalerConfig                      0x080073b5   Thumb Code     6  stm32f4xx_tim.o(.text)
    TIM_CounterModeConfig                    0x080073bb   Thumb Code    18  stm32f4xx_tim.o(.text)
    TIM_SetCounter                           0x080073cd   Thumb Code     4  stm32f4xx_tim.o(.text)
    TIM_SetAutoreload                        0x080073d1   Thumb Code     4  stm32f4xx_tim.o(.text)
    TIM_GetCounter                           0x080073d5   Thumb Code     6  stm32f4xx_tim.o(.text)
    TIM_GetPrescaler                         0x080073db   Thumb Code     6  stm32f4xx_tim.o(.text)
    TIM_UpdateDisableConfig                  0x080073e1   Thumb Code    24  stm32f4xx_tim.o(.text)
    TIM_UpdateRequestConfig                  0x080073f9   Thumb Code    24  stm32f4xx_tim.o(.text)
    TIM_ARRPreloadConfig                     0x08007411   Thumb Code    24  stm32f4xx_tim.o(.text)
    TIM_SelectOnePulseMode                   0x08007429   Thumb Code    18  stm32f4xx_tim.o(.text)
    TIM_SetClockDivision                     0x0800743b   Thumb Code    18  stm32f4xx_tim.o(.text)
    TIM_Cmd                                  0x0800744d   Thumb Code    24  stm32f4xx_tim.o(.text)
    TIM_OC1Init                              0x08007465   Thumb Code   114  stm32f4xx_tim.o(.text)
    TIM_OC2Init                              0x080074d7   Thumb Code   154  stm32f4xx_tim.o(.text)
    TIM_OC3Init                              0x08007571   Thumb Code   204  stm32f4xx_tim.o(.text)
    TIM_OC4Init                              0x0800763d   Thumb Code   112  stm32f4xx_tim.o(.text)
    TIM_OCStructInit                         0x080076ad   Thumb Code    20  stm32f4xx_tim.o(.text)
    TIM_SelectOCxM                           0x080076c1   Thumb Code    86  stm32f4xx_tim.o(.text)
    TIM_SetCompare1                          0x08007717   Thumb Code     4  stm32f4xx_tim.o(.text)
    TIM_SetCompare2                          0x0800771b   Thumb Code     4  stm32f4xx_tim.o(.text)
    TIM_SetCompare3                          0x0800771f   Thumb Code     4  stm32f4xx_tim.o(.text)
    TIM_SetCompare4                          0x08007723   Thumb Code     4  stm32f4xx_tim.o(.text)
    TIM_ForcedOC1Config                      0x08007727   Thumb Code    18  stm32f4xx_tim.o(.text)
    TIM_ForcedOC2Config                      0x08007739   Thumb Code    26  stm32f4xx_tim.o(.text)
    TIM_ForcedOC3Config                      0x08007753   Thumb Code    18  stm32f4xx_tim.o(.text)
    TIM_ForcedOC4Config                      0x08007765   Thumb Code    26  stm32f4xx_tim.o(.text)
    TIM_OC1PreloadConfig                     0x0800777f   Thumb Code    18  stm32f4xx_tim.o(.text)
    TIM_OC2PreloadConfig                     0x08007791   Thumb Code    26  stm32f4xx_tim.o(.text)
    TIM_OC3PreloadConfig                     0x080077ab   Thumb Code    18  stm32f4xx_tim.o(.text)
    TIM_OC4PreloadConfig                     0x080077bd   Thumb Code    26  stm32f4xx_tim.o(.text)
    TIM_OC1FastConfig                        0x080077d7   Thumb Code    18  stm32f4xx_tim.o(.text)
    TIM_OC2FastConfig                        0x080077e9   Thumb Code    26  stm32f4xx_tim.o(.text)
    TIM_OC3FastConfig                        0x08007803   Thumb Code    18  stm32f4xx_tim.o(.text)
    TIM_OC4FastConfig                        0x08007815   Thumb Code    26  stm32f4xx_tim.o(.text)
    TIM_ClearOC1Ref                          0x0800782f   Thumb Code    18  stm32f4xx_tim.o(.text)
    TIM_ClearOC2Ref                          0x08007841   Thumb Code    24  stm32f4xx_tim.o(.text)
    TIM_ClearOC3Ref                          0x08007859   Thumb Code    18  stm32f4xx_tim.o(.text)
    TIM_ClearOC4Ref                          0x0800786b   Thumb Code    24  stm32f4xx_tim.o(.text)
    TIM_OC1PolarityConfig                    0x08007883   Thumb Code    18  stm32f4xx_tim.o(.text)
    TIM_OC1NPolarityConfig                   0x08007895   Thumb Code    18  stm32f4xx_tim.o(.text)
    TIM_OC2PolarityConfig                    0x080078a7   Thumb Code    26  stm32f4xx_tim.o(.text)
    TIM_OC2NPolarityConfig                   0x080078c1   Thumb Code    26  stm32f4xx_tim.o(.text)
    TIM_OC3PolarityConfig                    0x080078db   Thumb Code    26  stm32f4xx_tim.o(.text)
    TIM_OC3NPolarityConfig                   0x080078f5   Thumb Code    26  stm32f4xx_tim.o(.text)
    TIM_OC4PolarityConfig                    0x0800790f   Thumb Code    26  stm32f4xx_tim.o(.text)
    TIM_CCxCmd                               0x08007929   Thumb Code    30  stm32f4xx_tim.o(.text)
    TIM_CCxNCmd                              0x08007947   Thumb Code    30  stm32f4xx_tim.o(.text)
    TIM_SetIC4Prescaler                      0x08007965   Thumb Code    26  stm32f4xx_tim.o(.text)
    TIM_SetIC3Prescaler                      0x080079cf   Thumb Code    18  stm32f4xx_tim.o(.text)
    TIM_SetIC2Prescaler                      0x08007a29   Thumb Code    26  stm32f4xx_tim.o(.text)
    TIM_SetIC1Prescaler                      0x08007a9d   Thumb Code    18  stm32f4xx_tim.o(.text)
    TIM_ICInit                               0x08007ae9   Thumb Code   110  stm32f4xx_tim.o(.text)
    TIM_ICStructInit                         0x08007b57   Thumb Code    18  stm32f4xx_tim.o(.text)
    TIM_PWMIConfig                           0x08007b69   Thumb Code   124  stm32f4xx_tim.o(.text)
    TIM_GetCapture1                          0x08007be5   Thumb Code     6  stm32f4xx_tim.o(.text)
    TIM_GetCapture2                          0x08007beb   Thumb Code     6  stm32f4xx_tim.o(.text)
    TIM_GetCapture3                          0x08007bf1   Thumb Code     6  stm32f4xx_tim.o(.text)
    TIM_GetCapture4                          0x08007bf7   Thumb Code     6  stm32f4xx_tim.o(.text)
    TIM_BDTRConfig                           0x08007bfd   Thumb Code    32  stm32f4xx_tim.o(.text)
    TIM_BDTRStructInit                       0x08007c1d   Thumb Code    18  stm32f4xx_tim.o(.text)
    TIM_CtrlPWMOutputs                       0x08007c2f   Thumb Code    30  stm32f4xx_tim.o(.text)
    TIM_SelectCOM                            0x08007c4d   Thumb Code    24  stm32f4xx_tim.o(.text)
    TIM_CCPreloadControl                     0x08007c65   Thumb Code    24  stm32f4xx_tim.o(.text)
    TIM_ITConfig                             0x08007c7d   Thumb Code    18  stm32f4xx_tim.o(.text)
    TIM_GenerateEvent                        0x08007c8f   Thumb Code     4  stm32f4xx_tim.o(.text)
    TIM_GetFlagStatus                        0x08007c93   Thumb Code    18  stm32f4xx_tim.o(.text)
    TIM_ClearFlag                            0x08007ca5   Thumb Code     6  stm32f4xx_tim.o(.text)
    TIM_GetITStatus                          0x08007cab   Thumb Code    34  stm32f4xx_tim.o(.text)
    TIM_ClearITPendingBit                    0x08007ccd   Thumb Code     6  stm32f4xx_tim.o(.text)
    TIM_DMAConfig                            0x08007cd3   Thumb Code    10  stm32f4xx_tim.o(.text)
    TIM_DMACmd                               0x08007cdd   Thumb Code    18  stm32f4xx_tim.o(.text)
    TIM_SelectCCDMA                          0x08007cef   Thumb Code    24  stm32f4xx_tim.o(.text)
    TIM_InternalClockConfig                  0x08007d07   Thumb Code    12  stm32f4xx_tim.o(.text)
    TIM_SelectInputTrigger                   0x08007d13   Thumb Code    18  stm32f4xx_tim.o(.text)
    TIM_ITRxExternalClockConfig              0x08007d25   Thumb Code    24  stm32f4xx_tim.o(.text)
    TIM_TIxExternalClockConfig               0x08007d3d   Thumb Code    62  stm32f4xx_tim.o(.text)
    TIM_ETRConfig                            0x08007d7b   Thumb Code    28  stm32f4xx_tim.o(.text)
    TIM_ETRClockMode1Config                  0x08007d97   Thumb Code    54  stm32f4xx_tim.o(.text)
    TIM_ETRClockMode2Config                  0x08007dcd   Thumb Code    32  stm32f4xx_tim.o(.text)
    TIM_SelectOutputTrigger                  0x08007ded   Thumb Code    18  stm32f4xx_tim.o(.text)
    TIM_SelectSlaveMode                      0x08007dff   Thumb Code    18  stm32f4xx_tim.o(.text)
    TIM_SelectMasterSlaveMode                0x08007e11   Thumb Code    18  stm32f4xx_tim.o(.text)
    TIM_EncoderInterfaceConfig               0x08007e23   Thumb Code    66  stm32f4xx_tim.o(.text)
    TIM_SelectHallSensor                     0x08007e65   Thumb Code    24  stm32f4xx_tim.o(.text)
    TIM_RemapConfig                          0x08007e7d   Thumb Code     6  stm32f4xx_tim.o(.text)
    USART_DeInit                             0x08007e85   Thumb Code   206  stm32f4xx_usart.o(.text)
    USART_Init                               0x08007f53   Thumb Code   204  stm32f4xx_usart.o(.text)
    USART_StructInit                         0x0800801f   Thumb Code    24  stm32f4xx_usart.o(.text)
    USART_ClockInit                          0x08008037   Thumb Code    32  stm32f4xx_usart.o(.text)
    USART_ClockStructInit                    0x08008057   Thumb Code    12  stm32f4xx_usart.o(.text)
    USART_Cmd                                0x08008063   Thumb Code    24  stm32f4xx_usart.o(.text)
    USART_SetPrescaler                       0x0800807b   Thumb Code    16  stm32f4xx_usart.o(.text)
    USART_OverSampling8Cmd                   0x0800808b   Thumb Code    22  stm32f4xx_usart.o(.text)
    USART_OneBitMethodCmd                    0x080080a1   Thumb Code    24  stm32f4xx_usart.o(.text)
    USART_SendData                           0x080080b9   Thumb Code     8  stm32f4xx_usart.o(.text)
    USART_ReceiveData                        0x080080c1   Thumb Code    10  stm32f4xx_usart.o(.text)
    USART_SetAddress                         0x080080cb   Thumb Code    18  stm32f4xx_usart.o(.text)
    USART_ReceiverWakeUpCmd                  0x080080dd   Thumb Code    24  stm32f4xx_usart.o(.text)
    USART_WakeUpConfig                       0x080080f5   Thumb Code    18  stm32f4xx_usart.o(.text)
    USART_LINBreakDetectLengthConfig         0x08008107   Thumb Code    18  stm32f4xx_usart.o(.text)
    USART_LINCmd                             0x08008119   Thumb Code    24  stm32f4xx_usart.o(.text)
    USART_SendBreak                          0x08008131   Thumb Code    10  stm32f4xx_usart.o(.text)
    USART_HalfDuplexCmd                      0x0800813b   Thumb Code    24  stm32f4xx_usart.o(.text)
    USART_SetGuardTime                       0x08008153   Thumb Code    16  stm32f4xx_usart.o(.text)
    USART_SmartCardCmd                       0x08008163   Thumb Code    24  stm32f4xx_usart.o(.text)
    USART_SmartCardNACKCmd                   0x0800817b   Thumb Code    24  stm32f4xx_usart.o(.text)
    USART_IrDAConfig                         0x08008193   Thumb Code    18  stm32f4xx_usart.o(.text)
    USART_IrDACmd                            0x080081a5   Thumb Code    24  stm32f4xx_usart.o(.text)
    USART_DMACmd                             0x080081bd   Thumb Code    18  stm32f4xx_usart.o(.text)
    USART_ITConfig                           0x080081cf   Thumb Code    74  stm32f4xx_usart.o(.text)
    USART_GetFlagStatus                      0x08008219   Thumb Code    26  stm32f4xx_usart.o(.text)
    USART_ClearFlag                          0x08008233   Thumb Code    18  stm32f4xx_usart.o(.text)
    USART_GetITStatus                        0x08008245   Thumb Code   118  stm32f4xx_usart.o(.text)
    USART_ClearITPendingBit                  0x080082bb   Thumb Code    30  stm32f4xx_usart.o(.text)
    system_clk_set                           0x080082d9   Thumb Code   124  clock.o(.text)
    systick_config                           0x08008355   Thumb Code    84  clock.o(.text)
    vsnprintf                                0x080083b9   Thumb Code    48  vsnprintf.o(.text)
    __2printf                                0x080083ed   Thumb Code    20  __2printf.o(.text)
    _printf_str                              0x08008405   Thumb Code    82  _printf_str.o(.text)
    _printf_int_dec                          0x08008459   Thumb Code   104  _printf_dec.o(.text)
    _printf_longlong_hex                     0x080084d1   Thumb Code    86  _printf_hex_int_ll_ptr.o(.text)
    _printf_int_hex                          0x08008527   Thumb Code    28  _printf_hex_int_ll_ptr.o(.text)
    _printf_ll_hex                           0x08008543   Thumb Code    12  _printf_hex_int_ll_ptr.o(.text)
    _printf_hex_ptr                          0x0800854f   Thumb Code    18  _printf_hex_int_ll_ptr.o(.text)
    __printf                                 0x08008565   Thumb Code   388  __printf_flags_ss_wp.o(.text)
    __0sscanf                                0x080086ed   Thumb Code    52  __0sscanf.o(.text)
    _scanf_int                               0x08008729   Thumb Code   332  _scanf_int.o(.text)
    strlen                                   0x08008875   Thumb Code    62  strlen.o(.text)
    __aeabi_memcpy4                          0x080088b3   Thumb Code     0  rt_memcpy_w.o(.text)
    __aeabi_memcpy8                          0x080088b3   Thumb Code     0  rt_memcpy_w.o(.text)
    __rt_memcpy_w                            0x080088b3   Thumb Code   100  rt_memcpy_w.o(.text)
    _memcpy_lastbytes_aligned                0x080088fb   Thumb Code     0  rt_memcpy_w.o(.text)
    strcmp                                   0x08008919   Thumb Code   128  strcmpv7m.o(.text)
    __use_two_region_memory                  0x08008999   Thumb Code     2  heapauxi.o(.text)
    __rt_heap_escrow$2region                 0x0800899b   Thumb Code     2  heapauxi.o(.text)
    __rt_heap_expand$2region                 0x0800899d   Thumb Code     2  heapauxi.o(.text)
    __read_errno                             0x0800899f   Thumb Code    10  _rserrno.o(.text)
    __set_errno                              0x080089a9   Thumb Code    12  _rserrno.o(.text)
    _printf_pre_padding                      0x080089b5   Thumb Code    44  _printf_pad.o(.text)
    _printf_post_padding                     0x080089e1   Thumb Code    34  _printf_pad.o(.text)
    _printf_truncate_signed                  0x08008a03   Thumb Code    18  _printf_truncate.o(.text)
    _printf_truncate_unsigned                0x08008a15   Thumb Code    18  _printf_truncate.o(.text)
    _printf_int_common                       0x08008a27   Thumb Code   178  _printf_intcommon.o(.text)
    _printf_charcount                        0x08008ad9   Thumb Code    40  _printf_charcount.o(.text)
    __lib_sel_fp_printf                      0x08008b01   Thumb Code     2  _printf_fp_dec.o(.text)
    _printf_fp_dec_real                      0x08008caf   Thumb Code   620  _printf_fp_dec.o(.text)
    _printf_char_common                      0x08008f27   Thumb Code    32  _printf_char_common.o(.text)
    _sputc                                   0x08008f4d   Thumb Code    10  _sputc.o(.text)
    _snputc                                  0x08008f57   Thumb Code    16  _snputc.o(.text)
    _printf_cs_common                        0x08008f67   Thumb Code    20  _printf_char.o(.text)
    _printf_char                             0x08008f7b   Thumb Code    16  _printf_char.o(.text)
    _printf_string                           0x08008f8b   Thumb Code     8  _printf_char.o(.text)
    _printf_char_file                        0x08008f95   Thumb Code    32  _printf_char_file.o(.text)
    _printf_wctomb                           0x08008fb9   Thumb Code   182  _printf_wctomb.o(.text)
    _printf_longlong_dec                     0x08009075   Thumb Code   108  _printf_longlong_dec.o(.text)
    _printf_longlong_oct                     0x080090f1   Thumb Code    68  _printf_oct_int_ll.o(.text)
    _printf_int_oct                          0x08009135   Thumb Code    24  _printf_oct_int_ll.o(.text)
    _printf_ll_oct                           0x0800914d   Thumb Code    12  _printf_oct_int_ll.o(.text)
    _chval                                   0x08009161   Thumb Code    28  _chval.o(.text)
    __vfscanf_char                           0x08009189   Thumb Code    24  scanf_char.o(.text)
    _sgetc                                   0x080091a9   Thumb Code    30  _sgetc.o(.text)
    _sbackspace                              0x080091c7   Thumb Code    34  _sgetc.o(.text)
    __rt_locale                              0x080091e9   Thumb Code     8  rt_locale_intlibspace.o(.text)
    __aeabi_errno_addr                       0x080091f1   Thumb Code     8  rt_errno_addr_intlibspace.o(.text)
    __errno$intlibspace                      0x080091f1   Thumb Code     0  rt_errno_addr_intlibspace.o(.text)
    __rt_errno_addr$intlibspace              0x080091f1   Thumb Code     0  rt_errno_addr_intlibspace.o(.text)
    _ll_udiv10                               0x080091f9   Thumb Code   138  lludiv10.o(.text)
    isspace                                  0x08009283   Thumb Code    18  isspace.o(.text)
    _printf_fp_hex_real                      0x08009295   Thumb Code   754  _printf_fp_hex.o(.text)
    _printf_fp_infnan                        0x08009591   Thumb Code   112  _printf_fp_infnan.o(.text)
    _printf_lcs_common                       0x08009611   Thumb Code    20  _printf_wchar.o(.text)
    _printf_wchar                            0x08009625   Thumb Code    16  _printf_wchar.o(.text)
    _printf_wstring                          0x08009635   Thumb Code     8  _printf_wchar.o(.text)
    __vfscanf                                0x0800963d   Thumb Code   878  _scanf.o(.text)
    _btod_etento                             0x080099b1   Thumb Code   216  bigflt0.o(.text)
    ferror                                   0x08009a8d   Thumb Code     8  ferror.o(.text)
    _wcrtomb                                 0x08009a95   Thumb Code    64  _wcrtomb.o(.text)
    __user_libspace                          0x08009ad5   Thumb Code     8  libspace.o(.text)
    __user_perproc_libspace                  0x08009ad5   Thumb Code     0  libspace.o(.text)
    __user_perthread_libspace                0x08009ad5   Thumb Code     0  libspace.o(.text)
    __user_setup_stackheap                   0x08009add   Thumb Code    74  sys_stackheap_outer.o(.text)
    __rt_ctype_table                         0x08009b29   Thumb Code    16  rt_ctype_table.o(.text)
    exit                                     0x08009b39   Thumb Code    12  exit.o(.text)
    _btod_d2e                                0x08009b45   Thumb Code    62  btod.o(CL$$btod_d2e)
    _d2e_denorm_low                          0x08009b83   Thumb Code    70  btod.o(CL$$btod_d2e_denorm_low)
    _d2e_norm_op1                            0x08009bc9   Thumb Code    96  btod.o(CL$$btod_d2e_norm_op1)
    __btod_div_common                        0x08009c29   Thumb Code   696  btod.o(CL$$btod_div_common)
    _e2e                                     0x08009f61   Thumb Code   198  btod.o(CL$$btod_e2e)
    _btod_ediv                               0x0800a027   Thumb Code    40  btod.o(CL$$btod_ediv)
    _btod_emul                               0x0800a04f   Thumb Code    40  btod.o(CL$$btod_emul)
    __btod_mult_common                       0x0800a077   Thumb Code   580  btod.o(CL$$btod_mult_common)
    __ARM_fpclassify                         0x0800a2bb   Thumb Code    48  fpclassify.o(i.__ARM_fpclassify)
    __ARM_fpclassifyf                        0x0800a2eb   Thumb Code    38  fpclassifyf.o(i.__ARM_fpclassifyf)
    __hardfp_cosf                            0x0800a311   Thumb Code   280  cosf.o(i.__hardfp_cosf)
    __hardfp_fabs                            0x0800a461   Thumb Code    20  fabs.o(i.__hardfp_fabs)
    __hardfp_powf                            0x0800a475   Thumb Code  1518  powf.o(i.__hardfp_powf)
    __mathlib_powf                           0x0800a475   Thumb Code     0  powf.o(i.__hardfp_powf)
    __hardfp_sinf                            0x0800aa81   Thumb Code   344  sinf.o(i.__hardfp_sinf)
    __hardfp_sqrtf                           0x0800ac11   Thumb Code    58  sqrtf.o(i.__hardfp_sqrtf)
    __mathlib_flt_divzero                    0x0800ac4d   Thumb Code    14  funder.o(i.__mathlib_flt_divzero)
    __mathlib_flt_infnan                     0x0800ac61   Thumb Code     6  funder.o(i.__mathlib_flt_infnan)
    __mathlib_flt_infnan2                    0x0800ac67   Thumb Code     6  funder.o(i.__mathlib_flt_infnan2)
    __mathlib_flt_invalid                    0x0800ac6d   Thumb Code    10  funder.o(i.__mathlib_flt_invalid)
    __mathlib_flt_overflow                   0x0800ac7d   Thumb Code    10  funder.o(i.__mathlib_flt_overflow)
    __mathlib_flt_underflow                  0x0800ac8d   Thumb Code    10  funder.o(i.__mathlib_flt_underflow)
    __mathlib_rredf2                         0x0800ac9d   Thumb Code   316  rredf.o(i.__mathlib_rredf2)
    _is_digit                                0x0800adf1   Thumb Code    14  __printf_wp.o(i._is_digit)
    delay_ms                                 0x0800adff   Thumb Code    24  clock.o(i.delay_ms)
    delay_us                                 0x0800ae19   Thumb Code    72  clock.o(i.delay_us)
    stop_fan                                 0x0800ae65   Thumb Code    20  fan.o(i.stop_fan)
    toggle_fan                               0x0800ae81   Thumb Code    20  fan.o(i.toggle_fan)
    _get_lc_numeric                          0x0800ae99   Thumb Code    44  lc_numeric_c.o(locale$$code)
    _get_lc_ctype                            0x0800aec5   Thumb Code    44  lc_ctype_c.o(locale$$code)
    __aeabi_d2f                              0x0800aef1   Thumb Code     0  d2f.o(x$fpl$d2f)
    _d2f                                     0x0800aef1   Thumb Code    98  d2f.o(x$fpl$d2f)
    __aeabi_dadd                             0x0800af55   Thumb Code     0  daddsub_clz.o(x$fpl$dadd)
    _dadd                                    0x0800af55   Thumb Code   332  daddsub_clz.o(x$fpl$dadd)
    __aeabi_ddiv                             0x0800b0a5   Thumb Code     0  ddiv.o(x$fpl$ddiv)
    _ddiv                                    0x0800b0a5   Thumb Code   552  ddiv.o(x$fpl$ddiv)
    __aeabi_i2d                              0x0800b355   Thumb Code     0  dflt_clz.o(x$fpl$dflt)
    _dflt                                    0x0800b355   Thumb Code    46  dflt_clz.o(x$fpl$dflt)
    __aeabi_ui2d                             0x0800b383   Thumb Code     0  dflt_clz.o(x$fpl$dfltu)
    _dfltu                                   0x0800b383   Thumb Code    38  dflt_clz.o(x$fpl$dfltu)
    __aeabi_dmul                             0x0800b3a9   Thumb Code     0  dmul.o(x$fpl$dmul)
    _dmul                                    0x0800b3a9   Thumb Code   332  dmul.o(x$fpl$dmul)
    __fpl_dnaninf                            0x0800b4fd   Thumb Code   156  dnaninf.o(x$fpl$dnaninf)
    __fpl_dretinf                            0x0800b599   Thumb Code    12  dretinf.o(x$fpl$dretinf)
    __aeabi_dsub                             0x0800b5a5   Thumb Code     0  daddsub_clz.o(x$fpl$dsub)
    _dsub                                    0x0800b5a5   Thumb Code   464  daddsub_clz.o(x$fpl$dsub)
    __aeabi_f2d                              0x0800b779   Thumb Code     0  f2d.o(x$fpl$f2d)
    _f2d                                     0x0800b779   Thumb Code    86  f2d.o(x$fpl$f2d)
    __fpl_fnaninf                            0x0800b7cf   Thumb Code   140  fnaninf.o(x$fpl$fnaninf)
    _fp_init                                 0x0800b85b   Thumb Code    10  fpinit.o(x$fpl$fpinit)
    __fplib_config_fpu_vfp                   0x0800b863   Thumb Code     0  fpinit.o(x$fpl$fpinit)
    __fplib_config_pureend_doubles           0x0800b863   Thumb Code     0  fpinit.o(x$fpl$fpinit)
    __fpl_fretinf                            0x0800b865   Thumb Code    10  fretinf.o(x$fpl$fretinf)
    _printf_fp_dec                           0x0800b86f   Thumb Code     4  printf1.o(x$fpl$printf1)
    _printf_fp_hex                           0x0800b873   Thumb Code     4  printf2.o(x$fpl$printf2)
    __I$use$fp                               0x0800b876   Number         0  usenofp.o(x$fpl$usenofp)
    EncoderAPB1TIMs                          0x0800b8a0   Data          20  encoder.o(.constdata)
    EncoderAHBPorts                          0x0800b8b4   Data          20  encoder.o(.constdata)
    EncoderPinsources                        0x0800b8c8   Data          20  encoder.o(.constdata)
    EncoderAFTIMs                            0x0800b8dc   Data          10  encoder.o(.constdata)
    EncoderPins                              0x0800b8e6   Data          20  encoder.o(.constdata)
    SwitchAHBPorts                           0x0800b8fc   Data          16  switch.o(.constdata)
    SwitchPins                               0x0800b90c   Data           8  switch.o(.constdata)
    SwitchEXTIPorts                          0x0800b914   Data           4  switch.o(.constdata)
    SwitchEXTIPinsources                     0x0800b918   Data           4  switch.o(.constdata)
    SwitchEXTILines                          0x0800b91c   Data          16  switch.o(.constdata)
    SwitchNVICPins                           0x0800b92c   Data           4  switch.o(.constdata)
    mti_flag                                 0x0800b930   Data           4  mti.o(.constdata)
    Region$$Table$$Base                      0x0800bb94   Number         0  anon$$obj.o(Region$$Table)
    Region$$Table$$Limit                     0x0800bbb4   Number         0  anon$$obj.o(Region$$Table)
    __ctype                                  0x0800bbdd   Data           0  lc_ctype_c.o(locale$$data)
    automove_flag                            0x20000000   Data           1  automove.o(.data)
    gps_dest_x                               0x20000004   Data           4  automove.o(.data)
    gps_dest_y                               0x20000008   Data           4  automove.o(.data)
    gps_dest_rad                             0x2000000c   Data           4  automove.o(.data)
    gps_x                                    0x20000010   Data           4  automove.o(.data)
    gps_y                                    0x20000014   Data           4  automove.o(.data)
    gps_rad                                  0x20000018   Data           4  automove.o(.data)
    auto_flag                                0x20000024   Data           1  auto_control.o(.data)
    old_pos_x                                0x20000028   Data           4  auto_control.o(.data)
    old_pos_y                                0x2000002c   Data           4  auto_control.o(.data)
    old_rad                                  0x20000030   Data           4  auto_control.o(.data)
    dest_pos_x                               0x20000034   Data           4  auto_control.o(.data)
    dest_pos_y                               0x20000038   Data           4  auto_control.o(.data)
    dest_rad                                 0x2000003c   Data           4  auto_control.o(.data)
    coord                                    0x20000040   Data          32  auto_control.o(.data)
    auto_steps                               0x20000060   Data          12  auto_control.o(.data)
    SystemCoreClock                          0x20000074   Data           4  system_stm32f4xx.o(.data)
    AHBPrescTable                            0x20000078   Data          16  system_stm32f4xx.o(.data)
    PWMPins                                  0x20000088   Data          10  pwm.o(.data)
    PWMPorts                                 0x20000094   Data          20  pwm.o(.data)
    g_rotary_x                               0x200000a8   Data           4  encoder.o(.data)
    g_rotary_y                               0x200000ac   Data           4  encoder.o(.data)
    g_rotary_fan                             0x200000b0   Data           4  encoder.o(.data)
    g_rotary_magnet                          0x200000b4   Data           4  encoder.o(.data)
    g_rotary_tim8                            0x200000b8   Data           4  encoder.o(.data)
    EncoderPorts                             0x200000bc   Data          40  encoder.o(.data)
    EncoderTIMs                              0x200000e4   Data          20  encoder.o(.data)
    SwitchPorts                              0x200000f8   Data          16  switch.o(.data)
    fan_status                               0x20000108   Data           1  fan.o(.data)
    fan_up_flag                              0x20000109   Data           1  fan.o(.data)
    fan_height                               0x2000010c   Data           4  fan.o(.data)
    fan_up_length                            0x20000110   Data           4  fan.o(.data)
    brake_pins                               0x20000114   Data           2  brake.o(.data)
    PUSHPins                                 0x20000118   Data           8  push_rod.o(.data)
    PUSHPorts                                0x20000120   Data          16  push_rod.o(.data)
    arg_speeds                               0x20000130   Data           8  four_wheel.o(.data)
    su_tx_pins                               0x20000138   Data           4  suart.o(.data)
    su_tx_ports                              0x2000013c   Data           8  suart.o(.data)
    su_rx_pins                               0x20000144   Data           4  suart.o(.data)
    su_rx_ports                              0x20000148   Data           8  suart.o(.data)
    TBUF                                     0x20000150   Data           2  suart.o(.data)
    RBUF                                     0x20000152   Data           2  suart.o(.data)
    TDAT                                     0x20000154   Data           2  suart.o(.data)
    RDAT                                     0x20000156   Data           2  suart.o(.data)
    TCNT                                     0x20000158   Data           2  suart.o(.data)
    RCNT                                     0x2000015a   Data           2  suart.o(.data)
    TBIT                                     0x2000015c   Data           2  suart.o(.data)
    RBIT                                     0x2000015e   Data           2  suart.o(.data)
    TING                                     0x20000160   Data           2  suart.o(.data)
    RING                                     0x20000162   Data           2  suart.o(.data)
    TEND                                     0x20000164   Data           2  suart.o(.data)
    REND                                     0x20000166   Data           2  suart.o(.data)
    mti_buffer                               0x20000170   Data          19  mti.o(.data)
    mti_sendbuffer                           0x20000183   Data           7  mti.o(.data)
    mti_roll                                 0x2000018c   Data           4  mti.o(.data)
    mti_pitch                                0x20000190   Data           4  mti.o(.data)
    mti_yaw                                  0x20000194   Data           4  mti.o(.data)
    mti_value_flag                           0x20000198   Data           1  mti.o(.data)
    mti_angle                                0x2000019c   Data           4  mti.o(.data)
    mti_angle_old                            0x200001a0   Data           4  mti.o(.data)
    mti_angle_new                            0x200001a4   Data           4  mti.o(.data)
    wl_x                                     0x200001e4   Data           4  whiteline.o(.data)
    wl_y                                     0x200001e8   Data           4  whiteline.o(.data)
    __stdout                                 0x200001ec   Data           4  usart.o(.data)
    PWMHighTime                              0x20000270   Data          20  pwm.o(.bss)
    PWMTotal                                 0x20000284   Data          20  pwm.o(.bss)
    cmd_buf                                  0x20000298   Data        1024  interpreter.o(.bss)
    cmd_queue                                0x20000698   Data          16  interpreter.o(.bss)
    fp                                       0x200006a8   Data          32  fan.o(.bss)
    db_cmd_buf                               0x200006c8   Data          64  database.o(.bss)
    db_cmd_queue                             0x20000708   Data          16  database.o(.bss)
    __libspace_start                         0x200047b4   Data          96  libspace.o(.bss)
    __temporary_stack_top$libspace           0x20004814   Data           0  libspace.o(.bss)



==============================================================================

Memory Map of the image

  Image Entry point : 0x08000189

  Load Region LR_IROM1 (Base: 0x08000000, Size: 0x0000bee4, Max: 0x00100000, ABSOLUTE, COMPRESSED[0x0000bd80])

    Execution Region ER_IROM1 (Base: 0x08000000, Size: 0x0000bce0, Max: 0x00100000, ABSOLUTE)

    Base Addr    Size         Type   Attr      Idx    E Section Name        Object

    0x08000000   0x00000188   Data   RO         1101    RESET               startup_stm32f40_41xxx.o
    0x08000188   0x00000008   Code   RO         1975  * !!!main             c_w.l(__main.o)
    0x08000190   0x00000034   Code   RO         2371    !!!scatter          c_w.l(__scatter.o)
    0x080001c4   0x0000005a   Code   RO         2369    !!dczerorl2         c_w.l(__dczerorl2.o)
    0x0800021e   0x00000002   PAD
    0x08000220   0x0000001c   Code   RO         2373    !!handler_zi        c_w.l(__scatter_zi.o)
    0x0800023c   0x00000000   Code   RO         1962    .ARM.Collect$$_printf_percent$$00000000  c_w.l(_printf_percent.o)
    0x0800023c   0x00000006   Code   RO         2092    .ARM.Collect$$_printf_percent$$00000001  c_w.l(_printf_n.o)
    0x08000242   0x00000006   Code   RO         2093    .ARM.Collect$$_printf_percent$$00000002  c_w.l(_printf_p.o)
    0x08000248   0x00000006   Code   RO         1961    .ARM.Collect$$_printf_percent$$00000003  c_w.l(_printf_f.o)
    0x0800024e   0x00000006   Code   RO         2097    .ARM.Collect$$_printf_percent$$00000004  c_w.l(_printf_e.o)
    0x08000254   0x00000006   Code   RO         2098    .ARM.Collect$$_printf_percent$$00000005  c_w.l(_printf_g.o)
    0x0800025a   0x00000006   Code   RO         2099    .ARM.Collect$$_printf_percent$$00000006  c_w.l(_printf_a.o)
    0x08000260   0x0000000a   Code   RO         2104    .ARM.Collect$$_printf_percent$$00000007  c_w.l(_printf_ll.o)
    0x0800026a   0x00000006   Code   RO         2095    .ARM.Collect$$_printf_percent$$00000008  c_w.l(_printf_i.o)
    0x08000270   0x00000006   Code   RO         1960    .ARM.Collect$$_printf_percent$$00000009  c_w.l(_printf_d.o)
    0x08000276   0x00000006   Code   RO         2096    .ARM.Collect$$_printf_percent$$0000000A  c_w.l(_printf_u.o)
    0x0800027c   0x00000006   Code   RO         2094    .ARM.Collect$$_printf_percent$$0000000B  c_w.l(_printf_o.o)
    0x08000282   0x00000006   Code   RO         1959    .ARM.Collect$$_printf_percent$$0000000C  c_w.l(_printf_x.o)
    0x08000288   0x00000006   Code   RO         2101    .ARM.Collect$$_printf_percent$$0000000D  c_w.l(_printf_lli.o)
    0x0800028e   0x00000006   Code   RO         2102    .ARM.Collect$$_printf_percent$$0000000E  c_w.l(_printf_lld.o)
    0x08000294   0x00000006   Code   RO         2103    .ARM.Collect$$_printf_percent$$0000000F  c_w.l(_printf_llu.o)
    0x0800029a   0x00000006   Code   RO         2108    .ARM.Collect$$_printf_percent$$00000010  c_w.l(_printf_llo.o)
    0x080002a0   0x00000006   Code   RO         2109    .ARM.Collect$$_printf_percent$$00000011  c_w.l(_printf_llx.o)
    0x080002a6   0x0000000a   Code   RO         2105    .ARM.Collect$$_printf_percent$$00000012  c_w.l(_printf_l.o)
    0x080002b0   0x00000006   Code   RO         2091    .ARM.Collect$$_printf_percent$$00000013  c_w.l(_printf_c.o)
    0x080002b6   0x00000006   Code   RO         1958    .ARM.Collect$$_printf_percent$$00000014  c_w.l(_printf_s.o)
    0x080002bc   0x00000006   Code   RO         2106    .ARM.Collect$$_printf_percent$$00000015  c_w.l(_printf_lc.o)
    0x080002c2   0x00000006   Code   RO         2107    .ARM.Collect$$_printf_percent$$00000016  c_w.l(_printf_ls.o)
    0x080002c8   0x00000004   Code   RO         2100    .ARM.Collect$$_printf_percent$$00000017  c_w.l(_printf_percent_end.o)
    0x080002cc   0x00000002   Code   RO         2242    .ARM.Collect$$libinit$$00000000  c_w.l(libinit.o)
    0x080002ce   0x00000004   Code   RO         2243    .ARM.Collect$$libinit$$00000001  c_w.l(libinit2.o)
    0x080002d2   0x00000000   Code   RO         2246    .ARM.Collect$$libinit$$00000004  c_w.l(libinit2.o)
    0x080002d2   0x00000000   Code   RO         2249    .ARM.Collect$$libinit$$0000000A  c_w.l(libinit2.o)
    0x080002d2   0x00000000   Code   RO         2251    .ARM.Collect$$libinit$$0000000C  c_w.l(libinit2.o)
    0x080002d2   0x00000000   Code   RO         2253    .ARM.Collect$$libinit$$0000000E  c_w.l(libinit2.o)
    0x080002d2   0x00000006   Code   RO         2254    .ARM.Collect$$libinit$$0000000F  c_w.l(libinit2.o)
    0x080002d8   0x00000000   Code   RO         2256    .ARM.Collect$$libinit$$00000011  c_w.l(libinit2.o)
    0x080002d8   0x0000000c   Code   RO         2257    .ARM.Collect$$libinit$$00000012  c_w.l(libinit2.o)
    0x080002e4   0x00000000   Code   RO         2258    .ARM.Collect$$libinit$$00000013  c_w.l(libinit2.o)
    0x080002e4   0x00000000   Code   RO         2260    .ARM.Collect$$libinit$$00000015  c_w.l(libinit2.o)
    0x080002e4   0x0000000a   Code   RO         2261    .ARM.Collect$$libinit$$00000016  c_w.l(libinit2.o)
    0x080002ee   0x00000000   Code   RO         2262    .ARM.Collect$$libinit$$00000017  c_w.l(libinit2.o)
    0x080002ee   0x00000000   Code   RO         2264    .ARM.Collect$$libinit$$00000019  c_w.l(libinit2.o)
    0x080002ee   0x00000000   Code   RO         2266    .ARM.Collect$$libinit$$0000001B  c_w.l(libinit2.o)
    0x080002ee   0x00000000   Code   RO         2268    .ARM.Collect$$libinit$$0000001D  c_w.l(libinit2.o)
    0x080002ee   0x00000000   Code   RO         2270    .ARM.Collect$$libinit$$0000001F  c_w.l(libinit2.o)
    0x080002ee   0x00000000   Code   RO         2272    .ARM.Collect$$libinit$$00000021  c_w.l(libinit2.o)
    0x080002ee   0x00000000   Code   RO         2274    .ARM.Collect$$libinit$$00000023  c_w.l(libinit2.o)
    0x080002ee   0x00000000   Code   RO         2276    .ARM.Collect$$libinit$$00000025  c_w.l(libinit2.o)
    0x080002ee   0x00000000   Code   RO         2280    .ARM.Collect$$libinit$$0000002C  c_w.l(libinit2.o)
    0x080002ee   0x00000000   Code   RO         2282    .ARM.Collect$$libinit$$0000002E  c_w.l(libinit2.o)
    0x080002ee   0x00000000   Code   RO         2284    .ARM.Collect$$libinit$$00000030  c_w.l(libinit2.o)
    0x080002ee   0x00000000   Code   RO         2286    .ARM.Collect$$libinit$$00000032  c_w.l(libinit2.o)
    0x080002ee   0x00000002   Code   RO         2287    .ARM.Collect$$libinit$$00000033  c_w.l(libinit2.o)
    0x080002f0   0x00000002   Code   RO         2318    .ARM.Collect$$libshutdown$$00000000  c_w.l(libshutdown.o)
    0x080002f2   0x00000000   Code   RO         2330    .ARM.Collect$$libshutdown$$00000003  c_w.l(libshutdown2.o)
    0x080002f2   0x00000000   Code   RO         2333    .ARM.Collect$$libshutdown$$00000006  c_w.l(libshutdown2.o)
    0x080002f2   0x00000000   Code   RO         2336    .ARM.Collect$$libshutdown$$00000009  c_w.l(libshutdown2.o)
    0x080002f2   0x00000000   Code   RO         2338    .ARM.Collect$$libshutdown$$0000000B  c_w.l(libshutdown2.o)
    0x080002f2   0x00000000   Code   RO         2341    .ARM.Collect$$libshutdown$$0000000E  c_w.l(libshutdown2.o)
    0x080002f2   0x00000002   Code   RO         2342    .ARM.Collect$$libshutdown$$0000000F  c_w.l(libshutdown2.o)
    0x080002f4   0x00000000   Code   RO         2057    .ARM.Collect$$rtentry$$00000000  c_w.l(__rtentry.o)
    0x080002f4   0x00000000   Code   RO         2153    .ARM.Collect$$rtentry$$00000002  c_w.l(__rtentry2.o)
    0x080002f4   0x00000006   Code   RO         2165    .ARM.Collect$$rtentry$$00000004  c_w.l(__rtentry4.o)
    0x080002fa   0x00000000   Code   RO         2155    .ARM.Collect$$rtentry$$00000009  c_w.l(__rtentry2.o)
    0x080002fa   0x00000004   Code   RO         2156    .ARM.Collect$$rtentry$$0000000A  c_w.l(__rtentry2.o)
    0x080002fe   0x00000000   Code   RO         2158    .ARM.Collect$$rtentry$$0000000C  c_w.l(__rtentry2.o)
    0x080002fe   0x00000008   Code   RO         2159    .ARM.Collect$$rtentry$$0000000D  c_w.l(__rtentry2.o)
    0x08000306   0x00000002   Code   RO         2288    .ARM.Collect$$rtexit$$00000000  c_w.l(rtexit.o)
    0x08000308   0x00000000   Code   RO         2298    .ARM.Collect$$rtexit$$00000002  c_w.l(rtexit2.o)
    0x08000308   0x00000004   Code   RO         2299    .ARM.Collect$$rtexit$$00000003  c_w.l(rtexit2.o)
    0x0800030c   0x00000006   Code   RO         2300    .ARM.Collect$$rtexit$$00000004  c_w.l(rtexit2.o)
    0x08000312   0x00000002   PAD
    0x08000314   0x000007a4   Code   RO            3    .text               automove.o
    0x08000ab8   0x000002ec   Code   RO          181    .text               auto_control.o
    0x08000da4   0x00000068   Code   RO          242    .text               main.o
    0x08000e0c   0x00000788   Code   RO          338    .text               stm32f4xx_it.o
    0x08001594   0x00000210   Code   RO          382    .text               system_stm32f4xx.o
    0x080017a4   0x00000204   Code   RO          505    .text               pwm.o
    0x080019a8   0x000003b4   Code   RO          563    .text               interpreter.o
    0x08001d5c   0x00000250   Code   RO          592    .text               movement.o
    0x08001fac   0x000003fc   Code   RO          633    .text               encoder.o
    0x080023a8   0x000000f8   Code   RO          660    .text               switch.o
    0x080024a0   0x00000224   Code   RO          684    .text               fan.o
    0x080026c4   0x00000088   Code   RO          743    .text               brake.o
    0x0800274c   0x00000048   Code   RO          766    .text               magnet.o
    0x08002794   0x000000c0   Code   RO          790    .text               utils.o
    0x08002854   0x00000180   Code   RO          807    .text               push_rod.o
    0x080029d4   0x00000908   Code   RO          856    .text               four_wheel.o
    0x080032dc   0x00000310   Code   RO          889    .text               suart.o
    0x080035ec   0x0000051c   Code   RO          926    .text               database.o
    0x08003b08   0x000000d8   Code   RO          970    .text               mti.o
    0x08003be0   0x00000b90   Code   RO         1001    .text               mpu6050.o
    0x08004770   0x00000170   Code   RO         1025    .text               pid.o
    0x080048e0   0x00000314   Code   RO         1051    .text               whiteline.o
    0x08004bf4   0x00000414   Code   RO         1074    .text               usart.o
    0x08005008   0x00000040   Code   RO         1102    .text               startup_stm32f40_41xxx.o
    0x08005048   0x00000170   Code   RO         1108    .text               spi.o
    0x080051b8   0x00000160   Code   RO         1131    .text               flash.o
    0x08005318   0x000000e0   Code   RO         1154    .text               misc.o
    0x080053f8   0x000003a8   Code   RO         1397    .text               stm32f4xx_dma.o
    0x080057a0   0x00000110   Code   RO         1417    .text               stm32f4xx_exti.o
    0x080058b0   0x00000694   Code   RO         1437    .text               stm32f4xx_flash.o
    0x08005f44   0x00000294   Code   RO         1503    .text               stm32f4xx_gpio.o
    0x080061d8   0x00000456   Code   RO         1583    .text               stm32f4xx_i2c.o
    0x0800662e   0x00000002   PAD
    0x08006630   0x00000040   Code   RO         1603    .text               stm32f4xx_iwdg.o
    0x08006670   0x0000065c   Code   RO         1666    .text               stm32f4xx_rcc.o
    0x08006ccc   0x00000480   Code   RO         1771    .text               stm32f4xx_spi.o
    0x0800714c   0x00000094   Code   RO         1791    .text               stm32f4xx_syscfg.o
    0x080071e0   0x00000ca2   Code   RO         1811    .text               stm32f4xx_tim.o
    0x08007e82   0x00000002   PAD
    0x08007e84   0x00000454   Code   RO         1831    .text               stm32f4xx_usart.o
    0x080082d8   0x000000e0   Code   RO         1871    .text               clock.o
    0x080083b8   0x00000034   Code   RO         1905    .text               c_w.l(vsnprintf.o)
    0x080083ec   0x00000018   Code   RO         1907    .text               c_w.l(__2printf.o)
    0x08008404   0x00000052   Code   RO         1913    .text               c_w.l(_printf_str.o)
    0x08008456   0x00000002   PAD
    0x08008458   0x00000078   Code   RO         1915    .text               c_w.l(_printf_dec.o)
    0x080084d0   0x00000094   Code   RO         1935    .text               c_w.l(_printf_hex_int_ll_ptr.o)
    0x08008564   0x00000188   Code   RO         1955    .text               c_w.l(__printf_flags_ss_wp.o)
    0x080086ec   0x0000003c   Code   RO         1963    .text               c_w.l(__0sscanf.o)
    0x08008728   0x0000014c   Code   RO         1965    .text               c_w.l(_scanf_int.o)
    0x08008874   0x0000003e   Code   RO         1967    .text               c_w.l(strlen.o)
    0x080088b2   0x00000064   Code   RO         1969    .text               c_w.l(rt_memcpy_w.o)
    0x08008916   0x00000002   PAD
    0x08008918   0x00000080   Code   RO         1971    .text               c_w.l(strcmpv7m.o)
    0x08008998   0x00000006   Code   RO         1973    .text               c_w.l(heapauxi.o)
    0x0800899e   0x00000016   Code   RO         2058    .text               c_w.l(_rserrno.o)
    0x080089b4   0x0000004e   Code   RO         2060    .text               c_w.l(_printf_pad.o)
    0x08008a02   0x00000024   Code   RO         2062    .text               c_w.l(_printf_truncate.o)
    0x08008a26   0x000000b2   Code   RO         2064    .text               c_w.l(_printf_intcommon.o)
    0x08008ad8   0x00000028   Code   RO         2066    .text               c_w.l(_printf_charcount.o)
    0x08008b00   0x0000041a   Code   RO         2068    .text               c_w.l(_printf_fp_dec.o)
    0x08008f1a   0x00000002   PAD
    0x08008f1c   0x00000030   Code   RO         2070    .text               c_w.l(_printf_char_common.o)
    0x08008f4c   0x0000000a   Code   RO         2072    .text               c_w.l(_sputc.o)
    0x08008f56   0x00000010   Code   RO         2074    .text               c_w.l(_snputc.o)
    0x08008f66   0x0000002c   Code   RO         2076    .text               c_w.l(_printf_char.o)
    0x08008f92   0x00000002   PAD
    0x08008f94   0x00000024   Code   RO         2078    .text               c_w.l(_printf_char_file.o)
    0x08008fb8   0x000000bc   Code   RO         2080    .text               c_w.l(_printf_wctomb.o)
    0x08009074   0x0000007c   Code   RO         2083    .text               c_w.l(_printf_longlong_dec.o)
    0x080090f0   0x00000070   Code   RO         2089    .text               c_w.l(_printf_oct_int_ll.o)
    0x08009160   0x0000001c   Code   RO         2110    .text               c_w.l(_chval.o)
    0x0800917c   0x0000002c   Code   RO         2112    .text               c_w.l(scanf_char.o)
    0x080091a8   0x00000040   Code   RO         2114    .text               c_w.l(_sgetc.o)
    0x080091e8   0x00000008   Code   RO         2170    .text               c_w.l(rt_locale_intlibspace.o)
    0x080091f0   0x00000008   Code   RO         2175    .text               c_w.l(rt_errno_addr_intlibspace.o)
    0x080091f8   0x0000008a   Code   RO         2177    .text               c_w.l(lludiv10.o)
    0x08009282   0x00000012   Code   RO         2179    .text               c_w.l(isspace.o)
    0x08009294   0x000002fc   Code   RO         2181    .text               c_w.l(_printf_fp_hex.o)
    0x08009590   0x00000080   Code   RO         2184    .text               c_w.l(_printf_fp_infnan.o)
    0x08009610   0x0000002c   Code   RO         2188    .text               c_w.l(_printf_wchar.o)
    0x0800963c   0x00000374   Code   RO         2190    .text               c_w.l(_scanf.o)
    0x080099b0   0x000000dc   Code   RO         2192    .text               c_w.l(bigflt0.o)
    0x08009a8c   0x00000008   Code   RO         2217    .text               c_w.l(ferror.o)
    0x08009a94   0x00000040   Code   RO         2221    .text               c_w.l(_wcrtomb.o)
    0x08009ad4   0x00000008   Code   RO         2228    .text               c_w.l(libspace.o)
    0x08009adc   0x0000004a   Code   RO         2231    .text               c_w.l(sys_stackheap_outer.o)
    0x08009b26   0x00000002   PAD
    0x08009b28   0x00000010   Code   RO         2233    .text               c_w.l(rt_ctype_table.o)
    0x08009b38   0x0000000c   Code   RO         2235    .text               c_w.l(exit.o)
    0x08009b44   0x0000003e   Code   RO         2195    CL$$btod_d2e        c_w.l(btod.o)
    0x08009b82   0x00000046   Code   RO         2197    CL$$btod_d2e_denorm_low  c_w.l(btod.o)
    0x08009bc8   0x00000060   Code   RO         2196    CL$$btod_d2e_norm_op1  c_w.l(btod.o)
    0x08009c28   0x00000338   Code   RO         2205    CL$$btod_div_common  c_w.l(btod.o)
    0x08009f60   0x000000c6   Code   RO         2202    CL$$btod_e2e        c_w.l(btod.o)
    0x0800a026   0x00000028   Code   RO         2199    CL$$btod_ediv       c_w.l(btod.o)
    0x0800a04e   0x00000028   Code   RO         2198    CL$$btod_emul       c_w.l(btod.o)
    0x0800a076   0x00000244   Code   RO         2204    CL$$btod_mult_common  c_w.l(btod.o)
    0x0800a2ba   0x00000030   Code   RO         2226    i.__ARM_fpclassify  m_wm.l(fpclassify.o)
    0x0800a2ea   0x00000026   Code   RO         2133    i.__ARM_fpclassifyf  m_wm.l(fpclassifyf.o)
    0x0800a310   0x00000150   Code   RO         2001    i.__hardfp_cosf     m_wm.l(cosf.o)
    0x0800a460   0x00000014   Code   RO         2013    i.__hardfp_fabs     m_wm.l(fabs.o)
    0x0800a474   0x0000060c   Code   RO         2019    i.__hardfp_powf     m_wm.l(powf.o)
    0x0800aa80   0x00000190   Code   RO         2033    i.__hardfp_sinf     m_wm.l(sinf.o)
    0x0800ac10   0x0000003a   Code   RO         2045    i.__hardfp_sqrtf    m_wm.l(sqrtf.o)
    0x0800ac4a   0x00000002   PAD
    0x0800ac4c   0x00000014   Code   RO         2135    i.__mathlib_flt_divzero  m_wm.l(funder.o)
    0x0800ac60   0x00000006   Code   RO         2136    i.__mathlib_flt_infnan  m_wm.l(funder.o)
    0x0800ac66   0x00000006   Code   RO         2137    i.__mathlib_flt_infnan2  m_wm.l(funder.o)
    0x0800ac6c   0x00000010   Code   RO         2138    i.__mathlib_flt_invalid  m_wm.l(funder.o)
    0x0800ac7c   0x00000010   Code   RO         2139    i.__mathlib_flt_overflow  m_wm.l(funder.o)
    0x0800ac8c   0x00000010   Code   RO         2141    i.__mathlib_flt_underflow  m_wm.l(funder.o)
    0x0800ac9c   0x00000154   Code   RO         2149    i.__mathlib_rredf2  m_wm.l(rredf.o)
    0x0800adf0   0x0000000e   Code   RO         1948    i._is_digit         c_w.l(__printf_wp.o)
    0x0800adfe   0x00000018   Code   RO         1894    i.delay_ms          clock.o
    0x0800ae16   0x00000002   PAD
    0x0800ae18   0x0000004c   Code   RO         1888    i.delay_us          clock.o
    0x0800ae64   0x0000001c   Code   RO          703    i.stop_fan          fan.o
    0x0800ae80   0x00000018   Code   RO          708    i.toggle_fan        fan.o
    0x0800ae98   0x0000002c   Code   RO         2224    locale$$code        c_w.l(lc_numeric_c.o)
    0x0800aec4   0x0000002c   Code   RO         2291    locale$$code        c_w.l(lc_ctype_c.o)
    0x0800aef0   0x00000062   Code   RO         1977    x$fpl$d2f           fz_wm.l(d2f.o)
    0x0800af52   0x00000002   PAD
    0x0800af54   0x00000150   Code   RO         1979    x$fpl$dadd          fz_wm.l(daddsub_clz.o)
    0x0800b0a4   0x000002b0   Code   RO         1986    x$fpl$ddiv          fz_wm.l(ddiv.o)
    0x0800b354   0x0000002e   Code   RO         1990    x$fpl$dflt          fz_wm.l(dflt_clz.o)
    0x0800b382   0x00000026   Code   RO         1989    x$fpl$dfltu         fz_wm.l(dflt_clz.o)
    0x0800b3a8   0x00000154   Code   RO         1995    x$fpl$dmul          fz_wm.l(dmul.o)
    0x0800b4fc   0x0000009c   Code   RO         2116    x$fpl$dnaninf       fz_wm.l(dnaninf.o)
    0x0800b598   0x0000000c   Code   RO         2118    x$fpl$dretinf       fz_wm.l(dretinf.o)
    0x0800b5a4   0x000001d4   Code   RO         1981    x$fpl$dsub          fz_wm.l(daddsub_clz.o)
    0x0800b778   0x00000056   Code   RO         1997    x$fpl$f2d           fz_wm.l(f2d.o)
    0x0800b7ce   0x0000008c   Code   RO         2120    x$fpl$fnaninf       fz_wm.l(fnaninf.o)
    0x0800b85a   0x0000000a   Code   RO         2295    x$fpl$fpinit        fz_wm.l(fpinit.o)
    0x0800b864   0x0000000a   Code   RO         2122    x$fpl$fretinf       fz_wm.l(fretinf.o)
    0x0800b86e   0x00000004   Code   RO         1999    x$fpl$printf1       fz_wm.l(printf1.o)
    0x0800b872   0x00000004   Code   RO         2126    x$fpl$printf2       fz_wm.l(printf2.o)
    0x0800b876   0x00000000   Code   RO         2132    x$fpl$usenofp       fz_wm.l(usenofp.o)
    0x0800b876   0x00000002   PAD
    0x0800b878   0x00000028   Data   RO          507    .constdata          pwm.o
    0x0800b8a0   0x0000005a   Data   RO          634    .constdata          encoder.o
    0x0800b8fa   0x00000002   PAD
    0x0800b8fc   0x00000034   Data   RO          661    .constdata          switch.o
    0x0800b930   0x00000004   Data   RO          971    .constdata          mti.o
    0x0800b934   0x00000028   Data   RO         1936    .constdata          c_w.l(_printf_hex_int_ll_ptr.o)
    0x0800b95c   0x00000011   Data   RO         1956    .constdata          c_w.l(__printf_flags_ss_wp.o)
    0x0800b96d   0x00000003   PAD
    0x0800b970   0x00000140   Data   RO         2022    .constdata          m_wm.l(powf.o)
    0x0800bab0   0x00000008   Data   RO         2081    .constdata          c_w.l(_printf_wctomb.o)
    0x0800bab8   0x00000020   Data   RO         2150    .constdata          m_wm.l(rredf.o)
    0x0800bad8   0x00000026   Data   RO         2182    .constdata          c_w.l(_printf_fp_hex.o)
    0x0800bafe   0x00000002   PAD
    0x0800bb00   0x00000094   Data   RO         2193    .constdata          c_w.l(bigflt0.o)
    0x0800bb94   0x00000020   Data   RO         2367    Region$$Table       anon$$obj.o
    0x0800bbb4   0x0000001c   Data   RO         2223    locale$$data        c_w.l(lc_numeric_c.o)
    0x0800bbd0   0x00000110   Data   RO         2290    locale$$data        c_w.l(lc_ctype_c.o)


    Execution Region RW_IRAM1 (Base: 0x20000000, Size: 0x00018818, Max: 0x00020000, ABSOLUTE, COMPRESSED[0x000000a0])

    Base Addr    Size         Type   Attr      Idx    E Section Name        Object

    0x20000000   0x00000024   Data   RW            5    .data               automove.o
    0x20000024   0x00000048   Data   RW          182    .data               auto_control.o
    0x2000006c   0x00000007   Data   RW          340    .data               stm32f4xx_it.o
    0x20000073   0x00000001   PAD
    0x20000074   0x00000014   Data   RW          383    .data               system_stm32f4xx.o
    0x20000088   0x00000020   Data   RW          508    .data               pwm.o
    0x200000a8   0x00000050   Data   RW          635    .data               encoder.o
    0x200000f8   0x00000010   Data   RW          662    .data               switch.o
    0x20000108   0x0000000c   Data   RW          686    .data               fan.o
    0x20000114   0x00000002   Data   RW          744    .data               brake.o
    0x20000116   0x00000002   PAD
    0x20000118   0x00000018   Data   RW          808    .data               push_rod.o
    0x20000130   0x00000008   Data   RW          857    .data               four_wheel.o
    0x20000138   0x00000030   Data   RW          890    .data               suart.o
    0x20000168   0x00000005   Data   RW          928    .data               database.o
    0x2000016d   0x00000003   PAD
    0x20000170   0x00000038   Data   RW          972    .data               mti.o
    0x200001a8   0x0000003c   Data   RW         1003    .data               mpu6050.o
    0x200001e4   0x00000008   Data   RW         1052    .data               whiteline.o
    0x200001ec   0x00000004   Data   RW         1075    .data               usart.o
    0x200001f0   0x00000010   Data   RW         1667    .data               stm32f4xx_rcc.o
    0x20000200   0x00000002   Data   RW         1872    .data               clock.o
    0x20000202   0x00000002   PAD
    0x20000204   0x00000060   Zero   RW            4    .bss                automove.o
    0x20000264   0x0000000a   Zero   RW          339    .bss                stm32f4xx_it.o
    0x2000026e   0x00000002   PAD
    0x20000270   0x00000028   Zero   RW          506    .bss                pwm.o
    0x20000298   0x00000410   Zero   RW          564    .bss                interpreter.o
    0x200006a8   0x00000020   Zero   RW          685    .bss                fan.o
    0x200006c8   0x000040d0   Zero   RW          927    .bss                database.o
    0x20004798   0x0000001c   Zero   RW         1002    .bss                mpu6050.o
    0x200047b4   0x00000060   Zero   RW         2229    .bss                c_w.l(libspace.o)
    0x20004814   0x00000004   PAD
    0x20004818   0x00010000   Zero   RW         1100    HEAP                startup_stm32f40_41xxx.o
    0x20014818   0x00004000   Zero   RW         1099    STACK               startup_stm32f40_41xxx.o


==============================================================================

Image component sizes


      Code (inc. data)   RO Data    RW Data    ZI Data      Debug   Object Name

       748         98          0         72          0       3362   auto_control.o
      1956        222          0         36         96     267312   automove.o
       136          8          0          2          0       1444   brake.o
       324         20          0          2          0       1810   clock.o
      1308        224          0          5      16592       4457   database.o
      1020        122         90         80          0       3520   encoder.o
       600         84          0         12         32       3415   fan.o
       352         50          0          0          0       2003   flash.o
      2312        142          0          8          0       3694   four_wheel.o
       948         42          0          0       1040       2447   interpreter.o
        72         16          0          0          0        738   magnet.o
       104         26          0          0          0     227975   main.o
       224         20          0          0          0       1777   misc.o
       592        166          0          0          0       3085   movement.o
      2960        222          0         60         28       7060   mpu6050.o
       216         30          4         56          0       1858   mti.o
       368          4          0          0          0       1564   pid.o
       384          8          0         24          0       1659   push_rod.o
       516         46         40         32         40     233954   pwm.o
       368         14          0          0          0        908   spi.o
        64         26        392          0      81920        828   startup_stm32f40_41xxx.o
       936         32          0          0          0       6249   stm32f4xx_dma.o
       272         10          0          0          0       2223   stm32f4xx_exti.o
      1684         28          0          0          0       9114   stm32f4xx_flash.o
       660         44          0          0          0       4053   stm32f4xx_gpio.o
      1110         26          0          0          0       8503   stm32f4xx_i2c.o
      1928        284          0          7         10       5233   stm32f4xx_it.o
        64          6          0          0          0       1309   stm32f4xx_iwdg.o
      1628         52          0         16          0      12820   stm32f4xx_rcc.o
      1152         36          0          0          0       6801   stm32f4xx_spi.o
       148         12          0          0          0       1825   stm32f4xx_syscfg.o
      3234         60          0          0          0      22256   stm32f4xx_tim.o
      1108         34          0          0          0       7752   stm32f4xx_usart.o
       784         68          0         48          0       4059   suart.o
       248         30         52         16          0       1977   switch.o
       528         46          0         20          0      87083   system_stm32f4xx.o
      1044         32          0          4          0       4881   usart.o
       192         10          0          0          0       1994   utils.o
       788        166          0          8          0       1462   whiteline.o

    ----------------------------------------------------------------------
     33086       2566        612        516      99760     964464   Object Totals
         0          0         32          0          0          0   (incl. Generated)
         6          0          2          8          2          0   (incl. Padding)

    ----------------------------------------------------------------------

      Code (inc. data)   RO Data    RW Data    ZI Data      Debug   Library Member Name

        60          8          0          0          0         84   __0sscanf.o
        24          4          0          0          0         84   __2printf.o
        90          0          0          0          0          0   __dczerorl2.o
         8          0          0          0          0         68   __main.o
       392          4         17          0          0         92   __printf_flags_ss_wp.o
        14          0          0          0          0         68   __printf_wp.o
         0          0          0          0          0          0   __rtentry.o
        12          0          0          0          0          0   __rtentry2.o
         6          0          0          0          0          0   __rtentry4.o
        52          8          0          0          0          0   __scatter.o
        28          0          0          0          0          0   __scatter_zi.o
        28          0          0          0          0         68   _chval.o
         6          0          0          0          0          0   _printf_a.o
         6          0          0          0          0          0   _printf_c.o
        44          0          0          0          0        108   _printf_char.o
        48          6          0          0          0         96   _printf_char_common.o
        36          4          0          0          0         80   _printf_char_file.o
        40          0          0          0          0         68   _printf_charcount.o
         6          0          0          0          0          0   _printf_d.o
       120         16          0          0          0         92   _printf_dec.o
         6          0          0          0          0          0   _printf_e.o
         6          0          0          0          0          0   _printf_f.o
      1050          0          0          0          0        216   _printf_fp_dec.o
       764         10         38          0          0        100   _printf_fp_hex.o
       128         16          0          0          0         84   _printf_fp_infnan.o
         6          0          0          0          0          0   _printf_g.o
       148          4         40          0          0        160   _printf_hex_int_ll_ptr.o
         6          0          0          0          0          0   _printf_i.o
       178          0          0          0          0         88   _printf_intcommon.o
        10          0          0          0          0          0   _printf_l.o
         6          0          0          0          0          0   _printf_lc.o
        10          0          0          0          0          0   _printf_ll.o
         6          0          0          0          0          0   _printf_lld.o
         6          0          0          0          0          0   _printf_lli.o
         6          0          0          0          0          0   _printf_llo.o
         6          0          0          0          0          0   _printf_llu.o
         6          0          0          0          0          0   _printf_llx.o
       124         16          0          0          0         92   _printf_longlong_dec.o
         6          0          0          0          0          0   _printf_ls.o
         6          0          0          0          0          0   _printf_n.o
         6          0          0          0          0          0   _printf_o.o
       112          8          0          0          0        124   _printf_oct_int_ll.o
         6          0          0          0          0          0   _printf_p.o
        78          0          0          0          0        108   _printf_pad.o
         0          0          0          0          0          0   _printf_percent.o
         4          0          0          0          0          0   _printf_percent_end.o
         6          0          0          0          0          0   _printf_s.o
        82          0          0          0          0         80   _printf_str.o
        36          0          0          0          0         84   _printf_truncate.o
         6          0          0          0          0          0   _printf_u.o
        44          0          0          0          0        108   _printf_wchar.o
       188          6          8          0          0         92   _printf_wctomb.o
         6          0          0          0          0          0   _printf_x.o
        22          0          0          0          0        100   _rserrno.o
       884          6          0          0          0        100   _scanf.o
       332          0          0          0          0         96   _scanf_int.o
        64          0          0          0          0         84   _sgetc.o
        16          0          0          0          0         68   _snputc.o
        10          0          0          0          0         68   _sputc.o
        64          0          0          0          0         92   _wcrtomb.o
       220          4        148          0          0         96   bigflt0.o
      1910        128          0          0          0        672   btod.o
        12          0          0          0          0         72   exit.o
         8          0          0          0          0         68   ferror.o
         6          0          0          0          0        152   heapauxi.o
        18          0          0          0          0         76   isspace.o
        44         10        272          0          0         76   lc_ctype_c.o
        44         10         28          0          0         76   lc_numeric_c.o
         2          0          0          0          0          0   libinit.o
        34          0          0          0          0          0   libinit2.o
         2          0          0          0          0          0   libshutdown.o
         2          0          0          0          0          0   libshutdown2.o
         8          4          0          0         96         68   libspace.o
       138          0          0          0          0         80   lludiv10.o
        16          4          0          0          0         76   rt_ctype_table.o
         8          4          0          0          0         68   rt_errno_addr_intlibspace.o
         8          4          0          0          0         68   rt_locale_intlibspace.o
       100          0          0          0          0         80   rt_memcpy_w.o
         2          0          0          0          0          0   rtexit.o
        10          0          0          0          0          0   rtexit2.o
        44          8          0          0          0         84   scanf_char.o
       128          0          0          0          0         68   strcmpv7m.o
        62          0          0          0          0         76   strlen.o
        74          0          0          0          0         80   sys_stackheap_outer.o
        52          4          0          0          0         80   vsnprintf.o
        98          4          0          0          0        140   d2f.o
       804         16          0          0          0        368   daddsub_clz.o
       688        140          0          0          0        256   ddiv.o
        84          0          0          0          0        232   dflt_clz.o
       340         12          0          0          0        152   dmul.o
       156          4          0          0          0        140   dnaninf.o
        12          0          0          0          0        116   dretinf.o
        86          4          0          0          0        132   f2d.o
       140          4          0          0          0        132   fnaninf.o
        10          0          0          0          0        116   fpinit.o
        10          0          0          0          0        116   fretinf.o
         4          0          0          0          0        116   printf1.o
         4          0          0          0          0        116   printf2.o
         0          0          0          0          0          0   usenofp.o
       336         56          0          0          0        136   cosf.o
        20          0          0          0          0        124   fabs.o
        48          0          0          0          0        124   fpclassify.o
        38          0          0          0          0        116   fpclassifyf.o
        80         24          0          0          0        696   funder.o
      1548        110        320          0          0        268   powf.o
       340         24         32          0          0        160   rredf.o
       400         56          0          0          0        212   sinf.o
        58          0          0          0          0        136   sqrtf.o

    ----------------------------------------------------------------------
     13746        750        908          0        100       9072   Library Totals
        20          0          5          0          4          0   (incl. Padding)

    ----------------------------------------------------------------------

      Code (inc. data)   RO Data    RW Data    ZI Data      Debug   Library Name

      8422        296        551          0         96       4968   c_w.l
      2436        184          0          0          0       2132   fz_wm.l
      2868        270        352          0          0       1972   m_wm.l

    ----------------------------------------------------------------------
     13746        750        908          0        100       9072   Library Totals

    ----------------------------------------------------------------------

==============================================================================


      Code (inc. data)   RO Data    RW Data    ZI Data      Debug   

     46832       3316       1520        516      99860     959480   Grand Totals
     46832       3316       1520        160      99860     959480   ELF Image Totals (compressed)
     46832       3316       1520        160          0          0   ROM Totals

==============================================================================

    Total RO  Size (Code + RO Data)                48352 (  47.22kB)
    Total RW  Size (RW Data + ZI Data)            100376 (  98.02kB)
    Total ROM Size (Code + RO Data + RW Data)      48512 (  47.38kB)

==============================================================================

