Component: ARM Compiler 5.05 update 1 (build 106) Tool: armlink [4d0efa]

==============================================================================

Section Cross References

    automove.o(.text) refers to _printf_percent.o(.ARM.Collect$$_printf_percent$$00000000) for _printf_percent
    automove.o(.text) refers to _printf_f.o(.ARM.Collect$$_printf_percent$$00000003) for _printf_f
    automove.o(.text) refers to printf1.o(x$fpl$printf1) for _printf_fp_dec
    automove.o(.text) refers to _printf_d.o(.ARM.Collect$$_printf_percent$$00000009) for _printf_d
    automove.o(.text) refers to _printf_dec.o(.text) for _printf_int_dec
    automove.o(.text) refers to pid.o(.text) for pid_realize
    automove.o(.text) refers to f2d.o(x$fpl$f2d) for __aeabi_f2d
    automove.o(.text) refers to __2printf.o(.text) for __2printf
    automove.o(.text) refers to powf.o(i.__hardfp_powf) for __hardfp_powf
    automove.o(.text) refers to sqrtf.o(i.__hardfp_sqrtf) for __hardfp_sqrtf
    automove.o(.text) refers to cosf.o(i.__hardfp_cosf) for __hardfp_cosf
    automove.o(.text) refers to sinf.o(i.__hardfp_sinf) for __hardfp_sinf
    automove.o(.text) refers to usart.o(.text) for uprintf
    automove.o(.text) refers to four_wheel.o(.data) for arg_speeds
    automove.o(.text) refers to automove.o(.bss) for pr
    automove.o(.text) refers to mti.o(.text) for get_mti_value
    automove.o(.text) refers to encoder.o(.text) for get_pos_x
    automove.o(.text) refers to stm32f4xx_rcc.o(.text) for RCC_APB2PeriphClockCmd
    automove.o(.text) refers to stm32f4xx_tim.o(.text) for TIM_TimeBaseInit
    automove.o(.text) refers to misc.o(.text) for NVIC_Init
    automove.o(.text) refers to automove.o(.data) for gps_dest_x
    auto_control.o(.text) refers to fan.o(.text) for start_fan
    auto_control.o(.text) refers to clock.o(i.delay_ms) for delay_ms
    auto_control.o(.text) refers to fan.o(i.stop_fan) for stop_fan
    auto_control.o(.text) refers to pwm.o(.text) for set_duty
    auto_control.o(.text) refers to automove.o(.text) for automove_config
    auto_control.o(.text) refers to __2printf.o(.text) for __2printf
    auto_control.o(.text) refers to movement.o(.text) for stop_all
    auto_control.o(.text) refers to interpreter.o(.text) for check_cmd
    auto_control.o(.text) refers to auto_control.o(.data) for auto_flag
    auto_control.o(.data) refers to auto_control.o(.text) for start_fan_1
    main.o(.text) refers to clock.o(.text) for system_clk_set
    main.o(.text) refers to misc.o(.text) for NVIC_PriorityGroupConfig
    main.o(.text) refers to interpreter.o(.text) for interpreter_config
    main.o(.text) refers to usart.o(.text) for uart_config
    main.o(.text) refers to spi.o(.text) for spi_config
    main.o(.text) refers to suart.o(.text) for suart_config
    main.o(.text) refers to brake.o(.text) for brake_config
    main.o(.text) refers to encoder.o(.text) for encoder_config
    main.o(.text) refers to switch.o(.text) for switch_config
    main.o(.text) refers to push_rod.o(.text) for push_rod_config
    main.o(.text) refers to pwm.o(.text) for pwm_config
    main.o(.text) refers to auto_control.o(.text) for auto_control
    main.o(.text) refers to __2printf.o(.text) for __2printf
    stm32f4xx_it.o(.text) refers to stm32f4xx_spi.o(.text) for SPI_I2S_ClearITPendingBit
    stm32f4xx_it.o(.text) refers to stm32f4xx_usart.o(.text) for USART_GetITStatus
    stm32f4xx_it.o(.text) refers to utils.o(.text) for in_char_queue
    stm32f4xx_it.o(.text) refers to mti.o(.text) for mti
    stm32f4xx_it.o(.text) refers to database.o(.text) for db_queue_exec
    stm32f4xx_it.o(.text) refers to stm32f4xx_tim.o(.text) for TIM_GetITStatus
    stm32f4xx_it.o(.text) refers to automove.o(.text) for automove_daemon
    stm32f4xx_it.o(.text) refers to encoder.o(.text) for get_pos_fan
    stm32f4xx_it.o(.text) refers to fan.o(.text) for fan_up
    stm32f4xx_it.o(.text) refers to stm32f4xx_gpio.o(.text) for GPIO_WriteBit
    stm32f4xx_it.o(.text) refers to suart.o(.text) for suart_check
    stm32f4xx_it.o(.text) refers to stm32f4xx_dma.o(.text) for DMA_GetITStatus
    stm32f4xx_it.o(.text) refers to interpreter.o(.bss) for cmd_queue
    stm32f4xx_it.o(.text) refers to stm32f4xx_it.o(.data) for mti_count
    stm32f4xx_it.o(.text) refers to mti.o(.data) for mti_angle_new
    stm32f4xx_it.o(.text) refers to mti.o(.constdata) for mti_flag
    stm32f4xx_it.o(.text) refers to database.o(.bss) for db_cmd_queue
    stm32f4xx_it.o(.text) refers to fan.o(.data) for fan_up_flag
    stm32f4xx_it.o(.text) refers to stm32f4xx_it.o(.bss) for t
    stm32f4xx_it.o(.text) refers to pwm.o(.bss) for PWMHighTime
    stm32f4xx_it.o(.text) refers to pwm.o(.data) for PWMPins
    stm32f4xx_it.o(.text) refers to usart.o(.text) for uprintf
    stm32f4xx_it.o(.text) refers to stm32f4xx_iwdg.o(.text) for IWDG_ReloadCounter
    stm32f4xx_it.o(.text) refers to clock.o(i.delay_ms) for delay_ms
    stm32f4xx_it.o(.text) refers to stm32f4xx_exti.o(.text) for EXTI_GetITStatus
[...]
    OTG_HS_IRQHandler                        0x08004b3b   Thumb Code     0  startup_stm32f40_41xxx.o(.text)
    OTG_HS_WKUP_IRQHandler                   0x08004b3b   Thumb Code     0  startup_stm32f40_41xxx.o(.text)
    PVD_IRQHandler                           0x08004b3b   Thumb Code     0  startup_stm32f40_41xxx.o(.text)
    RCC_IRQHandler                           0x08004b3b   Thumb Code     0  startup_stm32f40_41xxx.o(.text)
    RTC_Alarm_IRQHandler                     0x08004b3b   Thumb Code     0  startup_stm32f40_41xxx.o(.text)
    RTC_WKUP_IRQHandler                      0x08004b3b   Thumb Code     0  startup_stm32f40_41xxx.o(.text)
    SDIO_IRQHandler                          0x08004b3b   Thumb Code     0  startup_stm32f40_41xxx.o(.text)
    SPI1_IRQHandler                          0x08004b3b   Thumb Code     0  startup_stm32f40_41xxx.o(.text)
    SPI3_IRQHandler                          0x08004b3b   Thumb Code     0  startup_stm32f40_41xxx.o(.text)
    TAMP_STAMP_IRQHandler                    0x08004b3b   Thumb Code     0  startup_stm32f40_41xxx.o(.text)
    TIM1_BRK_TIM9_IRQHandler                 0x08004b3b   Thumb Code     0  startup_stm32f40_41xxx.o(.text)
    TIM1_CC_IRQHandler                       0x08004b3b   Thumb Code     0  startup_stm32f40_41xxx.o(.text)
    TIM2_IRQHandler                          0x08004b3b   Thumb Code     0  startup_stm32f40_41xxx.o(.text)
    TIM3_IRQHandler                          0x08004b3b   Thumb Code     0  startup_stm32f40_41xxx.o(.text)
    TIM4_IRQHandler                          0x08004b3b   Thumb Code     0  startup_stm32f40_41xxx.o(.text)
    TIM5_IRQHandler                          0x08004b3b   Thumb Code     0  startup_stm32f40_41xxx.o(.text)
    TIM8_BRK_TIM12_IRQHandler                0x08004b3b   Thumb Code     0  startup_stm32f40_41xxx.o(.text)
    TIM8_CC_IRQHandler                       0x08004b3b   Thumb Code     0  startup_stm32f40_41xxx.o(.text)
    USART6_IRQHandler                        0x08004b3b   Thumb Code     0  startup_stm32f40_41xxx.o(.text)
    WWDG_IRQHandler                          0x08004b3b   Thumb Code     0  startup_stm32f40_41xxx.o(.text)
    __user_initial_stackheap                 0x08004b3d   Thumb Code     0  startup_stm32f40_41xxx.o(.text)
    spi_wr                                   0x08004b61   Thumb Code    70  spi.o(.text)
    spi_config                               0x08004ba7   Thumb Code   284  spi.o(.text)
    flread                                   0x08004cd1   Thumb Code     6  flash.o(.text)
    flash_get_sector                         0x08004cd7   Thumb Code   116  flash.o(.text)
    flerase                                  0x08004d4b   Thumb Code    62  flash.o(.text)
    flwriten                                 0x08004d89   Thumb Code    86  flash.o(.text)
    flreadn                                  0x08004ddf   Thumb Code    32  flash.o(.text)
    NVIC_PriorityGroupConfig                 0x08004e31   Thumb Code    10  misc.o(.text)
    NVIC_Init                                0x08004e3b   Thumb Code   106  misc.o(.text)
    NVIC_SetVectorTable                      0x08004ea5   Thumb Code    14  misc.o(.text)
    NVIC_SystemLPConfig                      0x08004eb3   Thumb Code    34  misc.o(.text)
    SysTick_CLKSourceConfig                  0x08004ed5   Thumb Code    40  misc.o(.text)
    DMA_DeInit                               0x08004f11   Thumb Code   324  stm32f4xx_dma.o(.text)
    DMA_Init                                 0x08005055   Thumb Code    82  stm32f4xx_dma.o(.text)
    DMA_StructInit                           0x080050a7   Thumb Code    34  stm32f4xx_dma.o(.text)
    DMA_Cmd                                  0x080050c9   Thumb Code    22  stm32f4xx_dma.o(.text)
    DMA_PeriphIncOffsetSizeConfig            0x080050df   Thumb Code    22  stm32f4xx_dma.o(.text)
    DMA_FlowControllerConfig                 0x080050f5   Thumb Code    22  stm32f4xx_dma.o(.text)
    DMA_SetCurrDataCounter                   0x0800510b   Thumb Code     4  stm32f4xx_dma.o(.text)
    DMA_GetCurrDataCounter                   0x0800510f   Thumb Code     8  stm32f4xx_dma.o(.text)
    DMA_DoubleBufferModeConfig               0x08005117   Thumb Code    24  stm32f4xx_dma.o(.text)
    DMA_DoubleBufferModeCmd                  0x0800512f   Thumb Code    22  stm32f4xx_dma.o(.text)
    DMA_MemoryTargetConfig                   0x08005145   Thumb Code    10  stm32f4xx_dma.o(.text)
    DMA_GetCurrentMemoryTarget               0x0800514f   Thumb Code    20  stm32f4xx_dma.o(.text)
    DMA_GetCmdStatus                         0x08005163   Thumb Code    20  stm32f4xx_dma.o(.text)
    DMA_GetFIFOStatus                        0x08005177   Thumb Code    12  stm32f4xx_dma.o(.text)
    DMA_GetFlagStatus                        0x08005183   Thumb Code    56  stm32f4xx_dma.o(.text)
    DMA_ClearFlag                            0x080051bb   Thumb Code    40  stm32f4xx_dma.o(.text)
    DMA_ITConfig                             0x080051e3   Thumb Code    58  stm32f4xx_dma.o(.text)
    DMA_GetITStatus                          0x0800521d   Thumb Code    84  stm32f4xx_dma.o(.text)
    DMA_ClearITPendingBit                    0x08005271   Thumb Code    40  stm32f4xx_dma.o(.text)
    EXTI_DeInit                              0x080052b9   Thumb Code    28  stm32f4xx_exti.o(.text)
    EXTI_Init                                0x080052d5   Thumb Code   142  stm32f4xx_exti.o(.text)
    EXTI_StructInit                          0x08005363   Thumb Code    16  stm32f4xx_exti.o(.text)
    EXTI_GenerateSWInterrupt                 0x08005373   Thumb Code    16  stm32f4xx_exti.o(.text)
    EXTI_GetFlagStatus                       0x08005383   Thumb Code    22  stm32f4xx_exti.o(.text)
    EXTI_ClearFlag                           0x08005399   Thumb Code     8  stm32f4xx_exti.o(.text)
    EXTI_GetITStatus                         0x080053a1   Thumb Code    22  stm32f4xx_exti.o(.text)
    EXTI_ClearITPendingBit                   0x080053b7   Thumb Code     8  stm32f4xx_exti.o(.text)
    FLASH_SetLatency                         0x080053c9   Thumb Code     6  stm32f4xx_flash.o(.text)
    FLASH_PrefetchBufferCmd                  0x080053cf   Thumb Code    30  stm32f4xx_flash.o(.text)
    FLASH_InstructionCacheCmd                0x080053ed   Thumb Code    30  stm32f4xx_flash.o(.text)
    FLASH_DataCacheCmd                       0x0800540b   Thumb Code    30  stm32f4xx_flash.o(.text)
    FLASH_InstructionCacheReset              0x08005429   Thumb Code    14  stm32f4xx_flash.o(.text)
    FLASH_DataCacheReset                     0x08005437   Thumb Code    14  stm32f4xx_flash.o(.text)
    FLASH_Unlock                             0x08005445   Thumb Code    26  stm32f4xx_flash.o(.text)
    FLASH_Lock                               0x0800545f   Thumb Code    18  stm32f4xx_flash.o(.text)
    FLASH_GetStatus                          0x08005471   Thumb Code    90  stm32f4xx_flash.o(.text)
    FLASH_WaitForLastOperation               0x080054cb   Thumb Code    34  stm32f4xx_flash.o(.text)
    FLASH_EraseSector                        0x080054ed   Thumb Code   140  stm32f4xx_flash.o(.text)
    FLASH_EraseAllSectors                    0x08005579   Thumb Code   112  stm32f4xx_flash.o(.text)
    FLASH_EraseAllBank1Sectors               0x080055e9   Thumb Code   112  stm32f4xx_flash.o(.text)
    FLASH_EraseAllBank2Sectors               0x08005659   Thumb Code   112  stm32f4xx_flash.o(.text)
    FLASH_ProgramDoubleWord                  0x080056c9   Thumb Code    86  stm32f4xx_flash.o(.text)
    FLASH_ProgramWord                        0x0800571f   Thumb Code    82  stm32f4xx_flash.o(.text)
    FLASH_ProgramHalfWord                    0x08005771   Thumb Code    96  stm32f4xx_flash.o(.text)
    FLASH_ProgramByte                        0x080057d1   Thumb Code    70  stm32f4xx_flash.o(.text)
    FLASH_OB_Unlock                          0x08005817   Thumb Code    26  stm32f4xx_flash.o(.text)
    FLASH_OB_Lock                            0x08005831   Thumb Code    18  stm32f4xx_flash.o(.text)
    FLASH_OB_WRPConfig                       0x08005843   Thumb Code    54  stm32f4xx_flash.o(.text)
    FLASH_OB_WRP1Config                      0x08005879   Thumb Code    54  stm32f4xx_flash.o(.text)
    FLASH_OB_PCROPSelectionConfig            0x080058af   Thumb Code    24  stm32f4xx_flash.o(.text)
    FLASH_OB_PCROPConfig                     0x080058c7   Thumb Code    54  stm32f4xx_flash.o(.text)
    FLASH_OB_PCROP1Config                    0x080058fd   Thumb Code    54  stm32f4xx_flash.o(.text)
    FLASH_OB_RDPConfig                       0x08005933   Thumb Code    24  stm32f4xx_flash.o(.text)
    FLASH_OB_UserConfig                      0x0800594b   Thumb Code    46  stm32f4xx_flash.o(.text)
    FLASH_OB_BootConfig                      0x08005979   Thumb Code    26  stm32f4xx_flash.o(.text)
    FLASH_OB_BORConfig                       0x08005993   Thumb Code    26  stm32f4xx_flash.o(.text)
    FLASH_OB_Launch                          0x080059ad   Thumb Code    30  stm32f4xx_flash.o(.text)
    FLASH_OB_GetUser                         0x080059cb   Thumb Code    12  stm32f4xx_flash.o(.text)
    FLASH_OB_GetWRP                          0x080059d7   Thumb Code     8  stm32f4xx_flash.o(.text)
    FLASH_OB_GetWRP1                         0x080059df   Thumb Code     8  stm32f4xx_flash.o(.text)
    FLASH_OB_GetPCROP                        0x080059e7   Thumb Code     8  stm32f4xx_flash.o(.text)
    FLASH_OB_GetPCROP1                       0x080059ef   Thumb Code     8  stm32f4xx_flash.o(.text)
    FLASH_OB_GetRDP                          0x080059f7   Thumb Code    20  stm32f4xx_flash.o(.text)
    FLASH_OB_GetBOR                          0x08005a0b   Thumb Code    12  stm32f4xx_flash.o(.text)
    FLASH_ITConfig                           0x08005a17   Thumb Code    26  stm32f4xx_flash.o(.text)
    FLASH_GetFlagStatus                      0x08005a31   Thumb Code    22  stm32f4xx_flash.o(.text)
    FLASH_ClearFlag                          0x08005a47   Thumb Code     8  stm32f4xx_flash.o(.text)
    GPIO_DeInit                              0x08005a5d   Thumb Code   268  stm32f4xx_gpio.o(.text)
    GPIO_Init                                0x08005b69   Thumb Code   144  stm32f4xx_gpio.o(.text)
    GPIO_StructInit                          0x08005bf9   Thumb Code    18  stm32f4xx_gpio.o(.text)
    GPIO_PinLockConfig                       0x08005c0b   Thumb Code    34  stm32f4xx_gpio.o(.text)
    GPIO_ReadInputDataBit                    0x08005c2d   Thumb Code    18  stm32f4xx_gpio.o(.text)
    GPIO_ReadInputData                       0x08005c3f   Thumb Code     8  stm32f4xx_gpio.o(.text)
    GPIO_ReadOutputDataBit                   0x08005c47   Thumb Code    18  stm32f4xx_gpio.o(.text)
    GPIO_ReadOutputData                      0x08005c59   Thumb Code     8  stm32f4xx_gpio.o(.text)
    GPIO_SetBits                             0x08005c61   Thumb Code     4  stm32f4xx_gpio.o(.text)
    GPIO_ResetBits                           0x08005c65   Thumb Code     4  stm32f4xx_gpio.o(.text)
    GPIO_WriteBit                            0x08005c69   Thumb Code    10  stm32f4xx_gpio.o(.text)
    GPIO_Write                               0x08005c73   Thumb Code     4  stm32f4xx_gpio.o(.text)
    GPIO_ToggleBits                          0x08005c77   Thumb Code     8  stm32f4xx_gpio.o(.text)
    GPIO_PinAFConfig                         0x08005c7f   Thumb Code    70  stm32f4xx_gpio.o(.text)
    I2C_DeInit                               0x08005cf1   Thumb Code    82  stm32f4xx_i2c.o(.text)
    I2C_Init                                 0x08005d43   Thumb Code   218  stm32f4xx_i2c.o(.text)
    I2C_StructInit                           0x08005e1d   Thumb Code    30  stm32f4xx_i2c.o(.text)
    I2C_Cmd                                  0x08005e3b   Thumb Code    24  stm32f4xx_i2c.o(.text)
    I2C_AnalogFilterCmd                      0x08005e53   Thumb Code    24  stm32f4xx_i2c.o(.text)
    I2C_DigitalFilterConfig                  0x08005e6b   Thumb Code    22  stm32f4xx_i2c.o(.text)
    I2C_GenerateSTART                        0x08005e81   Thumb Code    24  stm32f4xx_i2c.o(.text)
    I2C_GenerateSTOP                         0x08005e99   Thumb Code    24  stm32f4xx_i2c.o(.text)
    I2C_Send7bitAddress                      0x08005eb1   Thumb Code    16  stm32f4xx_i2c.o(.text)
    I2C_AcknowledgeConfig                    0x08005ec1   Thumb Code    24  stm32f4xx_i2c.o(.text)
    I2C_OwnAddress2Config                    0x08005ed9   Thumb Code    22  stm32f4xx_i2c.o(.text)
    I2C_DualAddressCmd                       0x08005eef   Thumb Code    24  stm32f4xx_i2c.o(.text)
    I2C_GeneralCallCmd                       0x08005f07   Thumb Code    24  stm32f4xx_i2c.o(.text)
    I2C_SoftwareResetCmd                     0x08005f1f   Thumb Code    22  stm32f4xx_i2c.o(.text)
    I2C_StretchClockCmd                      0x08005f35   Thumb Code    24  stm32f4xx_i2c.o(.text)
    I2C_FastModeDutyCycleConfig              0x08005f4d   Thumb Code    28  stm32f4xx_i2c.o(.text)
    I2C_NACKPositionConfig                   0x08005f69   Thumb Code    28  stm32f4xx_i2c.o(.text)
    I2C_SMBusAlertConfig                     0x08005f85   Thumb Code    28  stm32f4xx_i2c.o(.text)
    I2C_ARPCmd                               0x08005fa1   Thumb Code    24  stm32f4xx_i2c.o(.text)
    I2C_SendData                             0x08005fb9   Thumb Code     4  stm32f4xx_i2c.o(.text)
    I2C_ReceiveData                          0x08005fbd   Thumb Code     8  stm32f4xx_i2c.o(.text)
    I2C_TransmitPEC                          0x08005fc5   Thumb Code    24  stm32f4xx_i2c.o(.text)
    I2C_PECPositionConfig                    0x08005fdd   Thumb Code    28  stm32f4xx_i2c.o(.text)
    I2C_CalculatePEC                         0x08005ff9   Thumb Code    24  stm32f4xx_i2c.o(.text)
    I2C_GetPEC                               0x08006011   Thumb Code     8  stm32f4xx_i2c.o(.text)
    I2C_DMACmd                               0x08006019   Thumb Code    24  stm32f4xx_i2c.o(.text)
    I2C_DMALastTransferCmd                   0x08006031   Thumb Code    24  stm32f4xx_i2c.o(.text)
    I2C_ReadRegister                         0x08006049   Thumb Code    22  stm32f4xx_i2c.o(.text)
    I2C_ITConfig                             0x0800605f   Thumb Code    18  stm32f4xx_i2c.o(.text)
    I2C_CheckEvent                           0x08006071   Thumb Code    42  stm32f4xx_i2c.o(.text)
    I2C_GetLastEvent                         0x0800609b   Thumb Code    26  stm32f4xx_i2c.o(.text)
    I2C_GetFlagStatus                        0x080060b5   Thumb Code    84  stm32f4xx_i2c.o(.text)
    I2C_ClearFlag                            0x08006109   Thumb Code    12  stm32f4xx_i2c.o(.text)
    I2C_GetITStatus                          0x08006115   Thumb Code    38  stm32f4xx_i2c.o(.text)
    I2C_ClearITPendingBit                    0x0800613b   Thumb Code    12  stm32f4xx_i2c.o(.text)
    IWDG_WriteAccessCmd                      0x08006149   Thumb Code     6  stm32f4xx_iwdg.o(.text)
    IWDG_SetPrescaler                        0x0800614f   Thumb Code     6  stm32f4xx_iwdg.o(.text)
    IWDG_SetReload                           0x08006155   Thumb Code     6  stm32f4xx_iwdg.o(.text)
    IWDG_ReloadCounter                       0x0800615b   Thumb Code    10  stm32f4xx_iwdg.o(.text)
    IWDG_Enable                              0x08006165   Thumb Code    10  stm32f4xx_iwdg.o(.text)
    IWDG_GetFlagStatus                       0x0800616f   Thumb Code    20  stm32f4xx_iwdg.o(.text)
    RCC_DeInit                               0x08006189   Thumb Code    82  stm32f4xx_rcc.o(.text)
    RCC_HSEConfig                            0x080061db   Thumb Code    14  stm32f4xx_rcc.o(.text)
    RCC_GetFlagStatus                        0x080061e9   Thumb Code    60  stm32f4xx_rcc.o(.text)
    RCC_WaitForHSEStartUp                    0x08006225   Thumb Code    56  stm32f4xx_rcc.o(.text)
    RCC_AdjustHSICalibrationValue            0x0800625d   Thumb Code    20  stm32f4xx_rcc.o(.text)
    RCC_HSICmd                               0x08006271   Thumb Code     6  stm32f4xx_rcc.o(.text)
    RCC_LSEConfig                            0x08006277   Thumb Code    46  stm32f4xx_rcc.o(.text)
    RCC_LSICmd                               0x080062a5   Thumb Code     6  stm32f4xx_rcc.o(.text)
    RCC_PLLConfig                            0x080062ab   Thumb Code    32  stm32f4xx_rcc.o(.text)
    RCC_PLLCmd                               0x080062cb   Thumb Code     6  stm32f4xx_rcc.o(.text)
    RCC_PLLI2SConfig                         0x080062d1   Thumb Code    14  stm32f4xx_rcc.o(.text)
    RCC_PLLI2SCmd                            0x080062df   Thumb Code     6  stm32f4xx_rcc.o(.text)
    RCC_PLLSAIConfig                         0x080062e5   Thumb Code    20  stm32f4xx_rcc.o(.text)
    RCC_PLLSAICmd                            0x080062f9   Thumb Code     6  stm32f4xx_rcc.o(.text)
    RCC_ClockSecuritySystemCmd               0x080062ff   Thumb Code     6  stm32f4xx_rcc.o(.text)
    RCC_MCO1Config                           0x08006305   Thumb Code    28  stm32f4xx_rcc.o(.text)
    RCC_MCO2Config                           0x08006321   Thumb Code    28  stm32f4xx_rcc.o(.text)
    RCC_SYSCLKConfig                         0x0800633d   Thumb Code    20  stm32f4xx_rcc.o(.text)
    RCC_GetSYSCLKSource                      0x08006351   Thumb Code    12  stm32f4xx_rcc.o(.text)
    RCC_HCLKConfig                           0x0800635d   Thumb Code    20  stm32f4xx_rcc.o(.text)
    RCC_PCLK1Config                          0x08006371   Thumb Code    20  stm32f4xx_rcc.o(.text)
    RCC_PCLK2Config                          0x08006385   Thumb Code    22  stm32f4xx_rcc.o(.text)
    RCC_GetClocksFreq                        0x0800639b   Thumb Code   222  stm32f4xx_rcc.o(.text)
    RCC_RTCCLKConfig                         0x08006479   Thumb Code    54  stm32f4xx_rcc.o(.text)
    RCC_RTCCLKCmd                            0x080064af   Thumb Code     8  stm32f4xx_rcc.o(.text)
    RCC_BackupResetCmd                       0x080064b7   Thumb Code     8  stm32f4xx_rcc.o(.text)
    RCC_I2SCLKConfig                         0x080064bf   Thumb Code     6  stm32f4xx_rcc.o(.text)
    RCC_SAIPLLI2SClkDivConfig                0x080064c5   Thumb Code    26  stm32f4xx_rcc.o(.text)
    RCC_SAIPLLSAIClkDivConfig                0x080064df   Thumb Code    28  stm32f4xx_rcc.o(.text)
    RCC_SAIBlockACLKConfig                   0x080064fb   Thumb Code    20  stm32f4xx_rcc.o(.text)
    RCC_SAIBlockBCLKConfig                   0x0800650f   Thumb Code    20  stm32f4xx_rcc.o(.text)
    RCC_LTDCCLKDivConfig                     0x08006523   Thumb Code    20  stm32f4xx_rcc.o(.text)
    RCC_TIMCLKPresConfig                     0x08006537   Thumb Code     6  stm32f4xx_rcc.o(.text)
    RCC_AHB1PeriphClockCmd                   0x0800653d   Thumb Code    34  stm32f4xx_rcc.o(.text)
    RCC_AHB2PeriphClockCmd                   0x0800655f   Thumb Code    78  stm32f4xx_rcc.o(.text)
    RCC_AHB3PeriphClockCmd                   0x080065ad   Thumb Code    34  stm32f4xx_rcc.o(.text)
    RCC_APB1PeriphClockCmd                   0x080065cf   Thumb Code    34  stm32f4xx_rcc.o(.text)
    RCC_APB2PeriphClockCmd                   0x080065f1   Thumb Code    34  stm32f4xx_rcc.o(.text)
    RCC_AHB1PeriphResetCmd                   0x08006613   Thumb Code    34  stm32f4xx_rcc.o(.text)
    RCC_AHB2PeriphResetCmd                   0x08006635   Thumb Code    34  stm32f4xx_rcc.o(.text)
    RCC_AHB3PeriphResetCmd                   0x08006657   Thumb Code    34  stm32f4xx_rcc.o(.text)
    RCC_APB1PeriphResetCmd                   0x08006679   Thumb Code    34  stm32f4xx_rcc.o(.text)
    RCC_APB2PeriphResetCmd                   0x0800669b   Thumb Code    34  stm32f4xx_rcc.o(.text)
    RCC_AHB1PeriphClockLPModeCmd             0x080066bd   Thumb Code    34  stm32f4xx_rcc.o(.text)
    RCC_AHB2PeriphClockLPModeCmd             0x080066df   Thumb Code    34  stm32f4xx_rcc.o(.text)
    RCC_AHB3PeriphClockLPModeCmd             0x08006701   Thumb Code    34  stm32f4xx_rcc.o(.text)
    RCC_APB1PeriphClockLPModeCmd             0x08006723   Thumb Code    34  stm32f4xx_rcc.o(.text)
    RCC_APB2PeriphClockLPModeCmd             0x08006745   Thumb Code    34  stm32f4xx_rcc.o(.text)
    RCC_LSEModeConfig                        0x08006767   Thumb Code    40  stm32f4xx_rcc.o(.text)
    RCC_ITConfig                             0x0800678f   Thumb Code    34  stm32f4xx_rcc.o(.text)
    RCC_ClearFlag                            0x080067b1   Thumb Code    18  stm32f4xx_rcc.o(.text)
    RCC_GetITStatus                          0x080067c3   Thumb Code    22  stm32f4xx_rcc.o(.text)
    RCC_ClearITPendingBit                    0x080067d9   Thumb Code     8  stm32f4xx_rcc.o(.text)
    SPI_I2S_DeInit                           0x080067e5   Thumb Code   152  stm32f4xx_spi.o(.text)
    SPI_Init                                 0x0800687d   Thumb Code    60  stm32f4xx_spi.o(.text)
    I2S_Init                                 0x080068b9   Thumb Code   396  stm32f4xx_spi.o(.text)
    SPI_StructInit                           0x08006a45   Thumb Code    24  stm32f4xx_spi.o(.text)
    I2S_StructInit                           0x08006a5d   Thumb Code    20  stm32f4xx_spi.o(.text)
    SPI_Cmd                                  0x08006a71   Thumb Code    24  stm32f4xx_spi.o(.text)
    I2S_Cmd                                  0x08006a89   Thumb Code    24  stm32f4xx_spi.o(.text)
    SPI_DataSizeConfig                       0x08006aa1   Thumb Code    18  stm32f4xx_spi.o(.text)
    SPI_BiDirectionalLineConfig              0x08006ab3   Thumb Code    28  stm32f4xx_spi.o(.text)
    SPI_NSSInternalSoftwareConfig            0x08006acf   Thumb Code    30  stm32f4xx_spi.o(.text)
    SPI_SSOutputCmd                          0x08006aed   Thumb Code    24  stm32f4xx_spi.o(.text)
    SPI_TIModeCmd                            0x08006b05   Thumb Code    24  stm32f4xx_spi.o(.text)
    I2S_FullDuplexConfig                     0x08006b1d   Thumb Code    80  stm32f4xx_spi.o(.text)
    SPI_I2S_ReceiveData                      0x08006b6d   Thumb Code     6  stm32f4xx_spi.o(.text)
    SPI_I2S_SendData                         0x08006b73   Thumb Code     4  stm32f4xx_spi.o(.text)
    SPI_CalculateCRC                         0x08006b77   Thumb Code    24  stm32f4xx_spi.o(.text)
    SPI_TransmitCRC                          0x08006b8f   Thumb Code    10  stm32f4xx_spi.o(.text)
    SPI_GetCRC                               0x08006b99   Thumb Code    16  stm32f4xx_spi.o(.text)
    SPI_GetCRCPolynomial                     0x08006ba9   Thumb Code     6  stm32f4xx_spi.o(.text)
    SPI_I2S_DMACmd                           0x08006baf   Thumb Code    18  stm32f4xx_spi.o(.text)
    SPI_I2S_ITConfig                         0x08006bc1   Thumb Code    68  stm32f4xx_spi.o(.text)
    SPI_I2S_GetFlagStatus                    0x08006c05   Thumb Code    18  stm32f4xx_spi.o(.text)
    SPI_I2S_ClearFlag                        0x08006c17   Thumb Code     6  stm32f4xx_spi.o(.text)
    SPI_I2S_GetITStatus                      0x08006c1d   Thumb Code    52  stm32f4xx_spi.o(.text)
    SPI_I2S_ClearITPendingBit                0x08006c51   Thumb Code    20  stm32f4xx_spi.o(.text)
    SYSCFG_DeInit                            0x08006c65   Thumb Code    22  stm32f4xx_syscfg.o(.text)
    SYSCFG_MemoryRemapConfig                 0x08006c7b   Thumb Code     6  stm32f4xx_syscfg.o(.text)
    SYSCFG_MemorySwappingBank                0x08006c81   Thumb Code     6  stm32f4xx_syscfg.o(.text)
    SYSCFG_EXTILineConfig                    0x08006c87   Thumb Code    66  stm32f4xx_syscfg.o(.text)
    SYSCFG_ETH_MediaInterfaceConfig          0x08006cc9   Thumb Code     8  stm32f4xx_syscfg.o(.text)
    SYSCFG_CompensationCellCmd               0x08006cd1   Thumb Code     6  stm32f4xx_syscfg.o(.text)
    SYSCFG_GetCompensationCellStatus         0x08006cd7   Thumb Code    22  stm32f4xx_syscfg.o(.text)
    TIM_DeInit                               0x08006cf9   Thumb Code   346  stm32f4xx_tim.o(.text)
    TIM_TimeBaseInit                         0x08006e53   Thumb Code   104  stm32f4xx_tim.o(.text)
    TIM_TimeBaseStructInit                   0x08006ebb   Thumb Code    18  stm32f4xx_tim.o(.text)
    TIM_PrescalerConfig                      0x08006ecd   Thumb Code     6  stm32f4xx_tim.o(.text)
    TIM_CounterModeConfig                    0x08006ed3   Thumb Code    18  stm32f4xx_tim.o(.text)
    TIM_SetCounter                           0x08006ee5   Thumb Code     4  stm32f4xx_tim.o(.text)
    TIM_SetAutoreload                        0x08006ee9   Thumb Code     4  stm32f4xx_tim.o(.text)
    TIM_GetCounter                           0x08006eed   Thumb Code     6  stm32f4xx_tim.o(.text)
    TIM_GetPrescaler                         0x08006ef3   Thumb Code     6  stm32f4xx_tim.o(.text)
    TIM_UpdateDisableConfig                  0x08006ef9   Thumb Code    24  stm32f4xx_tim.o(.text)
    TIM_UpdateRequestConfig                  0x08006f11   Thumb Code    24  stm32f4xx_tim.o(.text)
    TIM_ARRPreloadConfig                     0x08006f29   Thumb Code    24  stm32f4xx_tim.o(.text)
    TIM_SelectOnePulseMode                   0x08006f41   Thumb Code    18  stm32f4xx_tim.o(.text)
    TIM_SetClockDivision                     0x08006f53   Thumb Code    18  stm32f4xx_tim.o(.text)
    TIM_Cmd                                  0x08006f65   Thumb Code    24  stm32f4xx_tim.o(.text)
    TIM_OC1Init                              0x08006f7d   Thumb Code   114  stm32f4xx_tim.o(.text)
    TIM_OC2Init                              0x08006fef   Thumb Code   154  stm32f4xx_tim.o(.text)
    TIM_OC3Init                              0x08007089   Thumb Code   204  stm32f4xx_tim.o(.text)
    TIM_OC4Init                              0x08007155   Thumb Code   112  stm32f4xx_tim.o(.text)
    TIM_OCStructInit                         0x080071c5   Thumb Code    20  stm32f4xx_tim.o(.text)
    TIM_SelectOCxM                           0x080071d9   Thumb Code    86  stm32f4xx_tim.o(.text)
    TIM_SetCompare1                          0x0800722f   Thumb Code     4  stm32f4xx_tim.o(.text)
    TIM_SetCompare2                          0x08007233   Thumb Code     4  stm32f4xx_tim.o(.text)
    TIM_SetCompare3                          0x08007237   Thumb Code     4  stm32f4xx_tim.o(.text)
    TIM_SetCompare4                          0x0800723b   Thumb Code     4  stm32f4xx_tim.o(.text)
    TIM_ForcedOC1Config                      0x0800723f   Thumb Code    18  stm32f4xx_tim.o(.text)
    TIM_ForcedOC2Config                      0x08007251   Thumb Code    26  stm32f4xx_tim.o(.text)
    TIM_ForcedOC3Config                      0x0800726b   Thumb Code    18  stm32f4xx_tim.o(.text)
    TIM_ForcedOC4Config                      0x0800727d   Thumb Code    26  stm32f4xx_tim.o(.text)
    TIM_OC1PreloadConfig                     0x08007297   Thumb Code    18  stm32f4xx_tim.o(.text)
    TIM_OC2PreloadConfig                     0x080072a9   Thumb Code    26  stm32f4xx_tim.o(.text)
    TIM_OC3PreloadConfig                     0x080072c3   Thumb Code    18  stm32f4xx_tim.o(.text)
    TIM_OC4PreloadConfig                     0x080072d5   Thumb Code    26  stm32f4xx_tim.o(.text)
    TIM_OC1FastConfig                        0x080072ef   Thumb Code    18  stm32f4xx_tim.o(.text)
    TIM_OC2FastConfig                        0x08007301   Thumb Code    26  stm32f4xx_tim.o(.text)
    TIM_OC3FastConfig                        0x0800731b   Thumb Code    18  stm32f4xx_tim.o(.text)
    TIM_OC4FastConfig                        0x0800732d   Thumb Code    26  stm32f4xx_tim.o(.text)
    TIM_ClearOC1Ref                          0x08007347   Thumb Code    18  stm32f4xx_tim.o(.text)
    TIM_ClearOC2Ref                          0x08007359   Thumb Code    24  stm32f4xx_tim.o(.text)
    TIM_ClearOC3Ref                          0x08007371   Thumb Code    18  stm32f4xx_tim.o(.text)
    TIM_ClearOC4Ref                          0x08007383   Thumb Code    24  stm32f4xx_tim.o(.text)
    TIM_OC1PolarityConfig                    0x0800739b   Thumb Code    18  stm32f4xx_tim.o(.text)
    TIM_OC1NPolarityConfig                   0x080073ad   Thumb Code    18  stm32f4xx_tim.o(.text)
    TIM_OC2PolarityConfig                    0x080073bf   Thumb Code    26  stm32f4xx_tim.o(.text)
    TIM_OC2NPolarityConfig                   0x080073d9   Thumb Code    26  stm32f4xx_tim.o(.text)
    TIM_OC3PolarityConfig                    0x080073f3   Thumb Code    26  stm32f4xx_tim.o(.text)
    TIM_OC3NPolarityConfig                   0x0800740d   Thumb Code    26  stm32f4xx_tim.o(.text)
    TIM_OC4PolarityConfig                    0x08007427   Thumb Code    26  stm32f4xx_tim.o(.text)
    TIM_CCxCmd                               0x08007441   Thumb Code    30  stm32f4xx_tim.o(.text)
    TIM_CCxNCmd                              0x0800745f   Thumb Code    30  stm32f4xx_tim.o(.text)
    TIM_SetIC4Prescaler                      0x0800747d   Thumb Code    26  stm32f4xx_tim.o(.text)
    TIM_SetIC3Prescaler                      0x080074e7   Thumb Code    18  stm32f4xx_tim.o(.text)
    TIM_SetIC2Prescaler                      0x08007541   Thumb Code    26  stm32f4xx_tim.o(.text)
    TIM_SetIC1Prescaler                      0x080075b5   Thumb Code    18  stm32f4xx_tim.o(.text)
    TIM_ICInit                               0x08007601   Thumb Code   110  stm32f4xx_tim.o(.text)
    TIM_ICStructInit                         0x0800766f   Thumb Code    18  stm32f4xx_tim.o(.text)
    TIM_PWMIConfig                           0x08007681   Thumb Code   124  stm32f4xx_tim.o(.text)
    TIM_GetCapture1                          0x080076fd   Thumb Code     6  stm32f4xx_tim.o(.text)
    TIM_GetCapture2                          0x08007703   Thumb Code     6  stm32f4xx_tim.o(.text)
    TIM_GetCapture3                          0x08007709   Thumb Code     6  stm32f4xx_tim.o(.text)
    TIM_GetCapture4                          0x0800770f   Thumb Code     6  stm32f4xx_tim.o(.text)
    TIM_BDTRConfig                           0x08007715   Thumb Code    32  stm32f4xx_tim.o(.text)
    TIM_BDTRStructInit                       0x08007735   Thumb Code    18  stm32f4xx_tim.o(.text)
    TIM_CtrlPWMOutputs                       0x08007747   Thumb Code    30  stm32f4xx_tim.o(.text)
    TIM_SelectCOM                            0x08007765   Thumb Code    24  stm32f4xx_tim.o(.text)
    TIM_CCPreloadControl                     0x0800777d   Thumb Code    24  stm32f4xx_tim.o(.text)
    TIM_ITConfig                             0x08007795   Thumb Code    18  stm32f4xx_tim.o(.text)
    TIM_GenerateEvent                        0x080077a7   Thumb Code     4  stm32f4xx_tim.o(.text)
    TIM_GetFlagStatus                        0x080077ab   Thumb Code    18  stm32f4xx_tim.o(.text)
    TIM_ClearFlag                            0x080077bd   Thumb Code     6  stm32f4xx_tim.o(.text)
    TIM_GetITStatus                          0x080077c3   Thumb Code    34  stm32f4xx_tim.o(.text)
    TIM_ClearITPendingBit                    0x080077e5   Thumb Code     6  stm32f4xx_tim.o(.text)
    TIM_DMAConfig                            0x080077eb   Thumb Code    10  stm32f4xx_tim.o(.text)
    TIM_DMACmd                               0x080077f5   Thumb Code    18  stm32f4xx_tim.o(.text)
    TIM_SelectCCDMA                          0x08007807   Thumb Code    24  stm32f4xx_tim.o(.text)
    TIM_InternalClockConfig                  0x0800781f   Thumb Code    12  stm32f4xx_tim.o(.text)
    TIM_SelectInputTrigger                   0x0800782b   Thumb Code    18  stm32f4xx_tim.o(.text)
    TIM_ITRxExternalClockConfig              0x0800783d   Thumb Code    24  stm32f4xx_tim.o(.text)
    TIM_TIxExternalClockConfig               0x08007855   Thumb Code    62  stm32f4xx_tim.o(.text)
    TIM_ETRConfig                            0x08007893   Thumb Code    28  stm32f4xx_tim.o(.text)
    TIM_ETRClockMode1Config                  0x080078af   Thumb Code    54  stm32f4xx_tim.o(.text)
    TIM_ETRClockMode2Config                  0x080078e5   Thumb Code    32  stm32f4xx_tim.o(.text)
    TIM_SelectOutputTrigger                  0x08007905   Thumb Code    18  stm32f4xx_tim.o(.text)
    TIM_SelectSlaveMode                      0x08007917   Thumb Code    18  stm32f4xx_tim.o(.text)
    TIM_SelectMasterSlaveMode                0x08007929   Thumb Code    18  stm32f4xx_tim.o(.text)
    TIM_EncoderInterfaceConfig               0x0800793b   Thumb Code    66  stm32f4xx_tim.o(.text)
    TIM_SelectHallSensor                     0x0800797d   Thumb Code    24  stm32f4xx_tim.o(.text)
    TIM_RemapConfig                          0x08007995   Thumb Code     6  stm32f4xx_tim.o(.text)
    USART_DeInit                             0x0800799d   Thumb Code   206  stm32f4xx_usart.o(.text)
    USART_Init                               0x08007a6b   Thumb Code   204  stm32f4xx_usart.o(.text)
    USART_StructInit                         0x08007b37   Thumb Code    24  stm32f4xx_usart.o(.text)
    USART_ClockInit                          0x08007b4f   Thumb Code    32  stm32f4xx_usart.o(.text)
    USART_ClockStructInit                    0x08007b6f   Thumb Code    12  stm32f4xx_usart.o(.text)
    USART_Cmd                                0x08007b7b   Thumb Code    24  stm32f4xx_usart.o(.text)
    USART_SetPrescaler                       0x08007b93   Thumb Code    16  stm32f4xx_usart.o(.text)
    USART_OverSampling8Cmd                   0x08007ba3   Thumb Code    22  stm32f4xx_usart.o(.text)
    USART_OneBitMethodCmd                    0x08007bb9   Thumb Code    24  stm32f4xx_usart.o(.text)
    USART_SendData                           0x08007bd1   Thumb Code     8  stm32f4xx_usart.o(.text)
    USART_ReceiveData                        0x08007bd9   Thumb Code    10  stm32f4xx_usart.o(.text)
    USART_SetAddress                         0x08007be3   Thumb Code    18  stm32f4xx_usart.o(.text)
    USART_ReceiverWakeUpCmd                  0x08007bf5   Thumb Code    24  stm32f4xx_usart.o(.text)
    USART_WakeUpConfig                       0x08007c0d   Thumb Code    18  stm32f4xx_usart.o(.text)
    USART_LINBreakDetectLengthConfig         0x08007c1f   Thumb Code    18  stm32f4xx_usart.o(.text)
    USART_LINCmd                             0x08007c31   Thumb Code    24  stm32f4xx_usart.o(.text)
    USART_SendBreak                          0x08007c49   Thumb Code    10  stm32f4xx_usart.o(.text)
    USART_HalfDuplexCmd                      0x08007c53   Thumb Code    24  stm32f4xx_usart.o(.text)
    USART_SetGuardTime                       0x08007c6b   Thumb Code    16  stm32f4xx_usart.o(.text)
    USART_SmartCardCmd                       0x08007c7b   Thumb Code    24  stm32f4xx_usart.o(.text)
    USART_SmartCardNACKCmd                   0x08007c93   Thumb Code    24  stm32f4xx_usart.o(.text)
    USART_IrDAConfig                         0x08007cab   Thumb Code    18  stm32f4xx_usart.o(.text)
    USART_IrDACmd                            0x08007cbd   Thumb Code    24  stm32f4xx_usart.o(.text)
    USART_DMACmd                             0x08007cd5   Thumb Code    18  stm32f4xx_usart.o(.text)
    USART_ITConfig                           0x08007ce7   Thumb Code    74  stm32f4xx_usart.o(.text)
    USART_GetFlagStatus                      0x08007d31   Thumb Code    26  stm32f4xx_usart.o(.text)
    USART_ClearFlag                          0x08007d4b   Thumb Code    18  stm32f4xx_usart.o(.text)
    USART_GetITStatus                        0x08007d5d   Thumb Code   118  stm32f4xx_usart.o(.text)
    USART_ClearITPendingBit                  0x08007dd3   Thumb Code    30  stm32f4xx_usart.o(.text)
    system_clk_set                           0x08007df1   Thumb Code   124  clock.o(.text)
    systick_config                           0x08007e6d   Thumb Code    84  clock.o(.text)
    vsnprintf                                0x08007ed1   Thumb Code    48  vsnprintf.o(.text)
    __2printf                                0x08007f05   Thumb Code    20  __2printf.o(.text)
    _printf_str                              0x08007f1d   Thumb Code    82  _printf_str.o(.text)
    _printf_int_dec                          0x08007f71   Thumb Code   104  _printf_dec.o(.text)
    _printf_longlong_hex                     0x08007fe9   Thumb Code    86  _printf_hex_int_ll_ptr.o(.text)
    _printf_int_hex                          0x0800803f   Thumb Code    28  _printf_hex_int_ll_ptr.o(.text)
    _printf_ll_hex                           0x0800805b   Thumb Code    12  _printf_hex_int_ll_ptr.o(.text)
    _printf_hex_ptr                          0x08008067   Thumb Code    18  _printf_hex_int_ll_ptr.o(.text)
    __printf                                 0x0800807d   Thumb Code   388  __printf_flags_ss_wp.o(.text)
    __0sscanf                                0x08008205   Thumb Code    52  __0sscanf.o(.text)
    _scanf_int                               0x08008241   Thumb Code   332  _scanf_int.o(.text)
    strlen                                   0x0800838d   Thumb Code    62  strlen.o(.text)
    __aeabi_memcpy4                          0x080083cb   Thumb Code     0  rt_memcpy_w.o(.text)
    __aeabi_memcpy8                          0x080083cb   Thumb Code     0  rt_memcpy_w.o(.text)
    __rt_memcpy_w                            0x080083cb   Thumb Code   100  rt_memcpy_w.o(.text)
    _memcpy_lastbytes_aligned                0x08008413   Thumb Code     0  rt_memcpy_w.o(.text)
    strcmp                                   0x08008431   Thumb Code   128  strcmpv7m.o(.text)
    __use_two_region_memory                  0x080084b1   Thumb Code     2  heapauxi.o(.text)
    __rt_heap_escrow$2region                 0x080084b3   Thumb Code     2  heapauxi.o(.text)
    __rt_heap_expand$2region                 0x080084b5   Thumb Code     2  heapauxi.o(.text)
    __read_errno                             0x080084b7   Thumb Code    10  _rserrno.o(.text)
    __set_errno                              0x080084c1   Thumb Code    12  _rserrno.o(.text)
    _printf_pre_padding                      0x080084cd   Thumb Code    44  _printf_pad.o(.text)
    _printf_post_padding                     0x080084f9   Thumb Code    34  _printf_pad.o(.text)
    _printf_truncate_signed                  0x0800851b   Thumb Code    18  _printf_truncate.o(.text)
    _printf_truncate_unsigned                0x0800852d   Thumb Code    18  _printf_truncate.o(.text)
    _printf_int_common                       0x0800853f   Thumb Code   178  _printf_intcommon.o(.text)
    _printf_charcount                        0x080085f1   Thumb Code    40  _printf_charcount.o(.text)
    __lib_sel_fp_printf                      0x08008619   Thumb Code     2  _printf_fp_dec.o(.text)
    _printf_fp_dec_real                      0x080087c7   Thumb Code   620  _printf_fp_dec.o(.text)
    _printf_char_common                      0x08008a3f   Thumb Code    32  _printf_char_common.o(.text)
    _sputc                                   0x08008a65   Thumb Code    10  _sputc.o(.text)
    _snputc                                  0x08008a6f   Thumb Code    16  _snputc.o(.text)
    _printf_cs_common                        0x08008a7f   Thumb Code    20  _printf_char.o(.text)
    _printf_char                             0x08008a93   Thumb Code    16  _printf_char.o(.text)
    _printf_string                           0x08008aa3   Thumb Code     8  _printf_char.o(.text)
    _printf_char_file                        0x08008aad   Thumb Code    32  _printf_char_file.o(.text)
    _printf_wctomb                           0x08008ad1   Thumb Code   182  _printf_wctomb.o(.text)
    _printf_longlong_dec                     0x08008b8d   Thumb Code   108  _printf_longlong_dec.o(.text)
    _printf_longlong_oct                     0x08008c09   Thumb Code    68  _printf_oct_int_ll.o(.text)
    _printf_int_oct                          0x08008c4d   Thumb Code    24  _printf_oct_int_ll.o(.text)
    _printf_ll_oct                           0x08008c65   Thumb Code    12  _printf_oct_int_ll.o(.text)
    _chval                                   0x08008c79   Thumb Code    28  _chval.o(.text)
    __vfscanf_char                           0x08008ca1   Thumb Code    24  scanf_char.o(.text)
    _sgetc                                   0x08008cc1   Thumb Code    30  _sgetc.o(.text)
    _sbackspace                              0x08008cdf   Thumb Code    34  _sgetc.o(.text)
    __rt_locale                              0x08008d01   Thumb Code     8  rt_locale_intlibspace.o(.text)
    __aeabi_errno_addr                       0x08008d09   Thumb Code     8  rt_errno_addr_intlibspace.o(.text)
    __errno$intlibspace                      0x08008d09   Thumb Code     0  rt_errno_addr_intlibspace.o(.text)
    __rt_errno_addr$intlibspace              0x08008d09   Thumb Code     0  rt_errno_addr_intlibspace.o(.text)
    _ll_udiv10                               0x08008d11   Thumb Code   138  lludiv10.o(.text)
    isspace                                  0x08008d9b   Thumb Code    18  isspace.o(.text)
    _printf_fp_hex_real                      0x08008dad   Thumb Code   754  _printf_fp_hex.o(.text)
    _printf_fp_infnan                        0x080090a9   Thumb Code   112  _printf_fp_infnan.o(.text)
    _printf_lcs_common                       0x08009129   Thumb Code    20  _printf_wchar.o(.text)
    _printf_wchar                            0x0800913d   Thumb Code    16  _printf_wchar.o(.text)
    _printf_wstring                          0x0800914d   Thumb Code     8  _printf_wchar.o(.text)
    __vfscanf                                0x08009155   Thumb Code   878  _scanf.o(.text)
    _btod_etento                             0x080094c9   Thumb Code   216  bigflt0.o(.text)
    ferror                                   0x080095a5   Thumb Code     8  ferror.o(.text)
    _wcrtomb                                 0x080095ad   Thumb Code    64  _wcrtomb.o(.text)
    __user_libspace                          0x080095ed   Thumb Code     8  libspace.o(.text)
    __user_perproc_libspace                  0x080095ed   Thumb Code     0  libspace.o(.text)
    __user_perthread_libspace                0x080095ed   Thumb Code     0  libspace.o(.text)
    __user_setup_stackheap                   0x080095f5   Thumb Code    74  sys_stackheap_outer.o(.text)
    __rt_ctype_table                         0x08009641   Thumb Code    16  rt_ctype_table.o(.text)
    exit                                     0x08009651   Thumb Code    12  exit.o(.text)
    _btod_d2e                                0x0800965d   Thumb Code    62  btod.o(CL$$btod_d2e)
    _d2e_denorm_low                          0x0800969b   Thumb Code    70  btod.o(CL$$btod_d2e_denorm_low)
    _d2e_norm_op1                            0x080096e1   Thumb Code    96  btod.o(CL$$btod_d2e_norm_op1)
    __btod_div_common                        0x08009741   Thumb Code   696  btod.o(CL$$btod_div_common)
    _e2e                                     0x08009a79   Thumb Code   198  btod.o(CL$$btod_e2e)
    _btod_ediv                               0x08009b3f   Thumb Code    40  btod.o(CL$$btod_ediv)
    _btod_emul                               0x08009b67   Thumb Code    40  btod.o(CL$$btod_emul)
    __btod_mult_common                       0x08009b8f   Thumb Code   580  btod.o(CL$$btod_mult_common)
    __ARM_fpclassify                         0x08009dd3   Thumb Code    48  fpclassify.o(i.__ARM_fpclassify)
    __ARM_fpclassifyf                        0x08009e03   Thumb Code    38  fpclassifyf.o(i.__ARM_fpclassifyf)
    __hardfp_cosf                            0x08009e29   Thumb Code   280  cosf.o(i.__hardfp_cosf)
    __hardfp_fabs                            0x08009f79   Thumb Code    20  fabs.o(i.__hardfp_fabs)
    __hardfp_powf                            0x08009f8d   Thumb Code  1518  powf.o(i.__hardfp_powf)
    __mathlib_powf                           0x08009f8d   Thumb Code     0  powf.o(i.__hardfp_powf)
    __hardfp_sinf                            0x0800a599   Thumb Code   344  sinf.o(i.__hardfp_sinf)
    __hardfp_sqrtf                           0x0800a729   Thumb Code    58  sqrtf.o(i.__hardfp_sqrtf)
    __mathlib_flt_divzero                    0x0800a765   Thumb Code    14  funder.o(i.__mathlib_flt_divzero)
    __mathlib_flt_infnan                     0x0800a779   Thumb Code     6  funder.o(i.__mathlib_flt_infnan)
    __mathlib_flt_infnan2                    0x0800a77f   Thumb Code     6  funder.o(i.__mathlib_flt_infnan2)
    __mathlib_flt_invalid                    0x0800a785   Thumb Code    10  funder.o(i.__mathlib_flt_invalid)
    __mathlib_flt_overflow                   0x0800a795   Thumb Code    10  funder.o(i.__mathlib_flt_overflow)
    __mathlib_flt_underflow                  0x0800a7a5   Thumb Code    10  funder.o(i.__mathlib_flt_underflow)
    __mathlib_rredf2                         0x0800a7b5   Thumb Code   316  rredf.o(i.__mathlib_rredf2)
    _is_digit                                0x0800a909   Thumb Code    14  __printf_wp.o(i._is_digit)
    delay_ms                                 0x0800a917   Thumb Code    24  clock.o(i.delay_ms)
    delay_us                                 0x0800a931   Thumb Code    72  clock.o(i.delay_us)
    stop_fan                                 0x0800a97d   Thumb Code    20  fan.o(i.stop_fan)
    toggle_fan                               0x0800a999   Thumb Code    20  fan.o(i.toggle_fan)
    _get_lc_numeric                          0x0800a9b1   Thumb Code    44  lc_numeric_c.o(locale$$code)
    _get_lc_ctype                            0x0800a9dd   Thumb Code    44  lc_ctype_c.o(locale$$code)
    __aeabi_d2f                              0x0800aa09   Thumb Code     0  d2f.o(x$fpl$d2f)
    _d2f                                     0x0800aa09   Thumb Code    98  d2f.o(x$fpl$d2f)
    __aeabi_dadd                             0x0800aa6d   Thumb Code     0  daddsub_clz.o(x$fpl$dadd)
    _dadd                                    0x0800aa6d   Thumb Code   332  daddsub_clz.o(x$fpl$dadd)
    __aeabi_ddiv                             0x0800abbd   Thumb Code     0  ddiv.o(x$fpl$ddiv)
    _ddiv                                    0x0800abbd   Thumb Code   552  ddiv.o(x$fpl$ddiv)
    __aeabi_i2d                              0x0800ae6d   Thumb Code     0  dflt_clz.o(x$fpl$dflt)
    _dflt                                    0x0800ae6d   Thumb Code    46  dflt_clz.o(x$fpl$dflt)
    __aeabi_ui2d                             0x0800ae9b   Thumb Code     0  dflt_clz.o(x$fpl$dfltu)
    _dfltu                                   0x0800ae9b   Thumb Code    38  dflt_clz.o(x$fpl$dfltu)
    __aeabi_dmul                             0x0800aec1   Thumb Code     0  dmul.o(x$fpl$dmul)
    _dmul                                    0x0800aec1   Thumb Code   332  dmul.o(x$fpl$dmul)
    __fpl_dnaninf                            0x0800b015   Thumb Code   156  dnaninf.o(x$fpl$dnaninf)
    __fpl_dretinf                            0x0800b0b1   Thumb Code    12  dretinf.o(x$fpl$dretinf)
    __aeabi_dsub                             0x0800b0bd   Thumb Code     0  daddsub_clz.o(x$fpl$dsub)
    _dsub                                    0x0800b0bd   Thumb Code   464  daddsub_clz.o(x$fpl$dsub)
    __aeabi_f2d                              0x0800b291   Thumb Code     0  f2d.o(x$fpl$f2d)
    _f2d                                     0x0800b291   Thumb Code    86  f2d.o(x$fpl$f2d)
    __fpl_fnaninf                            0x0800b2e7   Thumb Code   140  fnaninf.o(x$fpl$fnaninf)
    _fp_init                                 0x0800b373   Thumb Code    10  fpinit.o(x$fpl$fpinit)
    __fplib_config_fpu_vfp                   0x0800b37b   Thumb Code     0  fpinit.o(x$fpl$fpinit)
    __fplib_config_pureend_doubles           0x0800b37b   Thumb Code     0  fpinit.o(x$fpl$fpinit)
    __fpl_fretinf                            0x0800b37d   Thumb Code    10  fretinf.o(x$fpl$fretinf)
    _printf_fp_dec                           0x0800b387   Thumb Code     4  printf1.o(x$fpl$printf1)
    _printf_fp_hex                           0x0800b38b   Thumb Code     4  printf2.o(x$fpl$printf2)
    __I$use$fp                               0x0800b38e   Number         0  usenofp.o(x$fpl$usenofp)
    EncoderAPB1TIMs                          0x0800b3b8   Data          20  encoder.o(.constdata)
    EncoderAHBPorts                          0x0800b3cc   Data          20  encoder.o(.constdata)
    EncoderPinsources                        0x0800b3e0   Data          20  encoder.o(.constdata)
    EncoderAFTIMs                            0x0800b3f4   Data          10  encoder.o(.constdata)
    EncoderPins                              0x0800b3fe   Data          20  encoder.o(.constdata)
    SwitchAHBPorts                           0x0800b414   Data          16  switch.o(.constdata)
    SwitchPins                               0x0800b424   Data           8  switch.o(.constdata)
    SwitchEXTIPorts                          0x0800b42c   Data           4  switch.o(.constdata)
    SwitchEXTIPinsources                     0x0800b430   Data           4  switch.o(.constdata)
    SwitchEXTILines                          0x0800b434   Data          16  switch.o(.constdata)
    SwitchNVICPins                           0x0800b444   Data           4  switch.o(.constdata)
    mti_flag                                 0x0800b448   Data           4  mti.o(.constdata)
    Region$$Table$$Base                      0x0800b6ac   Number         0  anon$$obj.o(Region$$Table)
    Region$$Table$$Limit                     0x0800b6cc   Number         0  anon$$obj.o(Region$$Table)
    __ctype                                  0x0800b6f5   Data           0  lc_ctype_c.o(locale$$data)
    gps_dest_x                               0x20000000   Data           4  automove.o(.data)
    gps_dest_y                               0x20000004   Data           4  automove.o(.data)
    gps_dest_rad                             0x20000008   Data           4  automove.o(.data)
    gps_x                                    0x2000000c   Data           4  automove.o(.data)
    gps_y                                    0x20000010   Data           4  automove.o(.data)
    gps_rad                                  0x20000014   Data           4  automove.o(.data)
    auto_flag                                0x20000020   Data           1  auto_control.o(.data)
    old_pos_x                                0x20000024   Data           4  auto_control.o(.data)
    old_pos_y                                0x20000028   Data           4  auto_control.o(.data)
    old_rad                                  0x2000002c   Data           4  auto_control.o(.data)
    dest_pos_x                               0x20000030   Data           4  auto_control.o(.data)
    dest_pos_y                               0x20000034   Data           4  auto_control.o(.data)
    dest_rad                                 0x20000038   Data           4  auto_control.o(.data)
    coord                                    0x2000003c   Data         224  auto_control.o(.data)
    auto_steps                               0x2000011c   Data          12  auto_control.o(.data)
    SystemCoreClock                          0x20000130   Data           4  system_stm32f4xx.o(.data)
    AHBPrescTable                            0x20000134   Data          16  system_stm32f4xx.o(.data)
    PWMPins                                  0x20000144   Data          10  pwm.o(.data)
    PWMPorts                                 0x20000150   Data          20  pwm.o(.data)
    g_rotary_x                               0x20000164   Data           4  encoder.o(.data)
    g_rotary_y                               0x20000168   Data           4  encoder.o(.data)
    g_rotary_fan                             0x2000016c   Data           4  encoder.o(.data)
    g_rotary_magnet                          0x20000170   Data           4  encoder.o(.data)
    g_rotary_tim8                            0x20000174   Data           4  encoder.o(.data)
    EncoderPorts                             0x20000178   Data          40  encoder.o(.data)
    EncoderTIMs                              0x200001a0   Data          20  encoder.o(.data)
    SwitchPorts                              0x200001b4   Data          16  switch.o(.data)
    fan_status                               0x200001c4   Data           1  fan.o(.data)
    fan_up_flag                              0x200001c5   Data           1  fan.o(.data)
    fan_distance                             0x200001c8   Data           4  fan.o(.data)
    fan_position                             0x200001cc   Data           4  fan.o(.data)
    brake_pins                               0x200001d0   Data           2  brake.o(.data)
    PUSHPins                                 0x200001d4   Data           8  push_rod.o(.data)
    PUSHPorts                                0x200001dc   Data          16  push_rod.o(.data)
    arg_speeds                               0x200001ec   Data           8  four_wheel.o(.data)
    su_tx_pins                               0x200001f4   Data           4  suart.o(.data)
    su_tx_ports                              0x200001f8   Data           8  suart.o(.data)
    su_rx_pins                               0x20000200   Data           4  suart.o(.data)
    su_rx_ports                              0x20000204   Data           8  suart.o(.data)
    TBUF                                     0x2000020c   Data           2  suart.o(.data)
    RBUF                                     0x2000020e   Data           2  suart.o(.data)
    TDAT                                     0x20000210   Data           2  suart.o(.data)
    RDAT                                     0x20000212   Data           2  suart.o(.data)
    TCNT                                     0x20000214   Data           2  suart.o(.data)
    RCNT                                     0x20000216   Data           2  suart.o(.data)
    TBIT                                     0x20000218   Data           2  suart.o(.data)
    RBIT                                     0x2000021a   Data           2  suart.o(.data)
    TING                                     0x2000021c   Data           2  suart.o(.data)
    RING                                     0x2000021e   Data           2  suart.o(.data)
    TEND                                     0x20000220   Data           2  suart.o(.data)
    REND                                     0x20000222   Data           2  suart.o(.data)
    mti_buffer                               0x2000022c   Data          19  mti.o(.data)
    mti_sendbuffer                           0x2000023f   Data           7  mti.o(.data)
    mti_roll                                 0x20000248   Data           4  mti.o(.data)
    mti_pitch                                0x2000024c   Data           4  mti.o(.data)
    mti_yaw                                  0x20000250   Data           4  mti.o(.data)
    mti_value_flag                           0x20000254   Data           1  mti.o(.data)
    mti_angle                                0x20000258   Data           4  mti.o(.data)
    mti_angle_old                            0x2000025c   Data           4  mti.o(.data)
    mti_angle_new                            0x20000260   Data           4  mti.o(.data)
    __stdout                                 0x200002a0   Data           4  usart.o(.data)
    PWMHighTime                              0x20000324   Data          20  pwm.o(.bss)
    PWMTotal                                 0x20000338   Data          20  pwm.o(.bss)
    cmd_buf                                  0x2000034c   Data          64  interpreter.o(.bss)
    cmd_queue                                0x2000038c   Data          16  interpreter.o(.bss)
    db_cmd_buf                               0x2000039c   Data          64  database.o(.bss)
    db_cmd_queue                             0x200003dc   Data          16  database.o(.bss)
    __libspace_start                         0x20004488   Data          96  libspace.o(.bss)
    __temporary_stack_top$libspace           0x200044e8   Data           0  libspace.o(.bss)



==============================================================================

Memory Map of the image

  Image Entry point : 0x08000189

  Load Region LR_IROM1 (Base: 0x08000000, Size: 0x0000bab0, Max: 0x00100000, ABSOLUTE, COMPRESSED[0x0000b914])

    Execution Region ER_IROM1 (Base: 0x08000000, Size: 0x0000b7f8, Max: 0x00100000, ABSOLUTE)

    Base Addr    Size         Type   Attr      Idx    E Section Name        Object

    0x08000000   0x00000188   Data   RO          929    RESET               startup_stm32f40_41xxx.o
    0x08000188   0x00000008   Code   RO         1797  * !!!main             c_w.l(__main.o)
    0x08000190   0x00000034   Code   RO         2193    !!!scatter          c_w.l(__scatter.o)
    0x080001c4   0x0000005a   Code   RO         2191    !!dczerorl2         c_w.l(__dczerorl2.o)
    0x0800021e   0x00000002   PAD
    0x08000220   0x0000001c   Code   RO         2195    !!handler_zi        c_w.l(__scatter_zi.o)
    0x0800023c   0x00000000   Code   RO         1784    .ARM.Collect$$_printf_percent$$00000000  c_w.l(_printf_percent.o)
    0x0800023c   0x00000006   Code   RO         1914    .ARM.Collect$$_printf_percent$$00000001  c_w.l(_printf_n.o)
    0x08000242   0x00000006   Code   RO         1915    .ARM.Collect$$_printf_percent$$00000002  c_w.l(_printf_p.o)
    0x08000248   0x00000006   Code   RO         1783    .ARM.Collect$$_printf_percent$$00000003  c_w.l(_printf_f.o)
    0x0800024e   0x00000006   Code   RO         1919    .ARM.Collect$$_printf_percent$$00000004  c_w.l(_printf_e.o)
    0x08000254   0x00000006   Code   RO         1920    .ARM.Collect$$_printf_percent$$00000005  c_w.l(_printf_g.o)
    0x0800025a   0x00000006   Code   RO         1921    .ARM.Collect$$_printf_percent$$00000006  c_w.l(_printf_a.o)
    0x08000260   0x0000000a   Code   RO         1926    .ARM.Collect$$_printf_percent$$00000007  c_w.l(_printf_ll.o)
    0x0800026a   0x00000006   Code   RO         1917    .ARM.Collect$$_printf_percent$$00000008  c_w.l(_printf_i.o)
    0x08000270   0x00000006   Code   RO         1782    .ARM.Collect$$_printf_percent$$00000009  c_w.l(_printf_d.o)
    0x08000276   0x00000006   Code   RO         1918    .ARM.Collect$$_printf_percent$$0000000A  c_w.l(_printf_u.o)
    0x0800027c   0x00000006   Code   RO         1916    .ARM.Collect$$_printf_percent$$0000000B  c_w.l(_printf_o.o)
    0x08000282   0x00000006   Code   RO         1781    .ARM.Collect$$_printf_percent$$0000000C  c_w.l(_printf_x.o)
    0x08000288   0x00000006   Code   RO         1923    .ARM.Collect$$_printf_percent$$0000000D  c_w.l(_printf_lli.o)
    0x0800028e   0x00000006   Code   RO         1924    .ARM.Collect$$_printf_percent$$0000000E  c_w.l(_printf_lld.o)
    0x08000294   0x00000006   Code   RO         1925    .ARM.Collect$$_printf_percent$$0000000F  c_w.l(_printf_llu.o)
    0x0800029a   0x00000006   Code   RO         1930    .ARM.Collect$$_printf_percent$$00000010  c_w.l(_printf_llo.o)
    0x080002a0   0x00000006   Code   RO         1931    .ARM.Collect$$_printf_percent$$00000011  c_w.l(_printf_llx.o)
    0x080002a6   0x0000000a   Code   RO         1927    .ARM.Collect$$_printf_percent$$00000012  c_w.l(_printf_l.o)
    0x080002b0   0x00000006   Code   RO         1913    .ARM.Collect$$_printf_percent$$00000013  c_w.l(_printf_c.o)
    0x080002b6   0x00000006   Code   RO         1780    .ARM.Collect$$_printf_percent$$00000014  c_w.l(_printf_s.o)
    0x080002bc   0x00000006   Code   RO         1928    .ARM.Collect$$_printf_percent$$00000015  c_w.l(_printf_lc.o)
    0x080002c2   0x00000006   Code   RO         1929    .ARM.Collect$$_printf_percent$$00000016  c_w.l(_printf_ls.o)
    0x080002c8   0x00000004   Code   RO         1922    .ARM.Collect$$_printf_percent$$00000017  c_w.l(_printf_percent_end.o)
    0x080002cc   0x00000002   Code   RO         2064    .ARM.Collect$$libinit$$00000000  c_w.l(libinit.o)
    0x080002ce   0x00000004   Code   RO         2065    .ARM.Collect$$libinit$$00000001  c_w.l(libinit2.o)
    0x080002d2   0x00000000   Code   RO         2068    .ARM.Collect$$libinit$$00000004  c_w.l(libinit2.o)
    0x080002d2   0x00000000   Code   RO         2071    .ARM.Collect$$libinit$$0000000A  c_w.l(libinit2.o)
    0x080002d2   0x00000000   Code   RO         2073    .ARM.Collect$$libinit$$0000000C  c_w.l(libinit2.o)
    0x080002d2   0x00000000   Code   RO         2075    .ARM.Collect$$libinit$$0000000E  c_w.l(libinit2.o)
    0x080002d2   0x00000006   Code   RO         2076    .ARM.Collect$$libinit$$0000000F  c_w.l(libinit2.o)
    0x080002d8   0x00000000   Code   RO         2078    .ARM.Collect$$libinit$$00000011  c_w.l(libinit2.o)
    0x080002d8   0x0000000c   Code   RO         2079    .ARM.Collect$$libinit$$00000012  c_w.l(libinit2.o)
    0x080002e4   0x00000000   Code   RO         2080    .ARM.Collect$$libinit$$00000013  c_w.l(libinit2.o)
    0x080002e4   0x00000000   Code   RO         2082    .ARM.Collect$$libinit$$00000015  c_w.l(libinit2.o)
    0x080002e4   0x0000000a   Code   RO         2083    .ARM.Collect$$libinit$$00000016  c_w.l(libinit2.o)
    0x080002ee   0x00000000   Code   RO         2084    .ARM.Collect$$libinit$$00000017  c_w.l(libinit2.o)
    0x080002ee   0x00000000   Code   RO         2086    .ARM.Collect$$libinit$$00000019  c_w.l(libinit2.o)
    0x080002ee   0x00000000   Code   RO         2088    .ARM.Collect$$libinit$$0000001B  c_w.l(libinit2.o)
    0x080002ee   0x00000000   Code   RO         2090    .ARM.Collect$$libinit$$0000001D  c_w.l(libinit2.o)
    0x080002ee   0x00000000   Code   RO         2092    .ARM.Collect$$libinit$$0000001F  c_w.l(libinit2.o)
    0x080002ee   0x00000000   Code   RO         2094    .ARM.Collect$$libinit$$00000021  c_w.l(libinit2.o)
    0x080002ee   0x00000000   Code   RO         2096    .ARM.Collect$$libinit$$00000023  c_w.l(libinit2.o)
    0x080002ee   0x00000000   Code   RO         2098    .ARM.Collect$$libinit$$00000025  c_w.l(libinit2.o)
    0x080002ee   0x00000000   Code   RO         2102    .ARM.Collect$$libinit$$0000002C  c_w.l(libinit2.o)
    0x080002ee   0x00000000   Code   RO         2104    .ARM.Collect$$libinit$$0000002E  c_w.l(libinit2.o)
    0x080002ee   0x00000000   Code   RO         2106    .ARM.Collect$$libinit$$00000030  c_w.l(libinit2.o)
    0x080002ee   0x00000000   Code   RO         2108    .ARM.Collect$$libinit$$00000032  c_w.l(libinit2.o)
    0x080002ee   0x00000002   Code   RO         2109    .ARM.Collect$$libinit$$00000033  c_w.l(libinit2.o)
    0x080002f0   0x00000002   Code   RO         2140    .ARM.Collect$$libshutdown$$00000000  c_w.l(libshutdown.o)
    0x080002f2   0x00000000   Code   RO         2152    .ARM.Collect$$libshutdown$$00000003  c_w.l(libshutdown2.o)
    0x080002f2   0x00000000   Code   RO         2155    .ARM.Collect$$libshutdown$$00000006  c_w.l(libshutdown2.o)
    0x080002f2   0x00000000   Code   RO         2158    .ARM.Collect$$libshutdown$$00000009  c_w.l(libshutdown2.o)
    0x080002f2   0x00000000   Code   RO         2160    .ARM.Collect$$libshutdown$$0000000B  c_w.l(libshutdown2.o)
    0x080002f2   0x00000000   Code   RO         2163    .ARM.Collect$$libshutdown$$0000000E  c_w.l(libshutdown2.o)
    0x080002f2   0x00000002   Code   RO         2164    .ARM.Collect$$libshutdown$$0000000F  c_w.l(libshutdown2.o)
    0x080002f4   0x00000000   Code   RO         1879    .ARM.Collect$$rtentry$$00000000  c_w.l(__rtentry.o)
    0x080002f4   0x00000000   Code   RO         1975    .ARM.Collect$$rtentry$$00000002  c_w.l(__rtentry2.o)
    0x080002f4   0x00000006   Code   RO         1987    .ARM.Collect$$rtentry$$00000004  c_w.l(__rtentry4.o)
    0x080002fa   0x00000000   Code   RO         1977    .ARM.Collect$$rtentry$$00000009  c_w.l(__rtentry2.o)
    0x080002fa   0x00000004   Code   RO         1978    .ARM.Collect$$rtentry$$0000000A  c_w.l(__rtentry2.o)
    0x080002fe   0x00000000   Code   RO         1980    .ARM.Collect$$rtentry$$0000000C  c_w.l(__rtentry2.o)
    0x080002fe   0x00000008   Code   RO         1981    .ARM.Collect$$rtentry$$0000000D  c_w.l(__rtentry2.o)
    0x08000306   0x00000002   Code   RO         2110    .ARM.Collect$$rtexit$$00000000  c_w.l(rtexit.o)
    0x08000308   0x00000000   Code   RO         2120    .ARM.Collect$$rtexit$$00000002  c_w.l(rtexit2.o)
    0x08000308   0x00000004   Code   RO         2121    .ARM.Collect$$rtexit$$00000003  c_w.l(rtexit2.o)
    0x0800030c   0x00000006   Code   RO         2122    .ARM.Collect$$rtexit$$00000004  c_w.l(rtexit2.o)
    0x08000312   0x00000002   PAD
    0x08000314   0x00000794   Code   RO            3    .text               automove.o
    0x08000aa8   0x000001e0   Code   RO          181    .text               auto_control.o
    0x08000c88   0x00000064   Code   RO          236    .text               main.o
    0x08000cec   0x0000071c   Code   RO          332    .text               stm32f4xx_it.o
    0x08001408   0x00000210   Code   RO          376    .text               system_stm32f4xx.o
    0x08001618   0x00000204   Code   RO          402    .text               pwm.o
    0x0800181c   0x00000340   Code   RO          434    .text               interpreter.o
    0x08001b5c   0x00000250   Code   RO          463    .text               movement.o
    0x08001dac   0x000003fc   Code   RO          504    .text               encoder.o
    0x080021a8   0x000000f8   Code   RO          531    .text               switch.o
    0x080022a0   0x00000250   Code   RO          555    .text               fan.o
    0x080024f0   0x00000088   Code   RO          609    .text               brake.o
    0x08002578   0x00000048   Code   RO          632    .text               magnet.o
    0x080025c0   0x000000c0   Code   RO          650    .text               utils.o
    0x08002680   0x00000180   Code   RO          664    .text               push_rod.o
    0x08002800   0x00000908   Code   RO          710    .text               four_wheel.o
    0x08003108   0x00000310   Code   RO          743    .text               suart.o
    0x08003418   0x0000051c   Code   RO          777    .text               database.o
    0x08003934   0x000000d8   Code   RO          821    .text               mti.o
    0x08003a0c   0x00000b90   Code   RO          852    .text               mpu6050.o
    0x0800459c   0x00000170   Code   RO          876    .text               pid.o
    0x0800470c   0x00000414   Code   RO          902    .text               usart.o
    0x08004b20   0x00000040   Code   RO          930    .text               startup_stm32f40_41xxx.o
    0x08004b60   0x00000170   Code   RO          936    .text               spi.o
    0x08004cd0   0x00000160   Code   RO          956    .text               flash.o
    0x08004e30   0x000000e0   Code   RO          976    .text               misc.o
    0x08004f10   0x000003a8   Code   RO         1219    .text               stm32f4xx_dma.o
    0x080052b8   0x00000110   Code   RO         1239    .text               stm32f4xx_exti.o
    0x080053c8   0x00000694   Code   RO         1259    .text               stm32f4xx_flash.o
    0x08005a5c   0x00000294   Code   RO         1325    .text               stm32f4xx_gpio.o
    0x08005cf0   0x00000456   Code   RO         1405    .text               stm32f4xx_i2c.o
    0x08006146   0x00000002   PAD
    0x08006148   0x00000040   Code   RO         1425    .text               stm32f4xx_iwdg.o
    0x08006188   0x0000065c   Code   RO         1488    .text               stm32f4xx_rcc.o
    0x080067e4   0x00000480   Code   RO         1593    .text               stm32f4xx_spi.o
    0x08006c64   0x00000094   Code   RO         1613    .text               stm32f4xx_syscfg.o
    0x08006cf8   0x00000ca2   Code   RO         1633    .text               stm32f4xx_tim.o
    0x0800799a   0x00000002   PAD
    0x0800799c   0x00000454   Code   RO         1653    .text               stm32f4xx_usart.o
    0x08007df0   0x000000e0   Code   RO         1693    .text               clock.o
    0x08007ed0   0x00000034   Code   RO         1727    .text               c_w.l(vsnprintf.o)
    0x08007f04   0x00000018   Code   RO         1729    .text               c_w.l(__2printf.o)
    0x08007f1c   0x00000052   Code   RO         1735    .text               c_w.l(_printf_str.o)
    0x08007f6e   0x00000002   PAD
    0x08007f70   0x00000078   Code   RO         1737    .text               c_w.l(_printf_dec.o)
    0x08007fe8   0x00000094   Code   RO         1757    .text               c_w.l(_printf_hex_int_ll_ptr.o)
    0x0800807c   0x00000188   Code   RO         1777    .text               c_w.l(__printf_flags_ss_wp.o)
    0x08008204   0x0000003c   Code   RO         1785    .text               c_w.l(__0sscanf.o)
    0x08008240   0x0000014c   Code   RO         1787    .text               c_w.l(_scanf_int.o)
    0x0800838c   0x0000003e   Code   RO         1789    .text               c_w.l(strlen.o)
    0x080083ca   0x00000064   Code   RO         1791    .text               c_w.l(rt_memcpy_w.o)
    0x0800842e   0x00000002   PAD
    0x08008430   0x00000080   Code   RO         1793    .text               c_w.l(strcmpv7m.o)
    0x080084b0   0x00000006   Code   RO         1795    .text               c_w.l(heapauxi.o)
    0x080084b6   0x00000016   Code   RO         1880    .text               c_w.l(_rserrno.o)
    0x080084cc   0x0000004e   Code   RO         1882    .text               c_w.l(_printf_pad.o)
    0x0800851a   0x00000024   Code   RO         1884    .text               c_w.l(_printf_truncate.o)
    0x0800853e   0x000000b2   Code   RO         1886    .text               c_w.l(_printf_intcommon.o)
    0x080085f0   0x00000028   Code   RO         1888    .text               c_w.l(_printf_charcount.o)
    0x08008618   0x0000041a   Code   RO         1890    .text               c_w.l(_printf_fp_dec.o)
    0x08008a32   0x00000002   PAD
    0x08008a34   0x00000030   Code   RO         1892    .text               c_w.l(_printf_char_common.o)
    0x08008a64   0x0000000a   Code   RO         1894    .text               c_w.l(_sputc.o)
    0x08008a6e   0x00000010   Code   RO         1896    .text               c_w.l(_snputc.o)
    0x08008a7e   0x0000002c   Code   RO         1898    .text               c_w.l(_printf_char.o)
    0x08008aaa   0x00000002   PAD
    0x08008aac   0x00000024   Code   RO         1900    .text               c_w.l(_printf_char_file.o)
    0x08008ad0   0x000000bc   Code   RO         1902    .text               c_w.l(_printf_wctomb.o)
    0x08008b8c   0x0000007c   Code   RO         1905    .text               c_w.l(_printf_longlong_dec.o)
    0x08008c08   0x00000070   Code   RO         1911    .text               c_w.l(_printf_oct_int_ll.o)
    0x08008c78   0x0000001c   Code   RO         1932    .text               c_w.l(_chval.o)
    0x08008c94   0x0000002c   Code   RO         1934    .text               c_w.l(scanf_char.o)
    0x08008cc0   0x00000040   Code   RO         1936    .text               c_w.l(_sgetc.o)
    0x08008d00   0x00000008   Code   RO         1992    .text               c_w.l(rt_locale_intlibspace.o)
    0x08008d08   0x00000008   Code   RO         1997    .text               c_w.l(rt_errno_addr_intlibspace.o)
    0x08008d10   0x0000008a   Code   RO         1999    .text               c_w.l(lludiv10.o)
    0x08008d9a   0x00000012   Code   RO         2001    .text               c_w.l(isspace.o)
    0x08008dac   0x000002fc   Code   RO         2003    .text               c_w.l(_printf_fp_hex.o)
    0x080090a8   0x00000080   Code   RO         2006    .text               c_w.l(_printf_fp_infnan.o)
    0x08009128   0x0000002c   Code   RO         2010    .text               c_w.l(_printf_wchar.o)
    0x08009154   0x00000374   Code   RO         2012    .text               c_w.l(_scanf.o)
    0x080094c8   0x000000dc   Code   RO         2014    .text               c_w.l(bigflt0.o)
    0x080095a4   0x00000008   Code   RO         2039    .text               c_w.l(ferror.o)
    0x080095ac   0x00000040   Code   RO         2043    .text               c_w.l(_wcrtomb.o)
    0x080095ec   0x00000008   Code   RO         2050    .text               c_w.l(libspace.o)
    0x080095f4   0x0000004a   Code   RO         2053    .text               c_w.l(sys_stackheap_outer.o)
    0x0800963e   0x00000002   PAD
    0x08009640   0x00000010   Code   RO         2055    .text               c_w.l(rt_ctype_table.o)
    0x08009650   0x0000000c   Code   RO         2057    .text               c_w.l(exit.o)
    0x0800965c   0x0000003e   Code   RO         2017    CL$$btod_d2e        c_w.l(btod.o)
    0x0800969a   0x00000046   Code   RO         2019    CL$$btod_d2e_denorm_low  c_w.l(btod.o)
    0x080096e0   0x00000060   Code   RO         2018    CL$$btod_d2e_norm_op1  c_w.l(btod.o)
    0x08009740   0x00000338   Code   RO         2027    CL$$btod_div_common  c_w.l(btod.o)
    0x08009a78   0x000000c6   Code   RO         2024    CL$$btod_e2e        c_w.l(btod.o)
    0x08009b3e   0x00000028   Code   RO         2021    CL$$btod_ediv       c_w.l(btod.o)
    0x08009b66   0x00000028   Code   RO         2020    CL$$btod_emul       c_w.l(btod.o)
    0x08009b8e   0x00000244   Code   RO         2026    CL$$btod_mult_common  c_w.l(btod.o)
    0x08009dd2   0x00000030   Code   RO         2048    i.__ARM_fpclassify  m_wm.l(fpclassify.o)
    0x08009e02   0x00000026   Code   RO         1955    i.__ARM_fpclassifyf  m_wm.l(fpclassifyf.o)
    0x08009e28   0x00000150   Code   RO         1823    i.__hardfp_cosf     m_wm.l(cosf.o)
    0x08009f78   0x00000014   Code   RO         1835    i.__hardfp_fabs     m_wm.l(fabs.o)
    0x08009f8c   0x0000060c   Code   RO         1841    i.__hardfp_powf     m_wm.l(powf.o)
    0x0800a598   0x00000190   Code   RO         1855    i.__hardfp_sinf     m_wm.l(sinf.o)
    0x0800a728   0x0000003a   Code   RO         1867    i.__hardfp_sqrtf    m_wm.l(sqrtf.o)
    0x0800a762   0x00000002   PAD
    0x0800a764   0x00000014   Code   RO         1957    i.__mathlib_flt_divzero  m_wm.l(funder.o)
    0x0800a778   0x00000006   Code   RO         1958    i.__mathlib_flt_infnan  m_wm.l(funder.o)
    0x0800a77e   0x00000006   Code   RO         1959    i.__mathlib_flt_infnan2  m_wm.l(funder.o)
    0x0800a784   0x00000010   Code   RO         1960    i.__mathlib_flt_invalid  m_wm.l(funder.o)
    0x0800a794   0x00000010   Code   RO         1961    i.__mathlib_flt_overflow  m_wm.l(funder.o)
    0x0800a7a4   0x00000010   Code   RO         1963    i.__mathlib_flt_underflow  m_wm.l(funder.o)
    0x0800a7b4   0x00000154   Code   RO         1971    i.__mathlib_rredf2  m_wm.l(rredf.o)
    0x0800a908   0x0000000e   Code   RO         1770    i._is_digit         c_w.l(__printf_wp.o)
    0x0800a916   0x00000018   Code   RO         1716    i.delay_ms          clock.o
    0x0800a92e   0x00000002   PAD
    0x0800a930   0x0000004c   Code   RO         1710    i.delay_us          clock.o
    0x0800a97c   0x0000001c   Code   RO          573    i.stop_fan          fan.o
    0x0800a998   0x00000018   Code   RO          578    i.toggle_fan        fan.o
    0x0800a9b0   0x0000002c   Code   RO         2046    locale$$code        c_w.l(lc_numeric_c.o)
    0x0800a9dc   0x0000002c   Code   RO         2113    locale$$code        c_w.l(lc_ctype_c.o)
    0x0800aa08   0x00000062   Code   RO         1799    x$fpl$d2f           fz_wm.l(d2f.o)
    0x0800aa6a   0x00000002   PAD
    0x0800aa6c   0x00000150   Code   RO         1801    x$fpl$dadd          fz_wm.l(daddsub_clz.o)
    0x0800abbc   0x000002b0   Code   RO         1808    x$fpl$ddiv          fz_wm.l(ddiv.o)
    0x0800ae6c   0x0000002e   Code   RO         1812    x$fpl$dflt          fz_wm.l(dflt_clz.o)
    0x0800ae9a   0x00000026   Code   RO         1811    x$fpl$dfltu         fz_wm.l(dflt_clz.o)
    0x0800aec0   0x00000154   Code   RO         1817    x$fpl$dmul          fz_wm.l(dmul.o)
    0x0800b014   0x0000009c   Code   RO         1938    x$fpl$dnaninf       fz_wm.l(dnaninf.o)
    0x0800b0b0   0x0000000c   Code   RO         1940    x$fpl$dretinf       fz_wm.l(dretinf.o)
    0x0800b0bc   0x000001d4   Code   RO         1803    x$fpl$dsub          fz_wm.l(daddsub_clz.o)
    0x0800b290   0x00000056   Code   RO         1819    x$fpl$f2d           fz_wm.l(f2d.o)
    0x0800b2e6   0x0000008c   Code   RO         1942    x$fpl$fnaninf       fz_wm.l(fnaninf.o)
    0x0800b372   0x0000000a   Code   RO         2117    x$fpl$fpinit        fz_wm.l(fpinit.o)
    0x0800b37c   0x0000000a   Code   RO         1944    x$fpl$fretinf       fz_wm.l(fretinf.o)
    0x0800b386   0x00000004   Code   RO         1821    x$fpl$printf1       fz_wm.l(printf1.o)
    0x0800b38a   0x00000004   Code   RO         1948    x$fpl$printf2       fz_wm.l(printf2.o)
    0x0800b38e   0x00000000   Code   RO         1954    x$fpl$usenofp       fz_wm.l(usenofp.o)
    0x0800b38e   0x00000002   PAD
    0x0800b390   0x00000028   Data   RO          404    .constdata          pwm.o
    0x0800b3b8   0x0000005a   Data   RO          505    .constdata          encoder.o
    0x0800b412   0x00000002   PAD
    0x0800b414   0x00000034   Data   RO          532    .constdata          switch.o
    0x0800b448   0x00000004   Data   RO          822    .constdata          mti.o
    0x0800b44c   0x00000028   Data   RO         1758    .constdata          c_w.l(_printf_hex_int_ll_ptr.o)
    0x0800b474   0x00000011   Data   RO         1778    .constdata          c_w.l(__printf_flags_ss_wp.o)
    0x0800b485   0x00000003   PAD
    0x0800b488   0x00000140   Data   RO         1844    .constdata          m_wm.l(powf.o)
    0x0800b5c8   0x00000008   Data   RO         1903    .constdata          c_w.l(_printf_wctomb.o)
    0x0800b5d0   0x00000020   Data   RO         1972    .constdata          m_wm.l(rredf.o)
    0x0800b5f0   0x00000026   Data   RO         2004    .constdata          c_w.l(_printf_fp_hex.o)
    0x0800b616   0x00000002   PAD
    0x0800b618   0x00000094   Data   RO         2015    .constdata          c_w.l(bigflt0.o)
    0x0800b6ac   0x00000020   Data   RO         2189    Region$$Table       anon$$obj.o
    0x0800b6cc   0x0000001c   Data   RO         2045    locale$$data        c_w.l(lc_numeric_c.o)
    0x0800b6e8   0x00000110   Data   RO         2112    locale$$data        c_w.l(lc_ctype_c.o)


    Execution Region RW_IRAM1 (Base: 0x20000000, Size: 0x000184e8, Max: 0x00020000, ABSOLUTE, COMPRESSED[0x0000011c])

    Base Addr    Size         Type   Attr      Idx    E Section Name        Object

    0x20000000   0x00000020   Data   RW            5    .data               automove.o
    0x20000020   0x00000108   Data   RW          182    .data               auto_control.o
    0x20000128   0x00000007   Data   RW          334    .data               stm32f4xx_it.o
    0x2000012f   0x00000001   PAD
    0x20000130   0x00000014   Data   RW          377    .data               system_stm32f4xx.o
    0x20000144   0x00000020   Data   RW          405    .data               pwm.o
    0x20000164   0x00000050   Data   RW          506    .data               encoder.o
    0x200001b4   0x00000010   Data   RW          533    .data               switch.o
    0x200001c4   0x0000000c   Data   RW          556    .data               fan.o
    0x200001d0   0x00000002   Data   RW          610    .data               brake.o
    0x200001d2   0x00000002   PAD
    0x200001d4   0x00000018   Data   RW          665    .data               push_rod.o
    0x200001ec   0x00000008   Data   RW          711    .data               four_wheel.o
    0x200001f4   0x00000030   Data   RW          744    .data               suart.o
    0x20000224   0x00000005   Data   RW          779    .data               database.o
    0x20000229   0x00000003   PAD
    0x2000022c   0x00000038   Data   RW          823    .data               mti.o
    0x20000264   0x0000003c   Data   RW          854    .data               mpu6050.o
    0x200002a0   0x00000004   Data   RW          903    .data               usart.o
    0x200002a4   0x00000010   Data   RW         1489    .data               stm32f4xx_rcc.o
    0x200002b4   0x00000002   Data   RW         1694    .data               clock.o
    0x200002b6   0x00000002   PAD
    0x200002b8   0x00000060   Zero   RW            4    .bss                automove.o
    0x20000318   0x0000000a   Zero   RW          333    .bss                stm32f4xx_it.o
    0x20000322   0x00000002   PAD
    0x20000324   0x00000028   Zero   RW          403    .bss                pwm.o
    0x2000034c   0x00000050   Zero   RW          435    .bss                interpreter.o
    0x2000039c   0x000040d0   Zero   RW          778    .bss                database.o
    0x2000446c   0x0000001c   Zero   RW          853    .bss                mpu6050.o
    0x20004488   0x00000060   Zero   RW         2051    .bss                c_w.l(libspace.o)
    0x200044e8   0x00010000   Zero   RW          928    HEAP                startup_stm32f40_41xxx.o
    0x200144e8   0x00004000   Zero   RW          927    STACK               startup_stm32f40_41xxx.o


==============================================================================

Image component sizes


      Code (inc. data)   RO Data    RW Data    ZI Data      Debug   Object Name

       480         82          0        264          0       3017   auto_control.o
      1940        218          0         32         96     325885   automove.o
       136          8          0          2          0       1444   brake.o
       324         20          0          2          0       1870   clock.o
      1308        224          0          5      16592       4457   database.o
      1020        122         90         80          0       3520   encoder.o
       644         82          0         12          0       3606   fan.o
       352         50          0          0          0       2031   flash.o
      2312        142          0          8          0       3694   four_wheel.o
       832         44          0          0         80       2311   interpreter.o
        72         16          0          0          0        750   magnet.o
       100         26          0          0          0     227971   main.o
       224         20          0          0          0       1805   misc.o
       592        166          0          0          0       3085   movement.o
      2960        222          0         60         28       7060   mpu6050.o
       216         30          4         56          0       1858   mti.o
       368          4          0          0          0       1564   pid.o
       384          8          0         24          0       1699   push_rod.o
       516         46         40         32         40       2590   pwm.o
       368         14          0          0          0        920   spi.o
        64         26        392          0      81920        828   startup_stm32f40_41xxx.o
       936         32          0          0          0       6281   stm32f4xx_dma.o
       272         10          0          0          0       2247   stm32f4xx_exti.o
      1684         28          0          0          0       9142   stm32f4xx_flash.o
       660         44          0          0          0       4081   stm32f4xx_gpio.o
      1110         26          0          0          0       8531   stm32f4xx_i2c.o
      1820        288          0          7         10       4505   stm32f4xx_it.o
        64          6          0          0          0       1325   stm32f4xx_iwdg.o
      1628         52          0         16          0      12864   stm32f4xx_rcc.o
      1152         36          0          0          0       6829   stm32f4xx_spi.o
       148         12          0          0          0       1837   stm32f4xx_syscfg.o
      3234         60          0          0          0      22284   stm32f4xx_tim.o
      1108         34          0          0          0       7780   stm32f4xx_usart.o
       784         68          0         48          0       4059   suart.o
       248         30         52         16          0       1977   switch.o
       528         46          0         20          0       1759   system_stm32f4xx.o
      1044         32          0          4          0       4929   usart.o
       192         10          0          0          0       1674   utils.o

    ----------------------------------------------------------------------
     31830       2384        612        696      98768     704069   Object Totals
         0          0         32          0          0          0   (incl. Generated)
         6          0          2          8          2          0   (incl. Padding)

    ----------------------------------------------------------------------

      Code (inc. data)   RO Data    RW Data    ZI Data      Debug   Library Member Name

        60          8          0          0          0         84   __0sscanf.o
        24          4          0          0          0         84   __2printf.o
        90          0          0          0          0          0   __dczerorl2.o
         8          0          0          0          0         68   __main.o
       392          4         17          0          0         92   __printf_flags_ss_wp.o
        14          0          0          0          0         68   __printf_wp.o
         0          0          0          0          0          0   __rtentry.o
        12          0          0          0          0          0   __rtentry2.o
         6          0          0          0          0          0   __rtentry4.o
        52          8          0          0          0          0   __scatter.o
        28          0          0          0          0          0   __scatter_zi.o
        28          0          0          0          0         68   _chval.o
         6          0          0          0          0          0   _printf_a.o
         6          0          0          0          0          0   _printf_c.o
        44          0          0          0          0        108   _printf_char.o
        48          6          0          0          0         96   _printf_char_common.o
        36          4          0          0          0         80   _printf_char_file.o
        40          0          0          0          0         68   _printf_charcount.o
         6          0          0          0          0          0   _printf_d.o
       120         16          0          0          0         92   _printf_dec.o
         6          0          0          0          0          0   _printf_e.o
         6          0          0          0          0          0   _printf_f.o
      1050          0          0          0          0        216   _printf_fp_dec.o
       764         10         38          0          0        100   _printf_fp_hex.o
       128         16          0          0          0         84   _printf_fp_infnan.o
         6          0          0          0          0          0   _printf_g.o
       148          4         40          0          0        160   _printf_hex_int_ll_ptr.o
         6          0          0          0          0          0   _printf_i.o
       178          0          0          0          0         88   _printf_intcommon.o
        10          0          0          0          0          0   _printf_l.o
         6          0          0          0          0          0   _printf_lc.o
        10          0          0          0          0          0   _printf_ll.o
         6          0          0          0          0          0   _printf_lld.o
         6          0          0          0          0          0   _printf_lli.o
         6          0          0          0          0          0   _printf_llo.o
         6          0          0          0          0          0   _printf_llu.o
         6          0          0          0          0          0   _printf_llx.o
       124         16          0          0          0         92   _printf_longlong_dec.o
         6          0          0          0          0          0   _printf_ls.o
         6          0          0          0          0          0   _printf_n.o
         6          0          0          0          0          0   _printf_o.o
       112          8          0          0          0        124   _printf_oct_int_ll.o
         6          0          0          0          0          0   _printf_p.o
        78          0          0          0          0        108   _printf_pad.o
         0          0          0          0          0          0   _printf_percent.o
         4          0          0          0          0          0   _printf_percent_end.o
         6          0          0          0          0          0   _printf_s.o
        82          0          0          0          0         80   _printf_str.o
        36          0          0          0          0         84   _printf_truncate.o
         6          0          0          0          0          0   _printf_u.o
        44          0          0          0          0        108   _printf_wchar.o
       188          6          8          0          0         92   _printf_wctomb.o
         6          0          0          0          0          0   _printf_x.o
        22          0          0          0          0        100   _rserrno.o
       884          6          0          0          0        100   _scanf.o
       332          0          0          0          0         96   _scanf_int.o
        64          0          0          0          0         84   _sgetc.o
        16          0          0          0          0         68   _snputc.o
        10          0          0          0          0         68   _sputc.o
        64          0          0          0          0         92   _wcrtomb.o
       220          4        148          0          0         96   bigflt0.o
      1910        128          0          0          0        672   btod.o
        12          0          0          0          0         72   exit.o
         8          0          0          0          0         68   ferror.o
         6          0          0          0          0        152   heapauxi.o
        18          0          0          0          0         76   isspace.o
        44         10        272          0          0         76   lc_ctype_c.o
        44         10         28          0          0         76   lc_numeric_c.o
         2          0          0          0          0          0   libinit.o
        34          0          0          0          0          0   libinit2.o
         2          0          0          0          0          0   libshutdown.o
         2          0          0          0          0          0   libshutdown2.o
         8          4          0          0         96         68   libspace.o
       138          0          0          0          0         80   lludiv10.o
        16          4          0          0          0         76   rt_ctype_table.o
         8          4          0          0          0         68   rt_errno_addr_intlibspace.o
         8          4          0          0          0         68   rt_locale_intlibspace.o
       100          0          0          0          0         80   rt_memcpy_w.o
         2          0          0          0          0          0   rtexit.o
        10          0          0          0          0          0   rtexit2.o
        44          8          0          0          0         84   scanf_char.o
       128          0          0          0          0         68   strcmpv7m.o
        62          0          0          0          0         76   strlen.o
        74          0          0          0          0         80   sys_stackheap_outer.o
        52          4          0          0          0         80   vsnprintf.o
        98          4          0          0          0        140   d2f.o
       804         16          0          0          0        368   daddsub_clz.o
       688        140          0          0          0        256   ddiv.o
        84          0          0          0          0        232   dflt_clz.o
       340         12          0          0          0        152   dmul.o
       156          4          0          0          0        140   dnaninf.o
        12          0          0          0          0        116   dretinf.o
        86          4          0          0          0        132   f2d.o
       140          4          0          0          0        132   fnaninf.o
        10          0          0          0          0        116   fpinit.o
        10          0          0          0          0        116   fretinf.o
         4          0          0          0          0        116   printf1.o
         4          0          0          0          0        116   printf2.o
         0          0          0          0          0          0   usenofp.o
       336         56          0          0          0        136   cosf.o
        20          0          0          0          0        124   fabs.o
        48          0          0          0          0        124   fpclassify.o
        38          0          0          0          0        116   fpclassifyf.o
        80         24          0          0          0        696   funder.o
      1548        110        320          0          0        268   powf.o
       340         24         32          0          0        160   rredf.o
       400         56          0          0          0        212   sinf.o
        58          0          0          0          0        136   sqrtf.o

    ----------------------------------------------------------------------
     13746        750        908          0         96       9072   Library Totals
        20          0          5          0          0          0   (incl. Padding)

    ----------------------------------------------------------------------

      Code (inc. data)   RO Data    RW Data    ZI Data      Debug   Library Name

      8422        296        551          0         96       4968   c_w.l
      2436        184          0          0          0       2132   fz_wm.l
      2868        270        352          0          0       1972   m_wm.l

    ----------------------------------------------------------------------
     13746        750        908          0         96       9072   Library Totals

    ----------------------------------------------------------------------

==============================================================================


      Code (inc. data)   RO Data    RW Data    ZI Data      Debug   

     45576       3134       1520        696      98864     699385   Grand Totals
     45576       3134       1520        284      98864     699385   ELF Image Totals (compressed)
     45576       3134       1520        284          0          0   ROM Totals

==============================================================================

    Total RO  Size (Code + RO Data)                47096 (  45.99kB)
    Total RW  Size (RW Data + ZI Data)             99560 (  97.23kB)
    Total ROM Size (Code + RO Data + RW Data)      47380 (  46.27kB)

==============================================================================

